###############################################################################
#                                                                             #
# IAR ELF Linker V6.10.1.52143/W32 for ARM              11/Dec/2023  09:40:33 #
# Copyright 2007-2010 IAR Systems AB.                                         #
#                                                                             #
#    Output file  =  G:\roller_v2\roller_v2\exp_ctrl_master\Project\EWARMv5_I #
#                    AP\STM3210C-EVAL\Exe\STM3210C-EVAL.out                   #
#    Map file     =  G:\roller_v2\roller_v2\exp_ctrl_master\Project\EWARMv5_I #
#                    AP\STM3210C-EVAL\List\STM3210C-EVAL.map                  #
#    Command line =  G:\roller_v2\roller_v2\exp_ctrl_master\Project\EWARMv5_I #
#                    AP\STM3210C-EVAL\Obj\api_lib.o                           #
#                    G:\roller_v2\roller_v2\exp_ctrl_master\Project\EWARMv5_I #
#                    AP\STM3210C-EVAL\Obj\api_msg.o                           #
#                    G:\roller_v2\roller_v2\exp_ctrl_master\Project\EWARMv5_I #
#                    AP\STM3210C-EVAL\Obj\autoip.o                            #
#                    G:\roller_v2\roller_v2\exp_ctrl_master\Project\EWARMv5_I #
#                    AP\STM3210C-EVAL\Obj\can_bus.o                           #
#                    G:\roller_v2\roller_v2\exp_ctrl_master\Project\EWARMv5_I #
#                    AP\STM3210C-EVAL\Obj\core_cm3.o                          #
#                    G:\roller_v2\roller_v2\exp_ctrl_master\Project\EWARMv5_I #
#                    AP\STM3210C-EVAL\Obj\data.o                              #
#                    G:\roller_v2\roller_v2\exp_ctrl_master\Project\EWARMv5_I #
#                    AP\STM3210C-EVAL\Obj\dhcp.o                              #
#                    G:\roller_v2\roller_v2\exp_ctrl_master\Project\EWARMv5_I #
#                    AP\STM3210C-EVAL\Obj\err.o G:\roller_v2\roller_v2\exp_ct #
#                    rl_master\Project\EWARMv5_IAP\STM3210C-EVAL\Obj\etharp.o #
#                     G:\roller_v2\roller_v2\exp_ctrl_master\Project\EWARMv5_ #
#                    IAP\STM3210C-EVAL\Obj\ethernetif.o                       #
#                    G:\roller_v2\roller_v2\exp_ctrl_master\Project\EWARMv5_I #
#                    AP\STM3210C-EVAL\Obj\flash.o                             #
#                    G:\roller_v2\roller_v2\exp_ctrl_master\Project\EWARMv5_I #
#                    AP\STM3210C-EVAL\Obj\fun.o G:\roller_v2\roller_v2\exp_ct #
#                    rl_master\Project\EWARMv5_IAP\STM3210C-EVAL\Obj\icmp.o   #
#                    G:\roller_v2\roller_v2\exp_ctrl_master\Project\EWARMv5_I #
#                    AP\STM3210C-EVAL\Obj\igmp.o                              #
#                    G:\roller_v2\roller_v2\exp_ctrl_master\Project\EWARMv5_I #
#                    AP\STM3210C-EVAL\Obj\inet.o                              #
#                    G:\roller_v2\roller_v2\exp_ctrl_master\Project\EWARMv5_I #
#                    AP\STM3210C-EVAL\Obj\inet_chksum.o                       #
#                    G:\roller_v2\roller_v2\exp_ctrl_master\Project\EWARMv5_I #
#                    AP\STM3210C-EVAL\Obj\init.o                              #
#                    G:\roller_v2\roller_v2\exp_ctrl_master\Project\EWARMv5_I #
#                    AP\STM3210C-EVAL\Obj\ip.o G:\roller_v2\roller_v2\exp_ctr #
#                    l_master\Project\EWARMv5_IAP\STM3210C-EVAL\Obj\ip_addr.o #
#                     G:\roller_v2\roller_v2\exp_ctrl_master\Project\EWARMv5_ #
#                    IAP\STM3210C-EVAL\Obj\ip_frag.o                          #
#                    G:\roller_v2\roller_v2\exp_ctrl_master\Project\EWARMv5_I #
#                    AP\STM3210C-EVAL\Obj\list.o                              #
#                    G:\roller_v2\roller_v2\exp_ctrl_master\Project\EWARMv5_I #
#                    AP\STM3210C-EVAL\Obj\logic_ctrl.o                        #
#                    G:\roller_v2\roller_v2\exp_ctrl_master\Project\EWARMv5_I #
#                    AP\STM3210C-EVAL\Obj\main.o                              #
#                    G:\roller_v2\roller_v2\exp_ctrl_master\Project\EWARMv5_I #
#                    AP\STM3210C-EVAL\Obj\mem.o G:\roller_v2\roller_v2\exp_ct #
#                    rl_master\Project\EWARMv5_IAP\STM3210C-EVAL\Obj\memp.o   #
#                    G:\roller_v2\roller_v2\exp_ctrl_master\Project\EWARMv5_I #
#                    AP\STM3210C-EVAL\Obj\misc.o                              #
#                    G:\roller_v2\roller_v2\exp_ctrl_master\Project\EWARMv5_I #
#                    AP\STM3210C-EVAL\Obj\netbuf.o                            #
#                    G:\roller_v2\roller_v2\exp_ctrl_master\Project\EWARMv5_I #
#                    AP\STM3210C-EVAL\Obj\netconf.o                           #
#                    G:\roller_v2\roller_v2\exp_ctrl_master\Project\EWARMv5_I #
#                    AP\STM3210C-EVAL\Obj\netdb.o                             #
#                    G:\roller_v2\roller_v2\exp_ctrl_master\Project\EWARMv5_I #
#                    AP\STM3210C-EVAL\Obj\netif.o                             #
#                    G:\roller_v2\roller_v2\exp_ctrl_master\Project\EWARMv5_I #
#                    AP\STM3210C-EVAL\Obj\netifapi.o                          #
#                    G:\roller_v2\roller_v2\exp_ctrl_master\Project\EWARMv5_I #
#                    AP\STM3210C-EVAL\Obj\pbuf.o                              #
#                    G:\roller_v2\roller_v2\exp_ctrl_master\Project\EWARMv5_I #
#                    AP\STM3210C-EVAL\Obj\raw.o G:\roller_v2\roller_v2\exp_ct #
#                    rl_master\Project\EWARMv5_IAP\STM3210C-EVAL\Obj\startup_ #
#                    stm32f10x_cl.o G:\roller_v2\roller_v2\exp_ctrl_master\Pr #
#                    oject\EWARMv5_IAP\STM3210C-EVAL\Obj\stats.o              #
#                    G:\roller_v2\roller_v2\exp_ctrl_master\Project\EWARMv5_I #
#                    AP\STM3210C-EVAL\Obj\stm32_eth.o                         #
#                    G:\roller_v2\roller_v2\exp_ctrl_master\Project\EWARMv5_I #
#                    AP\STM3210C-EVAL\Obj\stm32f107.o                         #
#                    G:\roller_v2\roller_v2\exp_ctrl_master\Project\EWARMv5_I #
#                    AP\STM3210C-EVAL\Obj\stm32f10x_adc.o                     #
#                    G:\roller_v2\roller_v2\exp_ctrl_master\Project\EWARMv5_I #
#                    AP\STM3210C-EVAL\Obj\stm32f10x_bkp.o                     #
#                    G:\roller_v2\roller_v2\exp_ctrl_master\Project\EWARMv5_I #
#                    AP\STM3210C-EVAL\Obj\stm32f10x_can.o                     #
#                    G:\roller_v2\roller_v2\exp_ctrl_master\Project\EWARMv5_I #
#                    AP\STM3210C-EVAL\Obj\stm32f10x_dma.o                     #
#                    G:\roller_v2\roller_v2\exp_ctrl_master\Project\EWARMv5_I #
#                    AP\STM3210C-EVAL\Obj\stm32f10x_exti.o                    #
#                    G:\roller_v2\roller_v2\exp_ctrl_master\Project\EWARMv5_I #
#                    AP\STM3210C-EVAL\Obj\stm32f10x_flash.o                   #
#                    G:\roller_v2\roller_v2\exp_ctrl_master\Project\EWARMv5_I #
#                    AP\STM3210C-EVAL\Obj\stm32f10x_gpio.o                    #
#                    G:\roller_v2\roller_v2\exp_ctrl_master\Project\EWARMv5_I #
#                    AP\STM3210C-EVAL\Obj\stm32f10x_i2c.o                     #
#                    G:\roller_v2\roller_v2\exp_ctrl_master\Project\EWARMv5_I #
#                    AP\STM3210C-EVAL\Obj\stm32f10x_it.o                      #
#                    G:\roller_v2\roller_v2\exp_ctrl_master\Project\EWARMv5_I #
#                    AP\STM3210C-EVAL\Obj\stm32f10x_pwr.o                     #
#                    G:\roller_v2\roller_v2\exp_ctrl_master\Project\EWARMv5_I #
#                    AP\STM3210C-EVAL\Obj\stm32f10x_rcc.o                     #
#                    G:\roller_v2\roller_v2\exp_ctrl_master\Project\EWARMv5_I #
#                    AP\STM3210C-EVAL\Obj\stm32f10x_rtc.o                     #
#                    G:\roller_v2\roller_v2\exp_ctrl_master\Project\EWARMv5_I #
#                    AP\STM3210C-EVAL\Obj\stm32f10x_spi.o                     #
#                    G:\roller_v2\roller_v2\exp_ctrl_master\Project\EWARMv5_I #
#                    AP\STM3210C-EVAL\Obj\stm32f10x_tim.o                     #
#                    G:\roller_v2\roller_v2\exp_ctrl_master\Project\EWARMv5_I #
#                    AP\STM3210C-EVAL\Obj\stm32f10x_usart.o                   #
#                    G:\roller_v2\roller_v2\exp_ctrl_master\Project\EWARMv5_I #
#                    AP\STM3210C-EVAL\Obj\sys.o G:\roller_v2\roller_v2\exp_ct #
#                    rl_master\Project\EWARMv5_IAP\STM3210C-EVAL\Obj\system_s #
#                    tm32f10x.o G:\roller_v2\roller_v2\exp_ctrl_master\Projec #
#                    t\EWARMv5_IAP\STM3210C-EVAL\Obj\tcp.o                    #
#                    G:\roller_v2\roller_v2\exp_ctrl_master\Project\EWARMv5_I #
#                    AP\STM3210C-EVAL\Obj\tcp_in.o                            #
#                    G:\roller_v2\roller_v2\exp_ctrl_master\Project\EWARMv5_I #
#                    AP\STM3210C-EVAL\Obj\tcp_out.o                           #
#                    G:\roller_v2\roller_v2\exp_ctrl_master\Project\EWARMv5_I #
#                    AP\STM3210C-EVAL\Obj\tcpip.o                             #
#                    G:\roller_v2\roller_v2\exp_ctrl_master\Project\EWARMv5_I #
#                    AP\STM3210C-EVAL\Obj\udp.o G:\roller_v2\roller_v2\exp_ct #
#                    rl_master\Project\EWARMv5_IAP\STM3210C-EVAL\Obj\udpclien #
#                    t.o -o G:\roller_v2\roller_v2\exp_ctrl_master\Project\EW #
#                    ARMv5_IAP\STM3210C-EVAL\Exe\STM3210C-EVAL.out --map      #
#                    G:\roller_v2\roller_v2\exp_ctrl_master\Project\EWARMv5_I #
#                    AP\STM3210C-EVAL\List\STM3210C-EVAL.map --config         #
#                    G:\roller_v2\roller_v2\exp_ctrl_master\Project\EWARMv5_I #
#                    AP\STM32F10x_FLASH.icf --semihosting --entry             #
#                    __iar_program_start                                      #
#                                                                             #
#                                                                             #
###############################################################################

*******************************************************************************
*** RUNTIME MODEL ATTRIBUTES
***

CppFlavor       = *
__SystemLibrary = DLib


*******************************************************************************
*** PLACEMENT SUMMARY
***

"A1":  place at 0x08010000 { ro section .intvec };
"P1":  place in [from 0x08010000 to 0x0803ffff] { ro };
"P2":  place in [from 0x20000000 to 0x2000ffff] { rw, block CSTACK, block HEAP };

  Section            Kind        Address    Size  Object
  -------            ----        -------    ----  ------
"A1":                                      0x150
  .intvec            ro code  0x08010000   0x150  startup_stm32f10x_cl.o [1]
                            - 0x08010150   0x150

"P1":                                     0x8848
  .text              ro code  0x08010150  0x1444  logic_ctrl.o [1]
  .text              ro code  0x08011594    0x70  ABImemcpy.o [4]
  .text              ro code  0x08011604   0x51c  can_bus.o [1]
  .text              ro code  0x08011b20   0x338  data.o [1]
  .text              ro code  0x08011e58    0x7a  list.o [1]
  .text              ro code  0x08011ed2     0xc  tcp_out.o [1]
  .text              ro code  0x08011ede    0x2e  copy_init3.o [4]
  .text              ro code  0x08011f0c   0x3f2  stm32f10x_can.o [1]
  .text              ro code  0x080122fe    0x22  zero_init3.o [4]
  .text              ro code  0x08012320   0x92c  fun.o [1]
  .text              ro code  0x08012c4c     0x6  ABImemclr4.o [4]
  .text              ro code  0x08012c54   0x170  stm32f10x_rcc.o [1]
  .text              ro code  0x08012dc4   0x110  stm32f10x_flash.o [1]
  .text              ro code  0x08012ed4    0x38  ABImemset48.o [4]
  .text              ro code  0x08012f0c   0xd58  tcp_in.o [1]
  .text              ro code  0x08013c64    0x26  inet.o [1]
  .text              ro code  0x08013c8a   0x40a  pbuf.o [1]
  .text              ro code  0x08014094    0x48  ip_addr.o [1]
  .text              ro code  0x080140dc   0x6e0  tcp.o [1]
  .text              ro code  0x080147bc    0xac  memp.o [1]
  .text              ro code  0x08014868   0x92a  tcp_out.o [1]
  .text              ro code  0x08015194   0x214  mem.o [1]
  .text              ro code  0x080153a8    0x14  udp.o [1]
  .text              ro code  0x080153bc   0x2e2  ip.o [1]
  .text              ro code  0x080156a0    0x66  ABImemset.o [4]
  .text              ro code  0x08015708   0x11e  netif.o [1]
  .text              ro code  0x08015828   0x544  ip_frag.o [1]
  .text              ro code  0x08015d6c    0x7c  raw.o [1]
  .text              ro code  0x08015de8   0x384  udp.o [1]
  .text              ro code  0x0801616c   0x1a8  icmp.o [1]
  .text              ro code  0x08016314   0x728  etharp.o [1]
  .text              ro code  0x08016a3c    0x9c  inet_chksum.o [1]
  .text              ro code  0x08016ad8   0x5da  stm32f107.o [1]
  .text              ro code  0x080170b4    0xd2  stm32f10x_usart.o [1]
  .text              ro code  0x08017188   0x130  stm32f10x_gpio.o [1]
  .text              ro code  0x080172b8   0x21c  stm32f10x_tim.o [1]
  .text              ro code  0x080174d4   0x118  system_stm32f10x.o [1]
  .text              ro code  0x080175ec     0xc  stm32f10x_pwr.o [1]
  .text              ro code  0x080175f8   0x5ae  stm32_eth.o [1]
  .text              ro code  0x08017ba8    0x94  misc.o [1]
  .text              ro code  0x08017c3c   0x3c8  flash.o [1]
  .text              ro code  0x08018004   0x24c  ethernetif.o [1]
  .text              ro code  0x08018250   0x234  main.o [1]
  .text              ro code  0x08018484    0xc8  netconf.o [1]
  .text              ro code  0x0801854c   0x1e8  udpclient.o [1]
  .text              ro code  0x08018734    0x68  stm32f10x_it.o [1]
  .text              ro code  0x0801879c    0x2c  data_init3.o [4]
  .iar.init_table    const    0x080187c8    0x24  - Linker created -
  .text              ro code  0x080187ec    0x16  cmain.o [4]
  .text              ro code  0x08018802     0x4  low_level_init.o [3]
  .text              ro code  0x08018806     0x8  exit.o [3]
  .text              ro code  0x08018810     0xa  cexit.o [4]
  .text              ro code  0x0801881c    0x14  exit.o [5]
  .text              ro code  0x08018830     0xc  cstartup_M.o [4]
  .text              ro code  0x0801883c     0x4  startup_stm32f10x_cl.o [1]
  .text              ro code  0x08018840     0x4  startup_stm32f10x_cl.o [1]
  .text              ro code  0x08018844     0x4  startup_stm32f10x_cl.o [1]
  .text              ro code  0x08018848     0x4  startup_stm32f10x_cl.o [1]
  .text              ro code  0x0801884c     0x4  startup_stm32f10x_cl.o [1]
  .text              ro code  0x08018850     0x4  startup_stm32f10x_cl.o [1]
  .text              ro code  0x08018854     0x4  startup_stm32f10x_cl.o [1]
  .text              ro code  0x08018858     0x4  startup_stm32f10x_cl.o [1]
  .text              ro code  0x0801885c     0x4  startup_stm32f10x_cl.o [1]
  .text              ro code  0x08018860     0x4  startup_stm32f10x_cl.o [1]
  .text              ro code  0x08018864     0x4  startup_stm32f10x_cl.o [1]
  .text              ro code  0x08018868     0x4  startup_stm32f10x_cl.o [1]
  .text              ro code  0x0801886c     0x4  startup_stm32f10x_cl.o [1]
  .text              ro code  0x08018870     0x4  startup_stm32f10x_cl.o [1]
  .text              ro code  0x08018874     0x4  startup_stm32f10x_cl.o [1]
  .text              ro code  0x08018878     0x4  startup_stm32f10x_cl.o [1]
  .text              ro code  0x0801887c     0x4  startup_stm32f10x_cl.o [1]
  .text              ro code  0x08018880     0x4  startup_stm32f10x_cl.o [1]
  .text              ro code  0x08018884     0x4  startup_stm32f10x_cl.o [1]
  .text              ro code  0x08018888     0x4  startup_stm32f10x_cl.o [1]
  .text              ro code  0x0801888c     0x4  startup_stm32f10x_cl.o [1]
  .text              ro code  0x08018890     0x4  startup_stm32f10x_cl.o [1]
  .text              ro code  0x08018894     0x4  startup_stm32f10x_cl.o [1]
  .text              ro code  0x08018898     0x4  startup_stm32f10x_cl.o [1]
  .text              ro code  0x0801889c     0x4  startup_stm32f10x_cl.o [1]
  .text              ro code  0x080188a0     0x4  startup_stm32f10x_cl.o [1]
  .text              ro code  0x080188a4     0x4  startup_stm32f10x_cl.o [1]
  .text              ro code  0x080188a8     0x4  startup_stm32f10x_cl.o [1]
  .text              ro code  0x080188ac     0x4  startup_stm32f10x_cl.o [1]
  .text              ro code  0x080188b0     0x4  startup_stm32f10x_cl.o [1]
  .text              ro code  0x080188b4     0x4  startup_stm32f10x_cl.o [1]
  .text              ro code  0x080188b8     0x4  startup_stm32f10x_cl.o [1]
  .text              ro code  0x080188bc     0x4  startup_stm32f10x_cl.o [1]
  .text              ro code  0x080188c0     0x4  startup_stm32f10x_cl.o [1]
  .text              ro code  0x080188c4     0x4  startup_stm32f10x_cl.o [1]
  .text              ro code  0x080188c8     0x4  startup_stm32f10x_cl.o [1]
  .text              ro code  0x080188cc     0x4  startup_stm32f10x_cl.o [1]
  .text              ro code  0x080188d0     0x4  startup_stm32f10x_cl.o [1]
  .text              ro code  0x080188d4     0x4  startup_stm32f10x_cl.o [1]
  .text              ro code  0x080188d8     0x4  startup_stm32f10x_cl.o [1]
  .text              ro code  0x080188dc     0x4  startup_stm32f10x_cl.o [1]
  .text              ro code  0x080188e0     0x4  startup_stm32f10x_cl.o [1]
  .text              ro code  0x080188e4     0x4  startup_stm32f10x_cl.o [1]
  .text              ro code  0x080188e8     0x4  startup_stm32f10x_cl.o [1]
  .text              ro code  0x080188ec     0x4  startup_stm32f10x_cl.o [1]
  .text              ro code  0x080188f0     0x4  startup_stm32f10x_cl.o [1]
  .text              ro code  0x080188f4     0x4  startup_stm32f10x_cl.o [1]
  .text              ro code  0x080188f8     0x4  startup_stm32f10x_cl.o [1]
  .text              ro code  0x080188fc     0x4  startup_stm32f10x_cl.o [1]
  .text              ro code  0x08018900     0x4  startup_stm32f10x_cl.o [1]
  .text              ro code  0x08018904     0x4  startup_stm32f10x_cl.o [1]
  .text              ro code  0x08018908     0x4  startup_stm32f10x_cl.o [1]
  .text              ro code  0x0801890c     0x4  startup_stm32f10x_cl.o [1]
  .text              ro code  0x08018910     0x4  startup_stm32f10x_cl.o [1]
  .text              ro code  0x08018914     0x4  startup_stm32f10x_cl.o [1]
  .text              ro code  0x08018918     0x4  startup_stm32f10x_cl.o [1]
  .text              ro code  0x0801891c     0x4  startup_stm32f10x_cl.o [1]
  .text              ro code  0x08018920     0x4  startup_stm32f10x_cl.o [1]
  .text              ro code  0x08018924     0x4  startup_stm32f10x_cl.o [1]
  .text              ro code  0x08018928     0x4  startup_stm32f10x_cl.o [1]
  .text              ro code  0x0801892c     0x4  startup_stm32f10x_cl.o [1]
  .text              ro code  0x08018930     0x4  startup_stm32f10x_cl.o [1]
  .text              ro code  0x08018934     0x4  startup_stm32f10x_cl.o [1]
  .text              ro code  0x08018938     0x4  startup_stm32f10x_cl.o [1]
  .text              ro code  0x0801893c     0x4  startup_stm32f10x_cl.o [1]
  .text              ro code  0x08018940     0x4  startup_stm32f10x_cl.o [1]
  .text              ro code  0x08018944     0x4  startup_stm32f10x_cl.o [1]
  .text              ro code  0x08018948     0x4  startup_stm32f10x_cl.o [1]
  .text              ro code  0x0801894c     0x4  startup_stm32f10x_cl.o [1]
  .text              ro code  0x08018950     0x4  startup_stm32f10x_cl.o [1]
  Initializer bytes  ro data  0x08018954    0x44  <for P2 s0>
                            - 0x08018998  0x8848

"P2", part 1 of 3:                          0x44
  P2 s0                       0x20000000    0x44  <Init block>
    .data            inited   0x20000000    0x20  tcp.o [1]
    .data            inited   0x20000020    0x14  stm32f10x_rcc.o [1]
    .data            inited   0x20000034    0x10  main.o [1]
                            - 0x20000044    0x44

"P2", part 2 of 3:                        0xe15c
  .bss               zero     0x20000044  0x28e4  memp.o [1]
  .bss               zero     0x20002928  0x28a0  data.o [1]
  .bss               zero     0x200051c8  0x2580  data.o [1]
  .bss               zero     0x20007748  0x2408  ethernetif.o [1]
  .bss               zero     0x20009b50  0x1024  mem.o [1]
  .bss               zero     0x2000ab74   0xb00  data.o [1]
  .bss               zero     0x2000b674   0xb00  data.o [1]
  .bss               zero     0x2000c174   0x7e8  udpclient.o [1]
  .bss               zero     0x2000c95c   0x5e0  ip_frag.o [1]
  .bss               zero     0x2000cf3c   0x3e8  fun.o [1]
  .bss               zero     0x2000d324   0x2c8  can_bus.o [1]
  .bss               zero     0x2000d5ec   0x1f4  logic_ctrl.o [1]
  .bss               zero     0x2000d7e0   0x190  logic_ctrl.o [1]
  .bss               zero     0x2000d970   0x190  logic_ctrl.o [1]
  .bss               zero     0x2000db00   0x190  logic_ctrl.o [1]
  .bss               zero     0x2000dc90   0x134  can_bus.o [1]
  .bss               zero     0x2000ddc4    0xc8  etharp.o [1]
  .bss               zero     0x2000de8c    0xc8  fun.o [1]
  .bss               zero     0x2000df54    0xc0  data.o [1]
  .bss               zero     0x2000e014    0x66  can_bus.o [1]
  .bss               zero     0x2000e07a     0x6  fun.o [1]
  .bss               zero     0x2000e080    0x36  can_bus.o [1]
  .bss               zero     0x2000e0b6     0x2  fun.o [1]
  .bss               zero     0x2000e0b8    0x34  tcp_in.o [1]
  .bss               zero     0x2000e0ec    0x30  netconf.o [1]
  .bss               zero     0x2000e11c    0x18  list.o [1]
  .bss               zero     0x2000e134     0xc  fun.o [1]
  .bss               zero     0x2000e140     0xc  fun.o [1]
  .bss               zero     0x2000e14c     0xc  netif.o [1]
  .bss               zero     0x2000e158     0x8  ip.o [1]
  .bss               zero     0x2000e160     0x8  ip_frag.o [1]
  .bss               zero     0x2000e168     0x8  main.o [1]
  .bss               zero     0x2000e170     0x8  netconf.o [1]
  .bss               zero     0x2000e178     0x8  stm32_eth.o [1]
  .bss               zero     0x2000e180     0x8  stm32_eth.o [1]
  .bss               zero     0x2000e188     0x4  raw.o [1]
  .bss               zero     0x2000e18c     0x4  stm32f107.o [1]
  .bss               zero     0x2000e190     0x4  udp.o [1]
  .bss               zero     0x2000e194     0x2  ip.o [1]
  .bss               zero     0x2000e196     0x1  etharp.o [1]
  .bss               zero     0x2000e197     0x1  main.o [1]
  .bss               zero     0x2000e198     0x1  tcp.o [1]
                            - 0x2000e199  0xe155

"P2", part 3 of 3:                        0x1000
  CSTACK                      0x2000e1a0  0x1000  <Block>
    CSTACK           uninit   0x2000e1a0  0x1000  <Block tail>
                            - 0x2000f1a0  0x1000


*******************************************************************************
*** INIT TABLE
***

          Address     Size
          -------     ----
Zero (__iar_zero_init3)
    1 destination range, total size 0xe155:
          0x20000044  0xe155

Copy (__iar_copy_init3)
    1 source range, total size 0x44:
          0x08018954    0x44
    1 destination range, total size 0x44:
          0x20000000    0x44


*******************************************************************************
*** MODULE SUMMARY
***

    Module                  ro code  ro data  rw data
    ------                  -------  -------  -------
G:\roller_v2\roller_v2\exp_ctrl_master\Project\EWARMv5_IAP\STM3210C-EVAL\Obj: [1]
    can_bus.o                 1 308             1 176
    data.o                      824            25 824
    etharp.o                  1 832               201
    ethernetif.o                588             9 224
    flash.o                     968
    fun.o                     2 348             1 232
    icmp.o                      424
    inet.o                       38
    inet_chksum.o               156
    ip.o                        738                10
    ip_addr.o                    72
    ip_frag.o                 1 348             1 512
    list.o                      122                24
    logic_ctrl.o              5 188             1 700
    main.o                      564       16       25
    mem.o                       532             4 132
    memp.o                      172            10 468
    misc.o                      148
    netconf.o                   200                56
    netif.o                     286                12
    pbuf.o                    1 034
    raw.o                       124                 4
    startup_stm32f10x_cl.o      616
    stm32_eth.o               1 454                16
    stm32f107.o               1 498                 4
    stm32f10x_can.o           1 010
    stm32f10x_flash.o           272
    stm32f10x_gpio.o            304
    stm32f10x_it.o              104
    stm32f10x_pwr.o              12
    stm32f10x_rcc.o             368       20       20
    stm32f10x_tim.o             540
    stm32f10x_usart.o           210
    system_stm32f10x.o          280
    tcp.o                     1 760       32       33
    tcp_in.o                  3 416                52
    tcp_out.o                 2 358
    udp.o                       920                 4
    udpclient.o                 488             2 024
    -------------------------------------------------
    Total:                   34 624       68   57 753

command line: [2]
    -------------------------------------------------
    Total:

dl7M_tlf.a: [3]
    exit.o                        8
    low_level_init.o              4
    -------------------------------------------------
    Total:                       12

rt7M_tl.a: [4]
    ABImemclr4.o                  6
    ABImemcpy.o                 112
    ABImemset.o                 102
    ABImemset48.o                56
    cexit.o                      10
    cmain.o                      22
    copy_init3.o                 46
    cstartup_M.o                 12
    data_init3.o                 44
    zero_init3.o                 34
    -------------------------------------------------
    Total:                      444

shb_l.a: [5]
    exit.o                       20
    -------------------------------------------------
    Total:                       20

    Gaps                         20
    Linker created                        36    4 096
-----------------------------------------------------
    Grand Total:             35 120      104   61 849


*******************************************************************************
*** ENTRY LIST
***

Entry                      Address    Size  Type      Object
-----                      -------    ----  ----      ------
?main                   0x080187ed          Code  Gb  cmain.o [4]
ADC1_2_IRQHandler       0x080188a9          Code  Wk  startup_stm32f10x_cl.o [1]
ADCPrescTable           0x20000030     0x4  Data  Lc  stm32f10x_rcc.o [1]
APBAHBPrescTable        0x20000020    0x10  Data  Lc  stm32f10x_rcc.o [1]
ARPTimer                0x2000e174     0x4  Data  Gb  netconf.o [1]
AddCanSendData2Queue    0x08011619    0x32  Code  Gb  can_bus.o [1]
AddSendMsgToQueue       0x080123c1     0x8  Code  Gb  fun.o [1]
BusFault_Handler        0x0801873b     0x2  Code  Gb  stm32f10x_it.o [1]
CAN1_RX0_IRQHandler     0x0801876b    0x2e  Code  Gb  stm32f10x_it.o [1]
CAN1_RX1_IRQHandler     0x080188b5          Code  Wk  startup_stm32f10x_cl.o [1]
CAN1_SCE_IRQHandler     0x080188b9          Code  Wk  startup_stm32f10x_cl.o [1]
CAN1_TX_IRQHandler      0x080188ad          Code  Wk  startup_stm32f10x_cl.o [1]
CAN2_RX0_IRQHandler     0x08018945          Code  Wk  startup_stm32f10x_cl.o [1]
CAN2_RX1_IRQHandler     0x08018949          Code  Wk  startup_stm32f10x_cl.o [1]
CAN2_SCE_IRQHandler     0x0801894d          Code  Wk  startup_stm32f10x_cl.o [1]
CAN2_TX_IRQHandler      0x08018941          Code  Wk  startup_stm32f10x_cl.o [1]
CAN_ClearITPendingBit   0x0801226b    0x94  Code  Gb  stm32f10x_can.o [1]
CAN_Configuration       0x08016b61    0x80  Code  Gb  stm32f107.o [1]
CAN_DeInit              0x08011f0d    0x38  Code  Gb  stm32f10x_can.o [1]
CAN_FIFORelease         0x080121ed    0x10  Code  Gb  stm32f10x_can.o [1]
CAN_FilterInit          0x0801203d    0xb4  Code  Gb  stm32f10x_can.o [1]
CAN_ITConfig            0x0801211d    0x14  Code  Gb  stm32f10x_can.o [1]
CAN_Init                0x08011f45    0xf8  Code  Gb  stm32f10x_can.o [1]
CAN_Receive             0x080121fd    0x6e  Code  Gb  stm32f10x_can.o [1]
CAN_StructInit          0x080120f1    0x20  Code  Gb  stm32f10x_can.o [1]
CAN_Transmit            0x08012131    0xbc  Code  Gb  stm32f10x_can.o [1]
CSTACK$$Base            0x2000e1a0           --   Gb  - Linker created -
CSTACK$$Limit           0x2000f1a0           --   Gb  - Linker created -
DMA1_Channel1_IRQHandler
                        0x0801888d          Code  Wk  startup_stm32f10x_cl.o [1]
DMA1_Channel2_IRQHandler
                        0x08018891          Code  Wk  startup_stm32f10x_cl.o [1]
DMA1_Channel3_IRQHandler
                        0x08018895          Code  Wk  startup_stm32f10x_cl.o [1]
DMA1_Channel4_IRQHandler
                        0x08018899          Code  Wk  startup_stm32f10x_cl.o [1]
DMA1_Channel5_IRQHandler
                        0x0801889d          Code  Wk  startup_stm32f10x_cl.o [1]
DMA1_Channel6_IRQHandler
                        0x080188a1          Code  Wk  startup_stm32f10x_cl.o [1]
DMA1_Channel7_IRQHandler
                        0x080188a5          Code  Wk  startup_stm32f10x_cl.o [1]
DMA2_Channel1_IRQHandler
                        0x08018925          Code  Wk  startup_stm32f10x_cl.o [1]
DMA2_Channel2_IRQHandler
                        0x08018929          Code  Wk  startup_stm32f10x_cl.o [1]
DMA2_Channel3_IRQHandler
                        0x0801892d          Code  Wk  startup_stm32f10x_cl.o [1]
DMA2_Channel4_IRQHandler
                        0x08018931          Code  Wk  startup_stm32f10x_cl.o [1]
DMA2_Channel5_IRQHandler
                        0x08018935          Code  Wk  startup_stm32f10x_cl.o [1]
DMAPTPRxDescToGet       0x2000e184     0x4  Data  Gb  stm32_eth.o [1]
DMAPTPTxDescToSet       0x2000e17c     0x4  Data  Gb  stm32_eth.o [1]
DMARxDescToGet          0x2000e180     0x4  Data  Gb  stm32_eth.o [1]
DMARxDscrTab            0x20007750    0x40  Data  Gb  ethernetif.o [1]
DMATxDescToSet          0x2000e178     0x4  Data  Gb  stm32_eth.o [1]
DMATxDscrTab            0x20007790    0x20  Data  Gb  ethernetif.o [1]
DataaddPkgQueue         0x08011b33    0x30  Code  Gb  data.o [1]
DatagetmsgfromQueue     0x08011b63    0x2a  Code  Gb  data.o [1]
DatainitpkgQueue        0x08011b21    0x12  Code  Gb  data.o [1]
DebugMon_Handler        0x08018741     0x2  Code  Gb  stm32f10x_it.o [1]
ETH_DMAClearITPendingBit
                        0x08017ad3     0x8  Code  Gb  stm32_eth.o [1]
ETH_DMAITConfig         0x08017b1d    0x18  Code  Gb  stm32_eth.o [1]
ETH_DMAReceptionCmd     0x08017b03    0x1a  Code  Gb  stm32_eth.o [1]
ETH_DMARxDescChainInit  0x08017a55    0x46  Code  Gb  stm32_eth.o [1]
ETH_DMARxDescReceiveITConfig
                        0x08017aa3    0x16  Code  Gb  stm32_eth.o [1]
ETH_DMATransmissionCmd  0x08017ae9    0x1a  Code  Gb  stm32_eth.o [1]
ETH_DMATxDescChainInit  0x08017a0d    0x40  Code  Gb  stm32_eth.o [1]
ETH_DMATxDescChecksumInsertionConfig
                        0x08017a4d     0x8  Code  Gb  stm32_eth.o [1]
ETH_DeInit              0x080175f9    0x1a  Code  Gb  stm32_eth.o [1]
ETH_Delay               0x08017b89    0x1e  Code  Lc  stm32_eth.o [1]
ETH_FlushTransmitFIFO   0x08017adb     0xe  Code  Gb  stm32_eth.o [1]
ETH_GetCurrentTxBuffer  0x0801822d     0x8  Code  Gb  ethernetif.o [1]
ETH_GetDMARxDescFrameLength
                        0x08017a9b     0x8  Code  Gb  stm32_eth.o [1]
ETH_GetRxPktSize        0x080178ef    0x24  Code  Gb  stm32_eth.o [1]
ETH_GetSoftwareResetStatus
                        0x08017ac7     0xc  Code  Gb  stm32_eth.o [1]
ETH_IRQHandler          0x08018749    0x22  Code  Gb  stm32f10x_it.o [1]
ETH_Init                0x08017613   0x214  Code  Gb  stm32_eth.o [1]
ETH_MACAddressConfig    0x080179e3    0x2a  Code  Gb  stm32_eth.o [1]
ETH_MACReceptionCmd     0x080179c9    0x1a  Code  Gb  stm32_eth.o [1]
ETH_MACTransmissionCmd  0x080179af    0x1a  Code  Gb  stm32_eth.o [1]
ETH_ReadPHYRegister     0x08017913    0x4e  Code  Gb  stm32_eth.o [1]
ETH_RxPkt_ChainMode     0x08018187    0x64  Code  Gb  ethernetif.o [1]
ETH_SoftwareReset       0x08017ab9     0xe  Code  Gb  stm32_eth.o [1]
ETH_Start               0x080178cf    0x20  Code  Gb  stm32_eth.o [1]
ETH_StructInit          0x08017827    0xa8  Code  Gb  stm32_eth.o [1]
ETH_TxPkt_ChainMode     0x080181eb    0x42  Code  Gb  ethernetif.o [1]
ETH_WKUP_IRQHandler     0x0801893d          Code  Wk  startup_stm32f10x_cl.o [1]
ETH_WritePHYRegister    0x08017961    0x4e  Code  Gb  stm32_eth.o [1]
EXTI0_IRQHandler        0x08018879          Code  Wk  startup_stm32f10x_cl.o [1]
EXTI15_10_IRQHandler    0x08018901          Code  Wk  startup_stm32f10x_cl.o [1]
EXTI1_IRQHandler        0x0801887d          Code  Wk  startup_stm32f10x_cl.o [1]
EXTI2_IRQHandler        0x08018881          Code  Wk  startup_stm32f10x_cl.o [1]
EXTI3_IRQHandler        0x08018885          Code  Wk  startup_stm32f10x_cl.o [1]
EXTI4_IRQHandler        0x08018889          Code  Wk  startup_stm32f10x_cl.o [1]
EXTI9_5_IRQHandler      0x080188bd          Code  Wk  startup_stm32f10x_cl.o [1]
Encoder_Init            0x08016be1    0x86  Code  Gb  stm32f107.o [1]
EthInitStatus           0x2000e18c     0x4  Data  Gb  stm32f107.o [1]
Ethernet_Configuration  0x08016cc7    0x90  Code  Gb  stm32f107.o [1]
FLASH_ClearFlag         0x08012e55     0x6  Code  Gb  stm32f10x_flash.o [1]
FLASH_ErasePage         0x08012de5    0x3e  Code  Gb  stm32f10x_flash.o [1]
FLASH_GetStatus         0x08012e5b    0x24  Code  Gb  stm32f10x_flash.o [1]
FLASH_IRQHandler        0x08018871          Code  Wk  startup_stm32f10x_cl.o [1]
FLASH_Lock              0x08012dd7     0xe  Code  Gb  stm32f10x_flash.o [1]
FLASH_ProgramHalfWord   0x08012e23    0x32  Code  Gb  stm32f10x_flash.o [1]
FLASH_Unlock            0x08012dc5    0x12  Code  Gb  stm32f10x_flash.o [1]
FLASH_WaitForLastOperation
                        0x08012e95    0x24  Code  Gb  stm32f10x_flash.o [1]
GPIO_Configuration      0x08016d57   0x2ac  Code  Gb  stm32f107.o [1]
GPIO_ETH_MediaInterfaceConfig
                        0x080172a9     0x6  Code  Gb  stm32f10x_gpio.o [1]
GPIO_Init               0x08017189    0xa0  Code  Gb  stm32f10x_gpio.o [1]
GPIO_PinRemapConfig     0x08017251    0x58  Code  Gb  stm32f10x_gpio.o [1]
GPIO_ReadInputDataBit   0x08017229    0x10  Code  Gb  stm32f10x_gpio.o [1]
GPIO_ReadOutputDataBit  0x08017239    0x10  Code  Gb  stm32f10x_gpio.o [1]
GPIO_ResetBits          0x0801724d     0x4  Code  Gb  stm32f10x_gpio.o [1]
GPIO_SetBits            0x08017249     0x4  Code  Gb  stm32f10x_gpio.o [1]
GetSendMsgFromQueue     0x080123c9     0x6  Code  Gb  fun.o [1]
HardFault_Handler       0x08018737     0x2  Code  Gb  stm32f10x_it.o [1]
I2C1_ER_IRQHandler      0x080188e1          Code  Wk  startup_stm32f10x_cl.o [1]
I2C1_EV_IRQHandler      0x080188dd          Code  Wk  startup_stm32f10x_cl.o [1]
I2C2_ER_IRQHandler      0x080188e9          Code  Wk  startup_stm32f10x_cl.o [1]
I2C2_EV_IRQHandler      0x080188e5          Code  Wk  startup_stm32f10x_cl.o [1]
InitCanSendQueue        0x08011605    0x14  Code  Gb  can_bus.o [1]
InitSendMsgQueue        0x080123b9     0x8  Code  Gb  fun.o [1]
LocalTime               0x2000003c     0x4  Data  Gb  main.o [1]
LwIP_Init               0x08018485    0x74  Code  Gb  netconf.o [1]
LwIP_Periodic_Handle    0x080184ff    0x30  Code  Gb  netconf.o [1]
LwIP_Pkt_Handle         0x080184f9     0x6  Code  Gb  netconf.o [1]
MACaddr                 0x20007748     0x8  Data  Gb  ethernetif.o [1]
MemManage_Handler       0x08018739     0x2  Code  Gb  stm32f10x_it.o [1]
NMI_Handler             0x08018735     0x2  Code  Gb  stm32f10x_it.o [1]
NVIC_Configuration      0x08017045    0x6e  Code  Gb  stm32f107.o [1]
NVIC_Init               0x08017bb3    0x62  Code  Gb  misc.o [1]
NVIC_PriorityGroupConfig
                        0x08017ba9     0xa  Code  Gb  misc.o [1]
NVIC_SetPriority        0x08016ad9    0x1e  Code  Lc  stm32f107.o [1]
NVIC_SetVectorTable     0x08017c15     0xc  Code  Gb  misc.o [1]
NVIC_SystemReset        0x08012321    0x18  Code  Lc  fun.o [1]
OTG_FS_IRQHandler       0x08018951          Code  Wk  startup_stm32f10x_cl.o [1]
OTG_FS_WKUP_IRQHandler  0x08018909          Code  Wk  startup_stm32f10x_cl.o [1]
PVD_IRQHandler          0x08018865          Code  Wk  startup_stm32f10x_cl.o [1]
PWR_BackupAccessCmd     0x080175ed     0x6  Code  Gb  stm32f10x_pwr.o [1]
PendSV_Handler          0x08018743     0x2  Code  Gb  stm32f10x_it.o [1]
RCC_AHBPeriphClockCmd   0x08012d23    0x16  Code  Gb  stm32f10x_rcc.o [1]
RCC_AHBPeriphResetCmd   0x08012d65    0x16  Code  Gb  stm32f10x_rcc.o [1]
RCC_APB1PeriphClockCmd  0x08012d4f    0x16  Code  Gb  stm32f10x_rcc.o [1]
RCC_APB1PeriphResetCmd  0x08012d7b    0x16  Code  Gb  stm32f10x_rcc.o [1]
RCC_APB2PeriphClockCmd  0x08012d39    0x16  Code  Gb  stm32f10x_rcc.o [1]
RCC_GetClocksFreq       0x08012c55    0xce  Code  Gb  stm32f10x_rcc.o [1]
RCC_IRQHandler          0x08018875          Code  Wk  startup_stm32f10x_cl.o [1]
RCC_MCOConfig           0x08012d91     0x6  Code  Gb  stm32f10x_rcc.o [1]
RTCAlarm_IRQHandler     0x08018905          Code  Wk  startup_stm32f10x_cl.o [1]
RTC_IRQHandler          0x0801886d          Code  Wk  startup_stm32f10x_cl.o [1]
Region$$Table$$Base     0x080187c8           --   Gb  - Linker created -
Region$$Table$$Limit    0x080187ec           --   Gb  - Linker created -
Rx_Buff                 0x200077b0  0x17c0  Data  Gb  ethernetif.o [1]
SPI1_IRQHandler         0x080188ed          Code  Wk  startup_stm32f10x_cl.o [1]
SPI2_IRQHandler         0x080188f1          Code  Wk  startup_stm32f10x_cl.o [1]
SPI3_IRQHandler         0x08018911          Code  Wk  startup_stm32f10x_cl.o [1]
SVC_Handler             0x0801873f     0x2  Code  Gb  stm32f10x_it.o [1]
SetSysClockTo72         0x08017511    0xc4  Code  Lc  system_stm32f10x.o [1]
Set_MAC_Address         0x08018005    0x22  Code  Gb  ethernetif.o [1]
SysTick_Config          0x08016af7    0x2e  Code  Lc  stm32f107.o [1]
SysTick_Handler         0x08018745     0x4  Code  Gb  stm32f10x_it.o [1]
SystemInit              0x080174d5    0x3c  Code  Gb  system_stm32f10x.o [1]
System_Setup            0x08016c67    0x60  Code  Gb  stm32f107.o [1]
TAMPER_IRQHandler       0x08018869          Code  Wk  startup_stm32f10x_cl.o [1]
TCPTimer                0x2000e170     0x4  Data  Gb  netconf.o [1]
TI1_Config              0x08017409    0x30  Code  Lc  stm32f10x_tim.o [1]
TI2_Config              0x08017439    0x34  Code  Lc  stm32f10x_tim.o [1]
TI3_Config              0x0801746d    0x34  Code  Lc  stm32f10x_tim.o [1]
TI4_Config              0x080174a1    0x34  Code  Lc  stm32f10x_tim.o [1]
TIM1_BRK_IRQHandler     0x080188c1          Code  Wk  startup_stm32f10x_cl.o [1]
TIM1_CC_IRQHandler      0x080188cd          Code  Wk  startup_stm32f10x_cl.o [1]
TIM1_TRG_COM_IRQHandler
                        0x080188c9          Code  Wk  startup_stm32f10x_cl.o [1]
TIM1_UP_IRQHandler      0x080188c5          Code  Wk  startup_stm32f10x_cl.o [1]
TIM2_IRQHandler         0x080188d1          Code  Wk  startup_stm32f10x_cl.o [1]
TIM3_IRQHandler         0x080188d5          Code  Wk  startup_stm32f10x_cl.o [1]
TIM4_IRQHandler         0x080188d9          Code  Wk  startup_stm32f10x_cl.o [1]
TIM5_IRQHandler         0x0801890d          Code  Wk  startup_stm32f10x_cl.o [1]
TIM6_IRQHandler         0x0801891d          Code  Wk  startup_stm32f10x_cl.o [1]
TIM7_IRQHandler         0x08018921          Code  Wk  startup_stm32f10x_cl.o [1]
TIM_Cmd                 0x0801736f    0x18  Code  Gb  stm32f10x_tim.o [1]
TIM_EncoderInterfaceConfig
                        0x08017387    0x32  Code  Gb  stm32f10x_tim.o [1]
TIM_ICInit              0x080172f9    0x64  Code  Gb  stm32f10x_tim.o [1]
TIM_ICStructInit        0x0801735d    0x12  Code  Gb  stm32f10x_tim.o [1]
TIM_SetCounter          0x080173b9     0x4  Code  Gb  stm32f10x_tim.o [1]
TIM_SetIC1Prescaler     0x080173bd    0x12  Code  Gb  stm32f10x_tim.o [1]
TIM_SetIC2Prescaler     0x080173cf    0x14  Code  Gb  stm32f10x_tim.o [1]
TIM_SetIC3Prescaler     0x080173e3    0x12  Code  Gb  stm32f10x_tim.o [1]
TIM_SetIC4Prescaler     0x080173f5    0x14  Code  Gb  stm32f10x_tim.o [1]
TIM_TimeBaseInit        0x080172b9    0x38  Code  Gb  stm32f10x_tim.o [1]
Time_Update             0x080183bd    0x30  Code  Gb  main.o [1]
Tx_Buff                 0x20008f70   0xbe0  Data  Gb  ethernetif.o [1]
UART4_IRQHandler        0x08018915          Code  Wk  startup_stm32f10x_cl.o [1]
UART5_IRQHandler        0x08018919          Code  Wk  startup_stm32f10x_cl.o [1]
USART1_IRQHandler       0x080188f5          Code  Wk  startup_stm32f10x_cl.o [1]
USART2_IRQHandler       0x080188f9          Code  Wk  startup_stm32f10x_cl.o [1]
USART3_IRQHandler       0x080188fd          Code  Wk  startup_stm32f10x_cl.o [1]
USART_Cmd               0x08017135    0x18  Code  Gb  stm32f10x_usart.o [1]
USART_Configuration     0x08016b25    0x3c  Code  Gb  stm32f107.o [1]
USART_ITConfig          0x0801714d    0x3a  Code  Gb  stm32f10x_usart.o [1]
USART_Init              0x080170b5    0x7a  Code  Gb  stm32f10x_usart.o [1]
UsageFault_Handler      0x0801873d     0x2  Code  Gb  stm32f10x_it.o [1]
WWDG_IRQHandler         0x08018861          Code  Wk  startup_stm32f10x_cl.o [1]
__aeabi_memclr4         0x08012c4d          Code  Gb  ABImemclr4.o [4]
__aeabi_memcpy          0x08011595          Code  Gb  ABImemcpy.o [4]
__aeabi_memcpy4         0x080115af          Code  Gb  ABImemcpy.o [4]
__aeabi_memcpy8         0x080115af          Code  Gb  ABImemcpy.o [4]
__aeabi_memset          0x080156a1          Code  Gb  ABImemset.o [4]
__aeabi_memset4         0x08012ed5          Code  Gb  ABImemset48.o [4]
__aeabi_memset8         0x08012ed5          Code  Gb  ABImemset48.o [4]
__cmain                 0x080187ed          Code  Gb  cmain.o [4]
__exit                  0x0801881d    0x14  Code  Gb  exit.o [5]
__iar_Memset            0x080156a1          Code  Gb  ABImemset.o [4]
__iar_Memset4_word      0x08012edd          Code  Gb  ABImemset48.o [4]
__iar_Memset8_word      0x08012edd          Code  Gb  ABImemset48.o [4]
__iar_Memset_word       0x080156a9          Code  Gb  ABImemset.o [4]
__iar_copy_init3        0x08011edf    0x2e  Code  Gb  copy_init3.o [4]
__iar_data_init3        0x0801879d    0x2c  Code  Gb  data_init3.o [4]
__iar_program_start     0x08018831          Code  Gb  cstartup_M.o [4]
__iar_zero_init3        0x080122ff    0x22  Code  Gb  zero_init3.o [4]
__low_level_init        0x08018803     0x4  Code  Gb  low_level_init.o [3]
__vector_table          0x08010000          Data  Gb  startup_stm32f10x_cl.o [1]
_call_main              0x080187f9          Code  Gb  cmain.o [4]
_exit                   0x08018811          Code  Gb  cexit.o [4]
_main                   0x080187ff          Code  Gb  cmain.o [4]
ackno                   0x2000e0e0     0x4  Data  Lc  tcp_in.o [1]
arp_table               0x2000ddc4    0xc8  Data  Lc  etharp.o [1]
beltMoudlestate         0x20002928  0x28a0  Data  Gb  data.o [1]
buf                     0x2000c95c   0x5e0  Data  Lc  ip_frag.o [1]
canSendQueue            0x2000d324     0xc  Data  Gb  can_bus.o [1]
canSendQueueBuff        0x2000d330   0x2bc  Data  Gb  can_bus.o [1]
can_bus_frame_receive   0x0801177f   0x11c  Code  Gb  can_bus.o [1]
can_bus_send_msg        0x0801189b    0xc4  Code  Gb  can_bus.o [1]
can_bus_send_one_frame  0x0801164b    0x64  Code  Gb  can_bus.o [1]
can_recv_buff           0x2000dc98   0x12c  Data  Gb  can_bus.o [1]
can_recv_len            0x2000dc92     0x2  Data  Gb  can_bus.o [1]
can_send_frame_process  0x0801195f    0x40  Code  Gb  can_bus.o [1]
canbus_read_user_moudlepara
                        0x08011a5b    0x26  Code  Gb  can_bus.o [1]
canbus_readpara_buff    0x2000e014    0x64  Data  Gb  can_bus.o [1]
canbus_readpara_len     0x2000e078     0x2  Data  Gb  can_bus.o [1]
canbus_recv_can_msg     0x08011771     0xe  Code  Gb  can_bus.o [1]
canbus_recv_read_moudlepara
                        0x08011a81    0x28  Code  Gb  can_bus.o [1]
canbus_send_user_moudlepara
                        0x0801199f    0xbc  Code  Gb  can_bus.o [1]
canbus_src_index        0x2000e080    0x34  Data  Gb  can_bus.o [1]
cansend_framecnt_one    0x2000d7e0   0x190  Data  Gb  logic_ctrl.o [1]
cansend_framecnt_rise   0x2000db00   0x190  Data  Gb  logic_ctrl.o [1]
cansend_framecnt_two    0x2000d970   0x190  Data  Gb  logic_ctrl.o [1]
creat_udp_connect_process
                        0x0801854d    0x30  Code  Gb  udpclient.o [1]
current_header          0x2000e15c     0x4  Data  Lc  ip.o [1]
current_netif           0x2000e158     0x4  Data  Lc  ip.o [1]
data_addto_pkg_list     0x08011c1f    0xa0  Code  Gb  data.o [1]
data_config_moudle_rundir
                        0x08011d85    0xd4  Code  Gb  data.o [1]
data_find_ctrl_status   0x08011ce5    0x44  Code  Gb  data.o [1]
data_find_nearzone_direction
                        0x08011d3d    0x48  Code  Gb  data.o [1]
data_find_zone_moudlestate
                        0x08011cbf    0x26  Code  Gb  data.o [1]
data_msg_init           0x08011b8d    0x5e  Code  Gb  data.o [1]
data_pkg_list_init      0x08011beb    0x34  Code  Gb  data.o [1]
delay                   0x08012eb9    0x1c  Code  Lc  stm32f10x_flash.o [1]
enQueue                 0x08012363    0x32  Code  Gb  fun.o [1]
etharp_arp_input        0x080165df   0x114  Code  Gb  etharp.o [1]
etharp_cached_entry     0x2000e196     0x1  Data  Lc  etharp.o [1]
etharp_ip_input         0x080165b7    0x28  Code  Gb  etharp.o [1]
etharp_output           0x080166f3    0xbc  Code  Gb  etharp.o [1]
etharp_query            0x080167af   0x12a  Code  Gb  etharp.o [1]
etharp_raw              0x080168e1    0xc6  Code  Lc  etharp.o [1]
etharp_request          0x080169a7    0x28  Code  Gb  etharp.o [1]
etharp_send_ip          0x080164dd    0x34  Code  Lc  etharp.o [1]
etharp_tmr              0x08016333    0x48  Code  Gb  etharp.o [1]
ethbroadcast            0x08016a2c     0x8  Data  Gb  etharp.o [1]
ethernet_input          0x080169cf    0x5e  Code  Gb  etharp.o [1]
ethernetif_init         0x0801814d    0x3a  Code  Gb  ethernetif.o [1]
ethernetif_input        0x08018127    0x26  Code  Gb  ethernetif.o [1]
ethzero                 0x08016a34     0x8  Data  Gb  etharp.o [1]
exit                    0x08018807     0x8  Code  Gb  exit.o [3]
find_entry              0x0801637b   0x162  Code  Lc  etharp.o [1]
flags                   0x2000e0b8     0x1  Data  Lc  tcp_in.o [1]
flash_read_zone_conf    0x08017c3d   0x164  Code  Gb  flash.o [1]
flash_upload            0x08017f79    0x28  Code  Gb  flash.o [1]
flash_write_zone_conf   0x08017da1   0x1d8  Code  Gb  flash.o [1]
free_etharp_q           0x08016315    0x1e  Code  Lc  etharp.o [1]
funOnlineCtrl           0x2000e140     0xc  Data  Gb  fun.o [1]
fun_recv_beltMoudle_para
                        0x080123cf     0x4  Code  Gb  fun.o [1]
fun_struct_init         0x08012339    0x1a  Code  Gb  fun.o [1]
funrec_zoneConfig_cmd   0x080123d3   0x130  Code  Gb  fun.o [1]
funrecv_pkg_state_cmd   0x0801256d    0x4a  Code  Gb  fun.o [1]
funrecv_pkg_trans_cmd   0x08012503    0x6a  Code  Gb  fun.o [1]
funrecv_start_stop_moudle
                        0x080125b7   0x150  Code  Gb  fun.o [1]
g_SegBytes              0x2000dc94     0x2  Data  Gb  can_bus.o [1]
g_SegNum                0x2000dc91     0x1  Data  Gb  can_bus.o [1]
g_SegPolo               0x2000dc90     0x1  Data  Gb  can_bus.o [1]
get_ip_para_process     0x08018703    0x24  Code  Gb  udpclient.o [1]
htonl                   0x08013c71    0x18  Code  Gb  inet.o [1]
htons                   0x08013c65     0xa  Code  Gb  inet.o [1]
icmp_dest_unreach       0x080162a5     0x6  Code  Gb  icmp.o [1]
icmp_input              0x0801616d   0x138  Code  Gb  icmp.o [1]
icmp_send_response      0x080162af    0x66  Code  Lc  icmp.o [1]
icmp_time_exceeded      0x080162ab     0x4  Code  Gb  icmp.o [1]
inet_chksum             0x08016a83     0xc  Code  Gb  inet_chksum.o [1]
inet_chksum_pbuf        0x08016a8f    0x4a  Code  Gb  inet_chksum.o [1]
initQueue               0x08012353    0x10  Code  Gb  fun.o [1]
inseg                   0x2000e0bc    0x14  Data  Lc  tcp_in.o [1]
ip_addr_any             0x080140d8     0x4  Data  Gb  ip_addr.o [1]
ip_addr_isbroadcast     0x08014095    0x44  Code  Gb  ip_addr.o [1]
ip_frag                 0x08015c1d   0x146  Code  Gb  ip_frag.o [1]
ip_input                0x08015403   0x160  Code  Gb  ip.o [1]
ip_output               0x08015669    0x36  Code  Gb  ip.o [1]
ip_output_if            0x08015563    0xf6  Code  Gb  ip.o [1]
ip_reass                0x08015a7b   0x1a2  Code  Gb  ip_frag.o [1]
ip_reass_chain_frag_into_datagram_and_validate
                        0x08015981    0xfa  Code  Lc  ip_frag.o [1]
ip_reass_dequeue_datagram
                        0x08015965    0x1c  Code  Lc  ip_frag.o [1]
ip_reass_enqueue_new_datagram
                        0x08015911    0x54  Code  Lc  ip_frag.o [1]
ip_reass_free_complete_datagram
                        0x08015829    0x70  Code  Lc  ip_frag.o [1]
ip_reass_pbufcount      0x2000e160     0x2  Data  Lc  ip_frag.o [1]
ip_reass_remove_oldest_datagram
                        0x08015899    0x78  Code  Lc  ip_frag.o [1]
ip_route                0x080153bd    0x46  Code  Gb  ip.o [1]
iphdr                   0x2000e0d8     0x4  Data  Lc  tcp_in.o [1]
lfree                   0x20009b5c     0x4  Data  Lc  mem.o [1]
local_station           0x2000e197     0x1  Data  Gb  main.o [1]
logicAddModuleNodeQueue
                        0x0801016b    0x2e  Code  Gb  logic_ctrl.o [1]
logicDealWithModuleNodeQueue
                        0x08010199    0xda  Code  Gb  logic_ctrl.o [1]
logicModuleNodeInit     0x08010151    0x1a  Code  Gb  logic_ctrl.o [1]
logic_pkg_trans_process
                        0x08010285  0x1304  Code  Gb  logic_ctrl.o [1]
low_level_init          0x08018027    0x82  Code  Lc  ethernetif.o [1]
low_level_input         0x080180d7    0x50  Code  Lc  ethernetif.o [1]
low_level_output        0x080180a9    0x2e  Code  Lc  ethernetif.o [1]
lwip_standard_chksum    0x08016a3d    0x46  Code  Lc  inet_chksum.o [1]
mac_addr                0x2000e168     0x8  Data  Gb  main.o [1]
main                    0x0801837d    0x40  Code  Gb  main.o [1]
main_init_msg           0x080183ed    0x2e  Code  Gb  main.o [1]
main_onems_process      0x0801841b    0x40  Code  Gb  main.o [1]
mem_free                0x0801521d    0x2c  Code  Gb  mem.o [1]
mem_init                0x080151e9    0x34  Code  Gb  mem.o [1]
mem_malloc              0x08015301    0xa2  Code  Gb  mem.o [1]
mem_realloc             0x08015249    0xb8  Code  Gb  mem.o [1]
mem_sem                 0x20009b50     0x1  Data  Lc  mem.o [1]
memcpy                  0x08011ed3     0xc  Code  Gb  tcp_out.o [1]
memp_free               0x0801482b    0x12  Code  Gb  memp.o [1]
memp_init               0x080147bd    0x52  Code  Gb  memp.o [1]
memp_malloc             0x0801480f    0x1c  Code  Gb  memp.o [1]
memp_memory             0x20000068  0x28c0  Data  Lc  memp.o [1]
memp_num                0x08014854    0x14  Data  Lc  memp.o [1]
memp_sizes              0x08014840    0x14  Data  Lc  memp.o [1]
memp_tab                0x20000044    0x24  Data  Lc  memp.o [1]
memset                  0x080153a9    0x14  Code  Gb  udp.o [1]
moduleNode              0x2000d5ec   0x1f4  Data  Gb  logic_ctrl.o [1]
module_status_recv_process
                        0x080116d7    0x9a  Code  Gb  can_bus.o [1]
msgQueueBuff            0x2000de8c    0xc8  Data  Gb  fun.o [1]
msgSendQueue            0x2000e134     0xc  Data  Gb  fun.o [1]
netif                   0x2000e0ec    0x30  Data  Gb  netconf.o [1]
netif_add               0x08015709    0x42  Code  Gb  netif.o [1]
netif_default           0x2000e154     0x4  Data  Gb  netif.o [1]
netif_is_up             0x0801581d     0xa  Code  Gb  netif.o [1]
netif_list              0x2000e150     0x4  Data  Gb  netif.o [1]
netif_set_addr          0x0801574b    0x1e  Code  Gb  netif.o [1]
netif_set_default       0x080157e7     0x6  Code  Gb  netif.o [1]
netif_set_gw            0x080157cb     0xe  Code  Gb  netif.o [1]
netif_set_ipaddr        0x08015769    0x62  Code  Gb  netif.o [1]
netif_set_netmask       0x080157d9     0xe  Code  Gb  netif.o [1]
netif_set_up            0x080157f9    0x24  Code  Gb  netif.o [1]
ntohl                   0x08013c89     0x2  Code  Gb  inet.o [1]
ntohs                   0x08013c6f     0x2  Code  Gb  inet.o [1]
onems_flag              0x20000034     0x1  Data  Gb  main.o [1]
outQueue                0x08012395    0x24  Code  Gb  fun.o [1]
para_data_recv_process  0x080116af    0x28  Code  Gb  can_bus.o [1]
pbuf_alloc              0x08013c8b   0x126  Code  Gb  pbuf.o [1]
pbuf_cat                0x08013eeb    0x22  Code  Gb  pbuf.o [1]
pbuf_chain              0x08013f0d    0x10  Code  Gb  pbuf.o [1]
pbuf_clen               0x08013ecd    0x12  Code  Gb  pbuf.o [1]
pbuf_copy               0x08013f1d    0xa2  Code  Gb  pbuf.o [1]
pbuf_copy_partial       0x08013fbf    0x80  Code  Gb  pbuf.o [1]
pbuf_free               0x08013e79    0x54  Code  Gb  pbuf.o [1]
pbuf_header             0x08013e07    0x72  Code  Gb  pbuf.o [1]
pbuf_realloc            0x08013db1    0x56  Code  Gb  pbuf.o [1]
pbuf_ref                0x08013edf     0xc  Code  Gb  pbuf.o [1]
pbuf_take               0x0801403f    0x56  Code  Gb  pbuf.o [1]
pgkNodeDateItem         0x200051c8  0x23a0  Data  Gb  data.o [1]
pkgNodeListItem         0x20007568   0x1e0  Data  Gb  data.o [1]
pkg_list                0x2000e11c    0x18  Data  Gb  list.o [1]
pkgresultnode           0x2000df60    0xb4  Data  Gb  data.o [1]
pkgresultqueue          0x2000df54     0xc  Data  Gb  data.o [1]
plug_holes              0x08015195    0x54  Code  Lc  mem.o [1]
ram                     0x20009b54     0x4  Data  Lc  mem.o [1]
ram_end                 0x20009b58     0x4  Data  Lc  mem.o [1]
ram_heap                0x20009b60  0x1014  Data  Lc  mem.o [1]
raw_input               0x08015d6d    0x78  Code  Gb  raw.o [1]
raw_pcbs                0x2000e188     0x4  Data  Lc  raw.o [1]
read_mac_addrs          0x08018251    0x3a  Code  Gb  main.o [1]
reassdatagrams          0x2000e164     0x4  Data  Lc  ip_frag.o [1]
recv_data               0x2000e0e4     0x4  Data  Lc  tcp_in.o [1]
recv_flags              0x2000e0b9     0x1  Data  Lc  tcp_in.o [1]
recv_message_from_server
                        0x08012805    0x22  Code  Gb  fun.o [1]
recv_msg_check          0x08012707    0x30  Code  Gb  fun.o [1]
recv_msg_process        0x08012737    0xce  Code  Gb  fun.o [1]
scan_local_station      0x0801828b    0xbe  Code  Gb  main.o [1]
sec_flag                0x20000038     0x2  Data  Gb  main.o [1]
sec_process             0x08018349    0x34  Code  Gb  main.o [1]
sec_reg                 0x20000036     0x2  Data  Gb  main.o [1]
send_bdonline_msg       0x08012857    0x6a  Code  Gb  fun.o [1]
send_message_to_server  0x08012a49    0xc8  Code  Gb  fun.o [1]
send_msg_module_status_cmd
                        0x08012921    0x6a  Code  Gb  fun.o [1]
send_normal_relpy_msg   0x08012827    0x30  Code  Gb  fun.o [1]
send_pkg_result_msg     0x080129d7    0x72  Code  Gb  fun.o [1]
send_reply_read_para_cmd
                        0x080128c1    0x60  Code  Gb  fun.o [1]
send_reply_zoneconf_msg
                        0x0801298b    0x4c  Code  Gb  fun.o [1]
seqno                   0x2000e0dc     0x4  Data  Lc  tcp_in.o [1]
tcp_abandon             0x080141c9    0xa6  Code  Gb  tcp.o [1]
tcp_active_pcbs         0x20000010     0x4  Data  Gb  tcp.o [1]
tcp_alloc               0x08014615    0xa4  Code  Gb  tcp.o [1]
tcp_backoff             0x080147a4    0x10  Data  Gb  tcp.o [1]
tcp_bound_pcbs          0x20000008     0x4  Data  Gb  tcp.o [1]
tcp_client_list         0x2000c174   0x7e8  Data  Gb  udpclient.o [1]
tcp_close               0x080140f9    0xd0  Code  Gb  tcp.o [1]
tcp_eff_send_mss        0x08014781    0x24  Code  Gb  tcp.o [1]
tcp_enqueue             0x080148f7   0x37e  Code  Gb  tcp_out.o [1]
tcp_fasttmr             0x080144f1    0x60  Code  Gb  tcp.o [1]
tcp_input               0x08012f0d   0x336  Code  Gb  tcp_in.o [1]
tcp_input_pcb           0x2000e0e8     0x4  Data  Gb  tcp_in.o [1]
tcp_keepalive           0x080150ff    0x44  Code  Gb  tcp_out.o [1]
tcp_kill_prio           0x080145a9    0x3e  Code  Lc  tcp.o [1]
tcp_kill_timewait       0x080145e7    0x2e  Code  Lc  tcp.o [1]
tcp_listen_input        0x08013243    0xe4  Code  Lc  tcp_in.o [1]
tcp_listen_pcbs         0x2000000c     0x4  Data  Gb  tcp.o [1]
tcp_next_iss            0x0801474f     0xc  Code  Gb  tcp.o [1]
tcp_output              0x08014c75   0x27c  Code  Gb  tcp_out.o [1]
tcp_output_segment      0x08014ef1    0xbc  Code  Lc  tcp_out.o [1]
tcp_output_set_header   0x08014869    0x76  Code  Lc  tcp_out.o [1]
tcp_parseopt            0x08013bcb    0x82  Code  Lc  tcp_in.o [1]
tcp_pcb_purge           0x080146b9    0x34  Code  Gb  tcp.o [1]
tcp_pcb_remove          0x080146ed    0x62  Code  Gb  tcp.o [1]
tcp_persist_backoff     0x080147b4     0x8  Data  Gb  tcp.o [1]
tcp_process             0x08013361   0x380  Code  Lc  tcp_in.o [1]
tcp_receive             0x080136e1   0x4ea  Code  Lc  tcp_in.o [1]
tcp_recv_null           0x0801458d    0x1c  Code  Lc  tcp.o [1]
tcp_rexmit              0x080150a9    0x56  Code  Gb  tcp_out.o [1]
tcp_rexmit_rto          0x08015075    0x34  Code  Gb  tcp_out.o [1]
tcp_rst                 0x08014fb9    0xbc  Code  Gb  tcp_out.o [1]
tcp_seg_free            0x0801456b    0x22  Code  Gb  tcp.o [1]
tcp_segs_free           0x08014551    0x1a  Code  Gb  tcp.o [1]
tcp_send_ctrl           0x080148df    0x18  Code  Gb  tcp_out.o [1]
tcp_slowtmr             0x080142a5   0x24c  Code  Gb  tcp.o [1]
tcp_ticks               0x20000004     0x4  Data  Gb  tcp.o [1]
tcp_timer               0x2000e198     0x1  Data  Lc  tcp.o [1]
tcp_timewait_input      0x08013327    0x38  Code  Lc  tcp_in.o [1]
tcp_tmp_pcb             0x20000018     0x4  Data  Gb  tcp.o [1]
tcp_tmr                 0x080140dd    0x1a  Code  Gb  tcp.o [1]
tcp_tw_pcbs             0x20000014     0x4  Data  Gb  tcp.o [1]
tcp_update_rcv_ann_wnd  0x0801426f    0x36  Code  Gb  tcp.o [1]
tcp_zero_window_probe   0x08015143    0x50  Code  Gb  tcp_out.o [1]
tcphdr                  0x2000e0d4     0x4  Data  Lc  tcp_in.o [1]
tcplen                  0x2000e0d0     0x2  Data  Lc  tcp_in.o [1]
timingdelay             0x20000040     0x4  Data  Gb  main.o [1]
udp_bind                0x0801608f    0x68  Code  Gb  udp.o [1]
udp_client_process      0x080186b1    0x52  Code  Gb  udpclient.o [1]
udp_connect             0x080160f7    0x50  Code  Gb  udp.o [1]
udp_echoclient_connect  0x0801857d    0x66  Code  Gb  udpclient.o [1]
udp_input               0x08015de9   0x1a4  Code  Gb  udp.o [1]
udp_new                 0x08016151    0x1c  Code  Gb  udp.o [1]
udp_pcbs                0x2000e190     0x4  Data  Gb  udp.o [1]
udp_receive_callback    0x080185e3    0x94  Code  Gb  udpclient.o [1]
udp_recv                0x08016147     0x6  Code  Gb  udp.o [1]
udp_send                0x08015f8d     0x4  Code  Gb  udp.o [1]
udp_send_process        0x08018677    0x3a  Code  Gb  udpclient.o [1]
udp_sendto              0x08015f91    0x2a  Code  Gb  udp.o [1]
udp_sendto_if           0x08015fbb    0xd4  Code  Gb  udp.o [1]
update_arp_entry        0x08016511    0xa6  Code  Lc  etharp.o [1]
upload_motostate_buff   0x2000cf3c   0x3e8  Data  Gb  fun.o [1]
upload_moudle_state     0x08012b11    0xda  Code  Gb  fun.o [1]
upload_pkg_cnt          0x2000e07e     0x2  Data  Gb  fun.o [1]
upload_pkg_result_queue
                        0x08012beb    0x18  Code  Gb  fun.o [1]
upload_state_cnt        0x2000e0b6     0x2  Data  Gb  fun.o [1]
upload_state_flag       0x2000e07c     0x2  Data  Gb  fun.o [1]
uxListRemove            0x08011eb5    0x1e  Code  Gb  list.o [1]
vListInitialise         0x08011e59    0x1e  Code  Gb  list.o [1]
vListInitialiseItem     0x08011e77     0x6  Code  Gb  list.o [1]
vListInsert             0x08011e7d    0x38  Code  Gb  list.o [1]
vcanbus_send_askmodulestate_cmd
                        0x08011aeb    0x1a  Code  Gb  can_bus.o [1]
vcanbus_send_start_cmd  0x08011aa9    0x42  Code  Gb  can_bus.o [1]
zoneConfig              0x2000ab74   0xb00  Data  Gb  data.o [1]
zonestate_index         0x2000e07a     0x2  Data  Gb  fun.o [1]
zonetmp                 0x2000b674   0xb00  Data  Gb  data.o [1]


[1] = G:\roller_v2\roller_v2\exp_ctrl_master\Project\EWARMv5_IAP\STM3210C-EVAL\Obj
[2] = command line
[3] = dl7M_tlf.a
[4] = rt7M_tl.a
[5] = shb_l.a

  35 120 bytes of readonly  code memory
     104 bytes of readonly  data memory
  61 849 bytes of readwrite data memory

Errors: none
Warnings: none
