###############################################################################
#                                                                             #
# IAR ELF Linker V6.10.1.52143/W32 for ARM              21/Nov/2023  17:31:18 #
# Copyright 2007-2010 IAR Systems AB.                                         #
#                                                                             #
#    Output file  =  G:\roller_v2\roller_v2\exp_ctrl_drivetwo\Project\EWARMv5 #
#                    \STM3210C-EVAL\Exe\STM3210C-EVAL.out                     #
#    Map file     =  G:\roller_v2\roller_v2\exp_ctrl_drivetwo\Project\EWARMv5 #
#                    \STM3210C-EVAL\List\STM3210C-EVAL.map                    #
#    Command line =  G:\roller_v2\roller_v2\exp_ctrl_drivetwo\Project\EWARMv5 #
#                    \STM3210C-EVAL\Obj\api_lib.o                             #
#                    G:\roller_v2\roller_v2\exp_ctrl_drivetwo\Project\EWARMv5 #
#                    \STM3210C-EVAL\Obj\api_msg.o                             #
#                    G:\roller_v2\roller_v2\exp_ctrl_drivetwo\Project\EWARMv5 #
#                    \STM3210C-EVAL\Obj\autoip.o                              #
#                    G:\roller_v2\roller_v2\exp_ctrl_drivetwo\Project\EWARMv5 #
#                    \STM3210C-EVAL\Obj\can1_bus.o                            #
#                    G:\roller_v2\roller_v2\exp_ctrl_drivetwo\Project\EWARMv5 #
#                    \STM3210C-EVAL\Obj\can2_bus.o                            #
#                    G:\roller_v2\roller_v2\exp_ctrl_drivetwo\Project\EWARMv5 #
#                    \STM3210C-EVAL\Obj\core_cm3.o                            #
#                    G:\roller_v2\roller_v2\exp_ctrl_drivetwo\Project\EWARMv5 #
#                    \STM3210C-EVAL\Obj\dhcp.o G:\roller_v2\roller_v2\exp_ctr #
#                    l_drivetwo\Project\EWARMv5\STM3210C-EVAL\Obj\err.o       #
#                    G:\roller_v2\roller_v2\exp_ctrl_drivetwo\Project\EWARMv5 #
#                    \STM3210C-EVAL\Obj\etharp.o                              #
#                    G:\roller_v2\roller_v2\exp_ctrl_drivetwo\Project\EWARMv5 #
#                    \STM3210C-EVAL\Obj\ethernetif.o                          #
#                    G:\roller_v2\roller_v2\exp_ctrl_drivetwo\Project\EWARMv5 #
#                    \STM3210C-EVAL\Obj\flash.o G:\roller_v2\roller_v2\exp_ct #
#                    rl_drivetwo\Project\EWARMv5\STM3210C-EVAL\Obj\gpio.o     #
#                    G:\roller_v2\roller_v2\exp_ctrl_drivetwo\Project\EWARMv5 #
#                    \STM3210C-EVAL\Obj\icmp.o G:\roller_v2\roller_v2\exp_ctr #
#                    l_drivetwo\Project\EWARMv5\STM3210C-EVAL\Obj\igmp.o      #
#                    G:\roller_v2\roller_v2\exp_ctrl_drivetwo\Project\EWARMv5 #
#                    \STM3210C-EVAL\Obj\inet.o G:\roller_v2\roller_v2\exp_ctr #
#                    l_drivetwo\Project\EWARMv5\STM3210C-EVAL\Obj\inet_chksum #
#                    .o G:\roller_v2\roller_v2\exp_ctrl_drivetwo\Project\EWAR #
#                    Mv5\STM3210C-EVAL\Obj\init.o                             #
#                    G:\roller_v2\roller_v2\exp_ctrl_drivetwo\Project\EWARMv5 #
#                    \STM3210C-EVAL\Obj\ip.o G:\roller_v2\roller_v2\exp_ctrl_ #
#                    drivetwo\Project\EWARMv5\STM3210C-EVAL\Obj\ip_addr.o     #
#                    G:\roller_v2\roller_v2\exp_ctrl_drivetwo\Project\EWARMv5 #
#                    \STM3210C-EVAL\Obj\ip_frag.o                             #
#                    G:\roller_v2\roller_v2\exp_ctrl_drivetwo\Project\EWARMv5 #
#                    \STM3210C-EVAL\Obj\main.o G:\roller_v2\roller_v2\exp_ctr #
#                    l_drivetwo\Project\EWARMv5\STM3210C-EVAL\Obj\mem.o       #
#                    G:\roller_v2\roller_v2\exp_ctrl_drivetwo\Project\EWARMv5 #
#                    \STM3210C-EVAL\Obj\memp.o G:\roller_v2\roller_v2\exp_ctr #
#                    l_drivetwo\Project\EWARMv5\STM3210C-EVAL\Obj\misc.o      #
#                    G:\roller_v2\roller_v2\exp_ctrl_drivetwo\Project\EWARMv5 #
#                    \STM3210C-EVAL\Obj\moto.o G:\roller_v2\roller_v2\exp_ctr #
#                    l_drivetwo\Project\EWARMv5\STM3210C-EVAL\Obj\netbuf.o    #
#                    G:\roller_v2\roller_v2\exp_ctrl_drivetwo\Project\EWARMv5 #
#                    \STM3210C-EVAL\Obj\netdb.o G:\roller_v2\roller_v2\exp_ct #
#                    rl_drivetwo\Project\EWARMv5\STM3210C-EVAL\Obj\netif.o    #
#                    G:\roller_v2\roller_v2\exp_ctrl_drivetwo\Project\EWARMv5 #
#                    \STM3210C-EVAL\Obj\netifapi.o                            #
#                    G:\roller_v2\roller_v2\exp_ctrl_drivetwo\Project\EWARMv5 #
#                    \STM3210C-EVAL\Obj\pbuf.o G:\roller_v2\roller_v2\exp_ctr #
#                    l_drivetwo\Project\EWARMv5\STM3210C-EVAL\Obj\raw.o       #
#                    G:\roller_v2\roller_v2\exp_ctrl_drivetwo\Project\EWARMv5 #
#                    \STM3210C-EVAL\Obj\startup_stm32f10x_cl.o                #
#                    G:\roller_v2\roller_v2\exp_ctrl_drivetwo\Project\EWARMv5 #
#                    \STM3210C-EVAL\Obj\stats.o G:\roller_v2\roller_v2\exp_ct #
#                    rl_drivetwo\Project\EWARMv5\STM3210C-EVAL\Obj\stm32_eth. #
#                    o G:\roller_v2\roller_v2\exp_ctrl_drivetwo\Project\EWARM #
#                    v5\STM3210C-EVAL\Obj\stm32f107.o                         #
#                    G:\roller_v2\roller_v2\exp_ctrl_drivetwo\Project\EWARMv5 #
#                    \STM3210C-EVAL\Obj\stm32f10x_adc.o                       #
#                    G:\roller_v2\roller_v2\exp_ctrl_drivetwo\Project\EWARMv5 #
#                    \STM3210C-EVAL\Obj\stm32f10x_bkp.o                       #
#                    G:\roller_v2\roller_v2\exp_ctrl_drivetwo\Project\EWARMv5 #
#                    \STM3210C-EVAL\Obj\stm32f10x_can.o                       #
#                    G:\roller_v2\roller_v2\exp_ctrl_drivetwo\Project\EWARMv5 #
#                    \STM3210C-EVAL\Obj\stm32f10x_dma.o                       #
#                    G:\roller_v2\roller_v2\exp_ctrl_drivetwo\Project\EWARMv5 #
#                    \STM3210C-EVAL\Obj\stm32f10x_exti.o                      #
#                    G:\roller_v2\roller_v2\exp_ctrl_drivetwo\Project\EWARMv5 #
#                    \STM3210C-EVAL\Obj\stm32f10x_flash.o                     #
#                    G:\roller_v2\roller_v2\exp_ctrl_drivetwo\Project\EWARMv5 #
#                    \STM3210C-EVAL\Obj\stm32f10x_gpio.o                      #
#                    G:\roller_v2\roller_v2\exp_ctrl_drivetwo\Project\EWARMv5 #
#                    \STM3210C-EVAL\Obj\stm32f10x_i2c.o                       #
#                    G:\roller_v2\roller_v2\exp_ctrl_drivetwo\Project\EWARMv5 #
#                    \STM3210C-EVAL\Obj\stm32f10x_it.o                        #
#                    G:\roller_v2\roller_v2\exp_ctrl_drivetwo\Project\EWARMv5 #
#                    \STM3210C-EVAL\Obj\stm32f10x_pwr.o                       #
#                    G:\roller_v2\roller_v2\exp_ctrl_drivetwo\Project\EWARMv5 #
#                    \STM3210C-EVAL\Obj\stm32f10x_rcc.o                       #
#                    G:\roller_v2\roller_v2\exp_ctrl_drivetwo\Project\EWARMv5 #
#                    \STM3210C-EVAL\Obj\stm32f10x_rtc.o                       #
#                    G:\roller_v2\roller_v2\exp_ctrl_drivetwo\Project\EWARMv5 #
#                    \STM3210C-EVAL\Obj\stm32f10x_spi.o                       #
#                    G:\roller_v2\roller_v2\exp_ctrl_drivetwo\Project\EWARMv5 #
#                    \STM3210C-EVAL\Obj\stm32f10x_tim.o                       #
#                    G:\roller_v2\roller_v2\exp_ctrl_drivetwo\Project\EWARMv5 #
#                    \STM3210C-EVAL\Obj\stm32f10x_usart.o                     #
#                    G:\roller_v2\roller_v2\exp_ctrl_drivetwo\Project\EWARMv5 #
#                    \STM3210C-EVAL\Obj\sys.o G:\roller_v2\roller_v2\exp_ctrl #
#                    _drivetwo\Project\EWARMv5\STM3210C-EVAL\Obj\system_stm32 #
#                    f10x.o G:\roller_v2\roller_v2\exp_ctrl_drivetwo\Project\ #
#                    EWARMv5\STM3210C-EVAL\Obj\tcp.o                          #
#                    G:\roller_v2\roller_v2\exp_ctrl_drivetwo\Project\EWARMv5 #
#                    \STM3210C-EVAL\Obj\tcp_in.o                              #
#                    G:\roller_v2\roller_v2\exp_ctrl_drivetwo\Project\EWARMv5 #
#                    \STM3210C-EVAL\Obj\tcp_out.o                             #
#                    G:\roller_v2\roller_v2\exp_ctrl_drivetwo\Project\EWARMv5 #
#                    \STM3210C-EVAL\Obj\tcpip.o G:\roller_v2\roller_v2\exp_ct #
#                    rl_drivetwo\Project\EWARMv5\STM3210C-EVAL\Obj\udp.o -o   #
#                    G:\roller_v2\roller_v2\exp_ctrl_drivetwo\Project\EWARMv5 #
#                    \STM3210C-EVAL\Exe\STM3210C-EVAL.out --map               #
#                    G:\roller_v2\roller_v2\exp_ctrl_drivetwo\Project\EWARMv5 #
#                    \STM3210C-EVAL\List\STM3210C-EVAL.map --config           #
#                    G:\roller_v2\roller_v2\exp_ctrl_drivetwo\Project\EWARMv5 #
#                    \STM32F10x_FLASH.icf --semihosting --entry               #
#                    __iar_program_start                                      #
#                                                                             #
#                                                                             #
###############################################################################

*******************************************************************************
*** RUNTIME MODEL ATTRIBUTES
***

CppFlavor       = *
__SystemLibrary = DLib


*******************************************************************************
*** PLACEMENT SUMMARY
***

"A1":  place at 0x08000000 { ro section .intvec };
"P1":  place in [from 0x08000000 to 0x0803ffff] { ro };
"P2":  place in [from 0x20000000 to 0x2000ffff] { rw, block CSTACK, block HEAP };

  Section            Kind        Address    Size  Object
  -------            ----        -------    ----  ------
"A1":                                      0x150
  .intvec            ro code  0x08000000   0x150  startup_stm32f10x_cl.o [1]
                            - 0x08000150   0x150

"P1":                                     0x3db8
  .text              ro code  0x08000150   0xcec  gpio.o [1]
  .text              ro code  0x08000e3c   0x174  stm32f10x_gpio.o [1]
  .text              ro code  0x08000fb0   0x8dc  can2_bus.o [1]
  .text              ro code  0x0800188c    0x70  ABImemcpy.o [5]
  .text              ro code  0x080018fc     0xe  tcp_out.o [1]
  .text              ro code  0x0800190a    0x2e  copy_init3.o [5]
  .text              ro code  0x08001938   0x526  stm32f10x_can.o [1]
  .text              ro code  0x08001e5e    0x22  zero_init3.o [5]
  .text              ro code  0x08001e80   0x3c0  can1_bus.o [1]
  .text              ro code  0x08002240   0x828  moto.o [1]
  .text              ro code  0x08002a68     0x6  ABImemclr4.o [5]
  .text              ro code  0x08002a70   0x1c8  stm32f10x_rcc.o [1]
  .text              ro code  0x08002c38   0x1a2  stm32f10x_tim.o [1]
  .text              ro code  0x08002ddc    0x38  ABImemset48.o [5]
  .text              ro code  0x08002e14   0x5d4  stm32f107.o [1]
  .text              ro code  0x080033e8   0x198  system_stm32f10x.o [1]
  .text              ro code  0x08003580    0x98  misc.o [1]
  .text              ro code  0x08003618   0x114  stm32f10x_adc.o [1]
  .text              ro code  0x0800372c   0x370  flash.o [1]
  .text              ro code  0x08003a9c   0x174  stm32f10x_flash.o [1]
  .text              ro code  0x08003c10    0xb0  stm32f10x_it.o [1]
  .text              ro code  0x08003cc0    0x78  main.o [1]
  .text              ro code  0x08003d38    0x2c  data_init3.o [5]
  .iar.init_table    const    0x08003d64    0x24  - Linker created -
  .text              ro code  0x08003d88    0x16  cmain.o [5]
  .text              ro code  0x08003d9e     0x4  low_level_init.o [3]
  .text              ro code  0x08003da2     0x8  exit.o [3]
  .text              ro code  0x08003dac     0xa  cexit.o [5]
  .text              ro code  0x08003db8    0x14  exit.o [6]
  .text              ro code  0x08003dcc     0xc  cstartup_M.o [5]
  .text              ro code  0x08003dd8     0x4  startup_stm32f10x_cl.o [1]
  .text              ro code  0x08003ddc     0x4  startup_stm32f10x_cl.o [1]
  .text              ro code  0x08003de0     0x4  startup_stm32f10x_cl.o [1]
  .text              ro code  0x08003de4     0x4  startup_stm32f10x_cl.o [1]
  .text              ro code  0x08003de8     0x4  startup_stm32f10x_cl.o [1]
  .text              ro code  0x08003dec     0x4  startup_stm32f10x_cl.o [1]
  .text              ro code  0x08003df0     0x4  startup_stm32f10x_cl.o [1]
  .text              ro code  0x08003df4     0x4  startup_stm32f10x_cl.o [1]
  .text              ro code  0x08003df8     0x4  startup_stm32f10x_cl.o [1]
  .text              ro code  0x08003dfc     0x4  startup_stm32f10x_cl.o [1]
  .text              ro code  0x08003e00     0x4  startup_stm32f10x_cl.o [1]
  .text              ro code  0x08003e04     0x4  startup_stm32f10x_cl.o [1]
  .text              ro code  0x08003e08     0x4  startup_stm32f10x_cl.o [1]
  .text              ro code  0x08003e0c     0x4  startup_stm32f10x_cl.o [1]
  .text              ro code  0x08003e10     0x4  startup_stm32f10x_cl.o [1]
  .text              ro code  0x08003e14     0x4  startup_stm32f10x_cl.o [1]
  .text              ro code  0x08003e18     0x4  startup_stm32f10x_cl.o [1]
  .text              ro code  0x08003e1c     0x4  startup_stm32f10x_cl.o [1]
  .text              ro code  0x08003e20     0x4  startup_stm32f10x_cl.o [1]
  .text              ro code  0x08003e24     0x4  startup_stm32f10x_cl.o [1]
  .text              ro code  0x08003e28     0x4  startup_stm32f10x_cl.o [1]
  .text              ro code  0x08003e2c     0x4  startup_stm32f10x_cl.o [1]
  .text              ro code  0x08003e30     0x4  startup_stm32f10x_cl.o [1]
  .text              ro code  0x08003e34     0x4  startup_stm32f10x_cl.o [1]
  .text              ro code  0x08003e38     0x4  startup_stm32f10x_cl.o [1]
  .text              ro code  0x08003e3c     0x4  startup_stm32f10x_cl.o [1]
  .text              ro code  0x08003e40     0x4  startup_stm32f10x_cl.o [1]
  .text              ro code  0x08003e44     0x4  startup_stm32f10x_cl.o [1]
  .text              ro code  0x08003e48     0x4  startup_stm32f10x_cl.o [1]
  .text              ro code  0x08003e4c     0x4  startup_stm32f10x_cl.o [1]
  .text              ro code  0x08003e50     0x4  startup_stm32f10x_cl.o [1]
  .text              ro code  0x08003e54     0x4  startup_stm32f10x_cl.o [1]
  .text              ro code  0x08003e58     0x4  startup_stm32f10x_cl.o [1]
  .text              ro code  0x08003e5c     0x4  startup_stm32f10x_cl.o [1]
  .text              ro code  0x08003e60     0x4  startup_stm32f10x_cl.o [1]
  .text              ro code  0x08003e64     0x4  startup_stm32f10x_cl.o [1]
  .text              ro code  0x08003e68     0x4  startup_stm32f10x_cl.o [1]
  .text              ro code  0x08003e6c     0x4  startup_stm32f10x_cl.o [1]
  .text              ro code  0x08003e70     0x4  startup_stm32f10x_cl.o [1]
  .text              ro code  0x08003e74     0x4  startup_stm32f10x_cl.o [1]
  .text              ro code  0x08003e78     0x4  startup_stm32f10x_cl.o [1]
  .text              ro code  0x08003e7c     0x4  startup_stm32f10x_cl.o [1]
  .text              ro code  0x08003e80     0x4  startup_stm32f10x_cl.o [1]
  .text              ro code  0x08003e84     0x4  startup_stm32f10x_cl.o [1]
  .text              ro code  0x08003e88     0x4  startup_stm32f10x_cl.o [1]
  .text              ro code  0x08003e8c     0x4  startup_stm32f10x_cl.o [1]
  .text              ro code  0x08003e90     0x4  startup_stm32f10x_cl.o [1]
  .text              ro code  0x08003e94     0x4  startup_stm32f10x_cl.o [1]
  .text              ro code  0x08003e98     0x4  startup_stm32f10x_cl.o [1]
  .text              ro code  0x08003e9c     0x4  startup_stm32f10x_cl.o [1]
  .text              ro code  0x08003ea0     0x4  startup_stm32f10x_cl.o [1]
  .text              ro code  0x08003ea4     0x4  startup_stm32f10x_cl.o [1]
  .text              ro code  0x08003ea8     0x4  startup_stm32f10x_cl.o [1]
  .text              ro code  0x08003eac     0x4  startup_stm32f10x_cl.o [1]
  .text              ro code  0x08003eb0     0x4  startup_stm32f10x_cl.o [1]
  .text              ro code  0x08003eb4     0x4  startup_stm32f10x_cl.o [1]
  .text              ro code  0x08003eb8     0x4  startup_stm32f10x_cl.o [1]
  .text              ro code  0x08003ebc     0x4  startup_stm32f10x_cl.o [1]
  .text              ro code  0x08003ec0     0x4  startup_stm32f10x_cl.o [1]
  .text              ro code  0x08003ec4     0x4  startup_stm32f10x_cl.o [1]
  .text              ro code  0x08003ec8     0x4  startup_stm32f10x_cl.o [1]
  .text              ro code  0x08003ecc     0x4  startup_stm32f10x_cl.o [1]
  .text              ro code  0x08003ed0     0x4  startup_stm32f10x_cl.o [1]
  .text              ro code  0x08003ed4     0x4  startup_stm32f10x_cl.o [1]
  .text              ro code  0x08003ed8     0x4  startup_stm32f10x_cl.o [1]
  .text              ro code  0x08003edc     0x4  startup_stm32f10x_cl.o [1]
  .text              ro code  0x08003ee0     0x4  startup_stm32f10x_cl.o [1]
  .text              ro code  0x08003ee4     0x4  startup_stm32f10x_cl.o [1]
  .text              ro code  0x08003ee8     0x4  startup_stm32f10x_cl.o [1]
  .text              ro code  0x08003eec     0x4  startup_stm32f10x_cl.o [1]
  Initializer bytes  ro data  0x08003ef0    0x18  <for P2 s0>
                            - 0x08003f08  0x3db8

"P2", part 1 of 3:                          0x18
  P2 s0                       0x20000000    0x18  <Init block>
    .data            inited   0x20000000    0x10  stm32f10x_rcc.o [1]
    .data            inited   0x20000010     0x4  stm32f10x_rcc.o [1]
    .data            inited   0x20000014     0x2  moto.o [1]
    .data            inited   0x20000016     0x2  moto.o [1]
                            - 0x20000018    0x18

"P2", part 2 of 3:                         0x908
  .bss               zero     0x20000018   0x2bc  can1_bus.o [1]
  .bss               zero     0x200002d4   0x2bc  can2_bus.o [1]
  .bss               zero     0x20000590   0x12c  can1_bus.o [1]
  .bss               zero     0x200006bc   0x12c  can2_bus.o [1]
  .bss               zero     0x200007e8    0x1c  flash.o [1]
  .bss               zero     0x20000804    0x1c  flash.o [1]
  .bss               zero     0x20000820    0x18  moto.o [1]
  .bss               zero     0x20000838    0x18  moto.o [1]
  .bss               zero     0x20000850     0xc  can1_bus.o [1]
  .bss               zero     0x2000085c     0xc  can2_bus.o [1]
  .bss               zero     0x20000868     0xc  gpio.o [1]
  .bss               zero     0x20000874     0xc  gpio.o [1]
  .bss               zero     0x20000880     0xc  gpio.o [1]
  .bss               zero     0x2000088c     0xc  gpio.o [1]
  .bss               zero     0x20000898     0xc  gpio.o [1]
  .bss               zero     0x200008a4     0xc  gpio.o [1]
  .bss               zero     0x200008b0     0xc  gpio.o [1]
  .bss               zero     0x200008bc     0xc  gpio.o [1]
  .bss               zero     0x200008c8     0xc  gpio.o [1]
  .bss               zero     0x200008d4     0xc  gpio.o [1]
  .bss               zero     0x200008e0     0xc  gpio.o [1]
  .bss               zero     0x200008ec     0x8  moto.o [1]
  .bss               zero     0x200008f4     0x8  moto.o [1]
  .bss               zero     0x200008fc     0x4  can1_bus.o [1]
  .bss               zero     0x20000900     0x4  can2_bus.o [1]
  .bss               zero     0x20000904     0x4  main.o [1]
  .bss               zero     0x20000908     0x2  can1_bus.o [1]
  .bss               zero     0x2000090a     0x2  can2_bus.o [1]
  .bss               zero     0x2000090c     0x2  flash.o [1]
  .bss               zero     0x2000090e     0x2  gpio.o [1]
  .bss               zero     0x20000910     0x2  moto.o [1]
  .bss               zero     0x20000912     0x2  moto.o [1]
  .bss               zero     0x20000914     0x1  gpio.o [1]
  .bss               zero     0x20000915     0x1  gpio.o [1]
  .bss               zero     0x20000916     0x1  gpio.o [1]
  .bss               zero     0x20000917     0x1  gpio.o [1]
  .bss               zero     0x20000918     0x1  gpio.o [1]
  .bss               zero     0x20000919     0x1  main.o [1]
                            - 0x2000091a   0x902

"P2", part 3 of 3:                         0x800
  CSTACK                      0x20000920   0x800  <Block>
    CSTACK           uninit   0x20000920   0x800  <Block tail>
                            - 0x20001120   0x800


*******************************************************************************
*** INIT TABLE
***

          Address     Size
          -------     ----
Zero (__iar_zero_init3)
    1 destination range, total size 0x902:
          0x20000018  0x902

Copy (__iar_copy_init3)
    1 source range, total size 0x18:
          0x08003ef0   0x18
    1 destination range, total size 0x18:
          0x20000000   0x18


*******************************************************************************
*** MODULE SUMMARY
***

    Module                  ro code  ro data  rw data
    ------                  -------  -------  -------
G:\roller_v2\roller_v2\exp_ctrl_drivetwo\Project\EWARMv5\STM3210C-EVAL\Obj: [1]
    can1_bus.o                  960             1 018
    can2_bus.o                2 268             1 018
    flash.o                     880                58
    gpio.o                    3 308               139
    main.o                      120                 5
    misc.o                      152
    moto.o                    2 088        4       72
    startup_stm32f10x_cl.o      616
    stm32f107.o               1 492
    stm32f10x_adc.o             276
    stm32f10x_can.o           1 318
    stm32f10x_flash.o           372
    stm32f10x_gpio.o            372
    stm32f10x_it.o              176
    stm32f10x_rcc.o             456       20       20
    stm32f10x_tim.o             418
    system_stm32f10x.o          408
    tcp_out.o                    14
    -------------------------------------------------
    Total:                   15 694       24    2 330

command line: [2]
    -------------------------------------------------
    Total:

dl7M_tln.a: [3]
    exit.o                        8
    low_level_init.o              4
    -------------------------------------------------
    Total:                       12

m7M_tl.a: [4]
    -------------------------------------------------
    Total:

rt7M_tl.a: [5]
    ABImemclr4.o                  6
    ABImemcpy.o                 112
    ABImemset48.o                56
    cexit.o                      10
    cmain.o                      22
    copy_init3.o                 46
    cstartup_M.o                 12
    data_init3.o                 44
    zero_init3.o                 34
    -------------------------------------------------
    Total:                      342

shb_l.a: [6]
    exit.o                       20
    -------------------------------------------------
    Total:                       20

    Gaps                          8
    Linker created                        36    2 048
-----------------------------------------------------
    Grand Total:             16 076       60    4 378


*******************************************************************************
*** ENTRY LIST
***

Entry                      Address   Size  Type      Object
-----                      -------   ----  ----      ------
?main                   0x08003d89         Code  Gb  cmain.o [5]
ADC1_2_IRQHandler       0x08003e45         Code  Wk  startup_stm32f10x_cl.o [1]
ADCPrescTable           0x20000010    0x4  Data  Lc  stm32f10x_rcc.o [1]
ADC_Cmd                 0x080036c1   0x1a  Code  Gb  stm32f10x_adc.o [1]
ADC_Configuration       0x0800332f   0x84  Code  Gb  stm32f107.o [1]
ADC_DeInit              0x08003619   0x5c  Code  Gb  stm32f10x_adc.o [1]
ADC_GetCalibrationStatus
                        0x08003703   0x14  Code  Gb  stm32f10x_adc.o [1]
ADC_GetResetCalibrationStatus
                        0x080036e5   0x14  Code  Gb  stm32f10x_adc.o [1]
ADC_Init                0x08003675   0x4c  Code  Gb  stm32f10x_adc.o [1]
ADC_ResetCalibration    0x080036db    0xa  Code  Gb  stm32f10x_adc.o [1]
ADC_StartCalibration    0x080036f9    0xa  Code  Gb  stm32f10x_adc.o [1]
APBAHBPrescTable        0x20000000   0x10  Data  Lc  stm32f10x_rcc.o [1]
BusFault_Handler        0x08003c39    0x8  Code  Gb  stm32f10x_it.o [1]
CAN1_RX0_IRQHandler     0x08003c57   0x2c  Code  Gb  stm32f10x_it.o [1]
CAN1_RX1_IRQHandler     0x08003e51         Code  Wk  startup_stm32f10x_cl.o [1]
CAN1_SCE_IRQHandler     0x08003e55         Code  Wk  startup_stm32f10x_cl.o [1]
CAN1_TX_IRQHandler      0x08003e49         Code  Wk  startup_stm32f10x_cl.o [1]
CAN2_RX0_IRQHandler     0x08003ee1         Code  Wk  startup_stm32f10x_cl.o [1]
CAN2_RX1_IRQHandler     0x08003c83   0x2c  Code  Gb  stm32f10x_it.o [1]
CAN2_SCE_IRQHandler     0x08003ee9         Code  Wk  startup_stm32f10x_cl.o [1]
CAN2_TX_IRQHandler      0x08003edd         Code  Wk  startup_stm32f10x_cl.o [1]
CAN_ClearITPendingBit   0x08001dc9   0x96  Code  Gb  stm32f10x_can.o [1]
CAN_Configuration       0x08002e71  0x14c  Code  Gb  stm32f107.o [1]
CAN_DeInit              0x08001939   0x34  Code  Gb  stm32f10x_can.o [1]
CAN_FIFORelease         0x08001cdf   0x12  Code  Gb  stm32f10x_can.o [1]
CAN_FilterInit          0x08001a7d   0xe2  Code  Gb  stm32f10x_can.o [1]
CAN_ITConfig            0x08001ba9   0x18  Code  Gb  stm32f10x_can.o [1]
CAN_Init                0x0800196d  0x110  Code  Gb  stm32f10x_can.o [1]
CAN_Receive             0x08001cf1   0xd8  Code  Gb  stm32f10x_can.o [1]
CAN_StructInit          0x08001b5f   0x2e  Code  Gb  stm32f10x_can.o [1]
CAN_Transmit            0x08001bc1  0x11e  Code  Gb  stm32f10x_can.o [1]
CSTACK$$Base            0x20000920          --   Gb  - Linker created -
CSTACK$$Limit           0x20001120          --   Gb  - Linker created -
DMA1_Channel1_IRQHandler
                        0x08003e29         Code  Wk  startup_stm32f10x_cl.o [1]
DMA1_Channel2_IRQHandler
                        0x08003e2d         Code  Wk  startup_stm32f10x_cl.o [1]
DMA1_Channel3_IRQHandler
                        0x08003e31         Code  Wk  startup_stm32f10x_cl.o [1]
DMA1_Channel4_IRQHandler
                        0x08003e35         Code  Wk  startup_stm32f10x_cl.o [1]
DMA1_Channel5_IRQHandler
                        0x08003e39         Code  Wk  startup_stm32f10x_cl.o [1]
DMA1_Channel6_IRQHandler
                        0x08003e3d         Code  Wk  startup_stm32f10x_cl.o [1]
DMA1_Channel7_IRQHandler
                        0x08003e41         Code  Wk  startup_stm32f10x_cl.o [1]
DMA2_Channel1_IRQHandler
                        0x08003ec1         Code  Wk  startup_stm32f10x_cl.o [1]
DMA2_Channel2_IRQHandler
                        0x08003ec5         Code  Wk  startup_stm32f10x_cl.o [1]
DMA2_Channel3_IRQHandler
                        0x08003ec9         Code  Wk  startup_stm32f10x_cl.o [1]
DMA2_Channel4_IRQHandler
                        0x08003ecd         Code  Wk  startup_stm32f10x_cl.o [1]
DMA2_Channel5_IRQHandler
                        0x08003ed1         Code  Wk  startup_stm32f10x_cl.o [1]
DebugMon_Handler        0x08003c4b    0x2  Code  Gb  stm32f10x_it.o [1]
ETH_IRQHandler          0x08003ed5         Code  Wk  startup_stm32f10x_cl.o [1]
ETH_WKUP_IRQHandler     0x08003ed9         Code  Wk  startup_stm32f10x_cl.o [1]
EXTI0_IRQHandler        0x08003e15         Code  Wk  startup_stm32f10x_cl.o [1]
EXTI15_10_IRQHandler    0x08003e9d         Code  Wk  startup_stm32f10x_cl.o [1]
EXTI1_IRQHandler        0x08003e19         Code  Wk  startup_stm32f10x_cl.o [1]
EXTI2_IRQHandler        0x08003e1d         Code  Wk  startup_stm32f10x_cl.o [1]
EXTI3_IRQHandler        0x08003e21         Code  Wk  startup_stm32f10x_cl.o [1]
EXTI4_IRQHandler        0x08003e25         Code  Wk  startup_stm32f10x_cl.o [1]
EXTI9_5_IRQHandler      0x08003e59         Code  Wk  startup_stm32f10x_cl.o [1]
FLASH_ClearFlag         0x08003b77    0x8  Code  Gb  stm32f10x_flash.o [1]
FLASH_ErasePage         0x08003ac5   0x64  Code  Gb  stm32f10x_flash.o [1]
FLASH_GetStatus         0x08003b7f   0x2c  Code  Gb  stm32f10x_flash.o [1]
FLASH_IRQHandler        0x08003e0d         Code  Wk  startup_stm32f10x_cl.o [1]
FLASH_Lock              0x08003ab3   0x12  Code  Gb  stm32f10x_flash.o [1]
FLASH_ProgramHalfWord   0x08003b29   0x4e  Code  Gb  stm32f10x_flash.o [1]
FLASH_Unlock            0x08003a9d   0x16  Code  Gb  stm32f10x_flash.o [1]
FLASH_WaitForLastOperation
                        0x08003bc5   0x30  Code  Gb  stm32f10x_flash.o [1]
GPIO_Configuration      0x0800300d  0x232  Code  Gb  stm32f107.o [1]
GPIO_Init               0x08000e3d   0xcc  Code  Gb  stm32f10x_gpio.o [1]
GPIO_PinRemapConfig     0x08000f3d   0x70  Code  Gb  stm32f10x_gpio.o [1]
GPIO_ReadInputDataBit   0x08000f09   0x16  Code  Gb  stm32f10x_gpio.o [1]
GPIO_ResetBits          0x08000f25    0x6  Code  Gb  stm32f10x_gpio.o [1]
GPIO_SetBits            0x08000f1f    0x6  Code  Gb  stm32f10x_gpio.o [1]
GPIO_WriteBit           0x08000f2b   0x12  Code  Gb  stm32f10x_gpio.o [1]
HardFault_Handler       0x08003c29    0x8  Code  Gb  stm32f10x_it.o [1]
I2C1_ER_IRQHandler      0x08003e7d         Code  Wk  startup_stm32f10x_cl.o [1]
I2C1_EV_IRQHandler      0x08003e79         Code  Wk  startup_stm32f10x_cl.o [1]
I2C2_ER_IRQHandler      0x08003e85         Code  Wk  startup_stm32f10x_cl.o [1]
I2C2_EV_IRQHandler      0x08003e81         Code  Wk  startup_stm32f10x_cl.o [1]
LocalTime               0x20000904    0x4  Data  Gb  main.o [1]
MOT_Error_Detection_Process
                        0x0800259f  0x11a  Code  Gb  moto.o [1]
MemManage_Handler       0x08003c31    0x8  Code  Gb  stm32f10x_it.o [1]
Mot_Set_Start_Cmd       0x08002305   0x64  Code  Gb  moto.o [1]
Mot_Speed_Output_Handle
                        0x08002369  0x236  Code  Gb  moto.o [1]
Mot_msg_init            0x08002241   0x22  Code  Gb  moto.o [1]
Mot_upload_all_state    0x080026b9  0x1a8  Code  Gb  moto.o [1]
NMI_Handler             0x08003c27    0x2  Code  Gb  stm32f10x_it.o [1]
NVIC_Configuration      0x0800323f   0x52  Code  Gb  stm32f107.o [1]
NVIC_Init               0x0800358b   0x66  Code  Gb  misc.o [1]
NVIC_PriorityGroupConfig
                        0x08003581    0xa  Code  Gb  misc.o [1]
NVIC_SetPriority        0x08002e15   0x26  Code  Lc  stm32f107.o [1]
NVIC_SetVectorTable     0x080035f1    0xc  Code  Gb  misc.o [1]
NVIC_SystemReset        0x08000fb1   0x1c  Code  Lc  can2_bus.o [1]
NVIC_SystemReset        0x08003c11   0x16  Code  Lc  stm32f10x_it.o [1]
OTG_FS_IRQHandler       0x08003eed         Code  Wk  startup_stm32f10x_cl.o [1]
OTG_FS_WKUP_IRQHandler  0x08003ea5         Code  Wk  startup_stm32f10x_cl.o [1]
PVD_IRQHandler          0x08003e01         Code  Wk  startup_stm32f10x_cl.o [1]
PWM_OUT_Init            0x08003291   0x9e  Code  Gb  stm32f107.o [1]
PendSV_Handler          0x08003c4d    0x2  Code  Gb  stm32f10x_it.o [1]
RCC_ADCCLKConfig        0x08002a71   0x14  Code  Gb  stm32f10x_rcc.o [1]
RCC_APB1PeriphClockCmd  0x08002bb1   0x20  Code  Gb  stm32f10x_rcc.o [1]
RCC_APB1PeriphResetCmd  0x08002bf1   0x20  Code  Gb  stm32f10x_rcc.o [1]
RCC_APB2PeriphClockCmd  0x08002b91   0x20  Code  Gb  stm32f10x_rcc.o [1]
RCC_APB2PeriphResetCmd  0x08002bd1   0x20  Code  Gb  stm32f10x_rcc.o [1]
RCC_GetClocksFreq       0x08002a85  0x10c  Code  Gb  stm32f10x_rcc.o [1]
RCC_IRQHandler          0x08003e11         Code  Wk  startup_stm32f10x_cl.o [1]
RTCAlarm_IRQHandler     0x08003ea1         Code  Wk  startup_stm32f10x_cl.o [1]
RTC_IRQHandler          0x08003e09         Code  Wk  startup_stm32f10x_cl.o [1]
Region$$Table$$Base     0x08003d64          --   Gb  - Linker created -
Region$$Table$$Limit    0x08003d88          --   Gb  - Linker created -
SPI1_IRQHandler         0x08003e89         Code  Wk  startup_stm32f10x_cl.o [1]
SPI2_IRQHandler         0x08003e8d         Code  Wk  startup_stm32f10x_cl.o [1]
SPI3_IRQHandler         0x08003ead         Code  Wk  startup_stm32f10x_cl.o [1]
SVC_Handler             0x08003c49    0x2  Code  Gb  stm32f10x_it.o [1]
SetSysClock             0x08003447    0x8  Code  Lc  system_stm32f10x.o [1]
SetSysClockTo72         0x0800344f  0x10e  Code  Lc  system_stm32f10x.o [1]
Set_Mot_Roll_Paras      0x08002263   0xa2  Code  Gb  moto.o [1]
SysTick_Config          0x08002e3b   0x36  Code  Lc  stm32f107.o [1]
SysTick_Handler         0x08003c4f    0x8  Code  Gb  stm32f10x_it.o [1]
SystemInit              0x080033e9   0x5e  Code  Gb  system_stm32f10x.o [1]
System_Setup            0x08002fbd   0x50  Code  Gb  stm32f107.o [1]
TAMPER_IRQHandler       0x08003e05         Code  Wk  startup_stm32f10x_cl.o [1]
TIM1_BRK_IRQHandler     0x08003e5d         Code  Wk  startup_stm32f10x_cl.o [1]
TIM1_CC_IRQHandler      0x08003e69         Code  Wk  startup_stm32f10x_cl.o [1]
TIM1_TRG_COM_IRQHandler
                        0x08003e65         Code  Wk  startup_stm32f10x_cl.o [1]
TIM1_UP_IRQHandler      0x08003e61         Code  Wk  startup_stm32f10x_cl.o [1]
TIM2_IRQHandler         0x08003e6d         Code  Wk  startup_stm32f10x_cl.o [1]
TIM3_IRQHandler         0x08003e71         Code  Wk  startup_stm32f10x_cl.o [1]
TIM4_IRQHandler         0x08003e75         Code  Wk  startup_stm32f10x_cl.o [1]
TIM5_IRQHandler         0x08003ea9         Code  Wk  startup_stm32f10x_cl.o [1]
TIM6_IRQHandler         0x08003eb9         Code  Wk  startup_stm32f10x_cl.o [1]
TIM7_IRQHandler         0x08003ebd         Code  Wk  startup_stm32f10x_cl.o [1]
TIM_ARRPreloadConfig    0x08002d91   0x1c  Code  Gb  stm32f10x_tim.o [1]
TIM_Cmd                 0x08002d75   0x1c  Code  Gb  stm32f10x_tim.o [1]
TIM_OC1Init             0x08002c6f   0x78  Code  Gb  stm32f10x_tim.o [1]
TIM_OC1PreloadConfig    0x08002dad   0x12  Code  Gb  stm32f10x_tim.o [1]
TIM_OC2Init             0x08002ce7   0x86  Code  Gb  stm32f10x_tim.o [1]
TIM_OC2PreloadConfig    0x08002dbf   0x14  Code  Gb  stm32f10x_tim.o [1]
TIM_SetCompare1         0x08002dd3    0x4  Code  Gb  stm32f10x_tim.o [1]
TIM_SetCompare2         0x08002dd7    0x4  Code  Gb  stm32f10x_tim.o [1]
TIM_TimeBaseInit        0x08002c39   0x36  Code  Gb  stm32f10x_tim.o [1]
Time_Update             0x08003cd9   0x12  Code  Gb  main.o [1]
UART4_IRQHandler        0x08003eb1         Code  Wk  startup_stm32f10x_cl.o [1]
UART5_IRQHandler        0x08003eb5         Code  Wk  startup_stm32f10x_cl.o [1]
USART1_IRQHandler       0x08003e91         Code  Wk  startup_stm32f10x_cl.o [1]
USART2_IRQHandler       0x08003e95         Code  Wk  startup_stm32f10x_cl.o [1]
USART3_IRQHandler       0x08003e99         Code  Wk  startup_stm32f10x_cl.o [1]
UsageFault_Handler      0x08003c41    0x8  Code  Gb  stm32f10x_it.o [1]
WWDG_IRQHandler         0x08003dfd         Code  Wk  startup_stm32f10x_cl.o [1]
__aeabi_memclr4         0x08002a69         Code  Gb  ABImemclr4.o [5]
__aeabi_memcpy          0x0800188d         Code  Gb  ABImemcpy.o [5]
__aeabi_memcpy4         0x080018a7         Code  Gb  ABImemcpy.o [5]
__aeabi_memcpy8         0x080018a7         Code  Gb  ABImemcpy.o [5]
__aeabi_memset4         0x08002ddd         Code  Gb  ABImemset48.o [5]
__aeabi_memset8         0x08002ddd         Code  Gb  ABImemset48.o [5]
__cmain                 0x08003d89         Code  Gb  cmain.o [5]
__exit                  0x08003db9   0x14  Code  Gb  exit.o [6]
__iar_Memset4_word      0x08002de5         Code  Gb  ABImemset48.o [5]
__iar_Memset8_word      0x08002de5         Code  Gb  ABImemset48.o [5]
__iar_copy_init3        0x0800190b   0x2e  Code  Gb  copy_init3.o [5]
__iar_data_init3        0x08003d39   0x2c  Code  Gb  data_init3.o [5]
__iar_program_start     0x08003dcd         Code  Gb  cstartup_M.o [5]
__iar_zero_init3        0x08001e5f   0x22  Code  Gb  zero_init3.o [5]
__low_level_init        0x08003d9f    0x4  Code  Gb  low_level_init.o [3]
__vector_table          0x08000000         Data  Gb  startup_stm32f10x_cl.o [1]
_call_main              0x08003d95         Code  Gb  cmain.o [5]
_exit                   0x08003dad         Code  Gb  cexit.o [5]
_main                   0x08003d9b         Code  Gb  cmain.o [5]
can_recv_set_para       0x0800149b  0x14c  Code  Gb  can2_bus.o [1]
can_reply_read_para     0x0800162f  0x222  Code  Gb  can2_bus.o [1]
can_reply_set_para      0x080015e7   0x48  Code  Gb  can2_bus.o [1]
canbus_recv_can_msg     0x08001463   0x38  Code  Gb  can2_bus.o [1]
canbus_recv_start_cmd   0x080013f1   0x72  Code  Gb  can2_bus.o [1]
canframequeue_one       0x20000850    0xc  Data  Gb  can1_bus.o [1]
canframequeue_two       0x2000085c    0xc  Data  Gb  can2_bus.o [1]
canframequeuebuff_one   0x20000018  0x2bc  Data  Gb  can1_bus.o [1]
canframequeuebuff_two   0x200002d4  0x2bc  Data  Gb  can2_bus.o [1]
canone_ctrl             0x200008fc    0x4  Data  Gb  can1_bus.o [1]
canone_recv_buff        0x20000590  0x12c  Data  Gb  can1_bus.o [1]
canone_recv_len         0x20000908    0x2  Data  Gb  can1_bus.o [1]
cansend_framecnt_one    0x20000014    0x2  Data  Gb  moto.o [1]
cansend_framecnt_two    0x20000016    0x2  Data  Gb  moto.o [1]
cantwo_ctrl             0x20000900    0x4  Data  Gb  can2_bus.o [1]
cantwo_recv_buff        0x200006bc  0x12c  Data  Gb  can2_bus.o [1]
cantwo_recv_len         0x2000090a    0x2  Data  Gb  can2_bus.o [1]
delay                   0x08003bf5   0x1c  Code  Lc  stm32f10x_flash.o [1]
exit                    0x08003da3    0x8  Code  Gb  exit.o [3]
flash_init              0x0800372d  0x242  Code  Gb  flash.o [1]
flash_upload_flag       0x2000090c    0x2  Data  Gb  flash.o [1]
flash_upload_write_buff
                        0x080039ab   0xc6  Code  Gb  flash.o [1]
flash_write_buff        0x0800396f   0x3c  Code  Gb  flash.o [1]
g_alarm_flag            0x20000917    0x1  Data  Gb  gpio.o [1]
gpio_Led_Blink_Handle   0x08000c8f  0x15e  Code  Gb  gpio.o [1]
gpio_Led_Set_Mode       0x08000bab   0xe4  Code  Gb  gpio.o [1]
gpio_handleInputScan    0x08000151  0xa5a  Code  Gb  gpio.o [1]
input_dip_dir           0x200008d4    0xc  Data  Gb  gpio.o [1]
input_dip_mod           0x200008e0    0xc  Data  Gb  gpio.o [1]
input_dip_speed         0x200008c8    0xc  Data  Gb  gpio.o [1]
input_in1_1             0x20000868    0xc  Data  Gb  gpio.o [1]
input_in1_2             0x20000874    0xc  Data  Gb  gpio.o [1]
input_in2_1             0x20000880    0xc  Data  Gb  gpio.o [1]
input_in2_2             0x2000088c    0xc  Data  Gb  gpio.o [1]
input_mot1_alarm        0x200008b0    0xc  Data  Gb  gpio.o [1]
input_mot2_alarm        0x200008bc    0xc  Data  Gb  gpio.o [1]
input_x1                0x20000898    0xc  Data  Gb  gpio.o [1]
input_x2                0x200008a4    0xc  Data  Gb  gpio.o [1]
led_blink_cnt           0x2000090e    0x2  Data  Gb  gpio.o [1]
led_mot1_blk_mode       0x20000915    0x1  Data  Gb  gpio.o [1]
led_mot2_blk_mode       0x20000916    0x1  Data  Gb  gpio.o [1]
led_status_blk_mode     0x20000914    0x1  Data  Gb  gpio.o [1]
localStation            0x20000918    0x1  Data  Gb  gpio.o [1]
main                    0x08003cc1   0x18  Code  Gb  main.o [1]
main_init_process       0x08003ceb   0x14  Code  Gb  main.o [1]
main_onems_process      0x08003cff   0x2e  Code  Gb  main.o [1]
memcpy                  0x080018fd    0xe  Code  Gb  tcp_out.o [1]
mot1_info               0x20000820   0x18  Data  Gb  moto.o [1]
mot2_info               0x20000838   0x18  Data  Gb  moto.o [1]
moto_set_run_cmd        0x08002985   0xa6  Code  Gb  moto.o [1]
moto_upload_moudle_status
                        0x08002861  0x124  Code  Gb  moto.o [1]
motolocal               0x200007e8   0x1c  Data  Gb  flash.o [1]
mototemp                0x20000804   0x1c  Data  Gb  flash.o [1]
moudle1_info            0x200008ec    0x8  Data  Gb  moto.o [1]
moudle2_info            0x200008f4    0x8  Data  Gb  moto.o [1]
msone_flag              0x20000919    0x1  Data  Gb  main.o [1]
para_data_recv_process  0x080013b7   0x3a  Code  Gb  can2_bus.o [1]
ramp_delay              0x20000910    0x2  Data  Gb  moto.o [1]
u8canbus_send_oneframe_one
                        0x08001edd   0x66  Code  Gb  can1_bus.o [1]
u8canbus_send_oneframe_two
                        0x08001029   0x68  Code  Gb  can2_bus.o [1]
upload_state_cnt        0x20000912    0x2  Data  Gb  moto.o [1]
vcan_sendframe_process_one
                        0x080021db   0x4a  Code  Gb  can1_bus.o [1]
vcan_sendframe_process_two
                        0x0800136b   0x4c  Code  Gb  can2_bus.o [1]
vcan_sendmsg_one        0x080020fd   0xde  Code  Gb  can1_bus.o [1]
vcan_sendmsg_two        0x0800128b   0xe0  Code  Gb  can2_bus.o [1]
vcanbus_addto_cansendqueue_one
                        0x08001e9b   0x42  Code  Gb  can1_bus.o [1]
vcanbus_addto_cansendqueue_two
                        0x08000fe7   0x42  Code  Gb  can2_bus.o [1]
vcanbus_frame_receive_two
                        0x08001091  0x1fa  Code  Gb  can2_bus.o [1]
vcanbus_framereceive_one
                        0x08001f43  0x1ba  Code  Gb  can1_bus.o [1]
vcanbus_initcansendqueue_one
                        0x08001e81   0x1a  Code  Gb  can1_bus.o [1]
vcanbus_initcansendqueue_two
                        0x08000fcd   0x1a  Code  Gb  can2_bus.o [1]


[1] = G:\roller_v2\roller_v2\exp_ctrl_drivetwo\Project\EWARMv5\STM3210C-EVAL\Obj
[2] = command line
[3] = dl7M_tln.a
[4] = m7M_tl.a
[5] = rt7M_tl.a
[6] = shb_l.a

  16 076 bytes of readonly  code memory
      60 bytes of readonly  data memory
   4 378 bytes of readwrite data memory

Errors: none
Warnings: none
