###############################################################################
#                                                                             #
# IAR ELF Linker V6.10.1.52143/W32 for ARM              15/Aug/2023  19:22:33 #
# Copyright 2007-2010 IAR Systems AB.                                         #
#                                                                             #
#    Output file  =  E:\roller_v2\exp_ctrl_drivetwo\Project\EWARMv5\STM3210C- #
#                    EVAL\Exe\STM3210C-EVAL.out                               #
#    Map file     =  E:\roller_v2\exp_ctrl_drivetwo\Project\EWARMv5\STM3210C- #
#                    EVAL\List\STM3210C-EVAL.map                              #
#    Command line =  E:\roller_v2\exp_ctrl_drivetwo\Project\EWARMv5\STM3210C- #
#                    EVAL\Obj\api_lib.o E:\roller_v2\exp_ctrl_drivetwo\Projec #
#                    t\EWARMv5\STM3210C-EVAL\Obj\api_msg.o                    #
#                    E:\roller_v2\exp_ctrl_drivetwo\Project\EWARMv5\STM3210C- #
#                    EVAL\Obj\autoip.o E:\roller_v2\exp_ctrl_drivetwo\Project #
#                    \EWARMv5\STM3210C-EVAL\Obj\can1_bus.o                    #
#                    E:\roller_v2\exp_ctrl_drivetwo\Project\EWARMv5\STM3210C- #
#                    EVAL\Obj\can2_bus.o E:\roller_v2\exp_ctrl_drivetwo\Proje #
#                    ct\EWARMv5\STM3210C-EVAL\Obj\core_cm3.o                  #
#                    E:\roller_v2\exp_ctrl_drivetwo\Project\EWARMv5\STM3210C- #
#                    EVAL\Obj\dhcp.o E:\roller_v2\exp_ctrl_drivetwo\Project\E #
#                    WARMv5\STM3210C-EVAL\Obj\err.o                           #
#                    E:\roller_v2\exp_ctrl_drivetwo\Project\EWARMv5\STM3210C- #
#                    EVAL\Obj\etharp.o E:\roller_v2\exp_ctrl_drivetwo\Project #
#                    \EWARMv5\STM3210C-EVAL\Obj\ethernetif.o                  #
#                    E:\roller_v2\exp_ctrl_drivetwo\Project\EWARMv5\STM3210C- #
#                    EVAL\Obj\flash.o E:\roller_v2\exp_ctrl_drivetwo\Project\ #
#                    EWARMv5\STM3210C-EVAL\Obj\gpio.o                         #
#                    E:\roller_v2\exp_ctrl_drivetwo\Project\EWARMv5\STM3210C- #
#                    EVAL\Obj\icmp.o E:\roller_v2\exp_ctrl_drivetwo\Project\E #
#                    WARMv5\STM3210C-EVAL\Obj\igmp.o                          #
#                    E:\roller_v2\exp_ctrl_drivetwo\Project\EWARMv5\STM3210C- #
#                    EVAL\Obj\inet.o E:\roller_v2\exp_ctrl_drivetwo\Project\E #
#                    WARMv5\STM3210C-EVAL\Obj\inet_chksum.o                   #
#                    E:\roller_v2\exp_ctrl_drivetwo\Project\EWARMv5\STM3210C- #
#                    EVAL\Obj\init.o E:\roller_v2\exp_ctrl_drivetwo\Project\E #
#                    WARMv5\STM3210C-EVAL\Obj\ip.o                            #
#                    E:\roller_v2\exp_ctrl_drivetwo\Project\EWARMv5\STM3210C- #
#                    EVAL\Obj\ip_addr.o E:\roller_v2\exp_ctrl_drivetwo\Projec #
#                    t\EWARMv5\STM3210C-EVAL\Obj\ip_frag.o                    #
#                    E:\roller_v2\exp_ctrl_drivetwo\Project\EWARMv5\STM3210C- #
#                    EVAL\Obj\main.o E:\roller_v2\exp_ctrl_drivetwo\Project\E #
#                    WARMv5\STM3210C-EVAL\Obj\mem.o                           #
#                    E:\roller_v2\exp_ctrl_drivetwo\Project\EWARMv5\STM3210C- #
#                    EVAL\Obj\memp.o E:\roller_v2\exp_ctrl_drivetwo\Project\E #
#                    WARMv5\STM3210C-EVAL\Obj\misc.o                          #
#                    E:\roller_v2\exp_ctrl_drivetwo\Project\EWARMv5\STM3210C- #
#                    EVAL\Obj\moto.o E:\roller_v2\exp_ctrl_drivetwo\Project\E #
#                    WARMv5\STM3210C-EVAL\Obj\netbuf.o                        #
#                    E:\roller_v2\exp_ctrl_drivetwo\Project\EWARMv5\STM3210C- #
#                    EVAL\Obj\netdb.o E:\roller_v2\exp_ctrl_drivetwo\Project\ #
#                    EWARMv5\STM3210C-EVAL\Obj\netif.o                        #
#                    E:\roller_v2\exp_ctrl_drivetwo\Project\EWARMv5\STM3210C- #
#                    EVAL\Obj\netifapi.o E:\roller_v2\exp_ctrl_drivetwo\Proje #
#                    ct\EWARMv5\STM3210C-EVAL\Obj\pbuf.o                      #
#                    E:\roller_v2\exp_ctrl_drivetwo\Project\EWARMv5\STM3210C- #
#                    EVAL\Obj\raw.o E:\roller_v2\exp_ctrl_drivetwo\Project\EW #
#                    ARMv5\STM3210C-EVAL\Obj\startup_stm32f10x_cl.o           #
#                    E:\roller_v2\exp_ctrl_drivetwo\Project\EWARMv5\STM3210C- #
#                    EVAL\Obj\stats.o E:\roller_v2\exp_ctrl_drivetwo\Project\ #
#                    EWARMv5\STM3210C-EVAL\Obj\stm32_eth.o                    #
#                    E:\roller_v2\exp_ctrl_drivetwo\Project\EWARMv5\STM3210C- #
#                    EVAL\Obj\stm32f107.o E:\roller_v2\exp_ctrl_drivetwo\Proj #
#                    ect\EWARMv5\STM3210C-EVAL\Obj\stm32f10x_adc.o            #
#                    E:\roller_v2\exp_ctrl_drivetwo\Project\EWARMv5\STM3210C- #
#                    EVAL\Obj\stm32f10x_bkp.o E:\roller_v2\exp_ctrl_drivetwo\ #
#                    Project\EWARMv5\STM3210C-EVAL\Obj\stm32f10x_can.o        #
#                    E:\roller_v2\exp_ctrl_drivetwo\Project\EWARMv5\STM3210C- #
#                    EVAL\Obj\stm32f10x_dma.o E:\roller_v2\exp_ctrl_drivetwo\ #
#                    Project\EWARMv5\STM3210C-EVAL\Obj\stm32f10x_exti.o       #
#                    E:\roller_v2\exp_ctrl_drivetwo\Project\EWARMv5\STM3210C- #
#                    EVAL\Obj\stm32f10x_flash.o E:\roller_v2\exp_ctrl_drivetw #
#                    o\Project\EWARMv5\STM3210C-EVAL\Obj\stm32f10x_gpio.o     #
#                    E:\roller_v2\exp_ctrl_drivetwo\Project\EWARMv5\STM3210C- #
#                    EVAL\Obj\stm32f10x_i2c.o E:\roller_v2\exp_ctrl_drivetwo\ #
#                    Project\EWARMv5\STM3210C-EVAL\Obj\stm32f10x_it.o         #
#                    E:\roller_v2\exp_ctrl_drivetwo\Project\EWARMv5\STM3210C- #
#                    EVAL\Obj\stm32f10x_pwr.o E:\roller_v2\exp_ctrl_drivetwo\ #
#                    Project\EWARMv5\STM3210C-EVAL\Obj\stm32f10x_rcc.o        #
#                    E:\roller_v2\exp_ctrl_drivetwo\Project\EWARMv5\STM3210C- #
#                    EVAL\Obj\stm32f10x_rtc.o E:\roller_v2\exp_ctrl_drivetwo\ #
#                    Project\EWARMv5\STM3210C-EVAL\Obj\stm32f10x_spi.o        #
#                    E:\roller_v2\exp_ctrl_drivetwo\Project\EWARMv5\STM3210C- #
#                    EVAL\Obj\stm32f10x_tim.o E:\roller_v2\exp_ctrl_drivetwo\ #
#                    Project\EWARMv5\STM3210C-EVAL\Obj\stm32f10x_usart.o      #
#                    E:\roller_v2\exp_ctrl_drivetwo\Project\EWARMv5\STM3210C- #
#                    EVAL\Obj\sys.o E:\roller_v2\exp_ctrl_drivetwo\Project\EW #
#                    ARMv5\STM3210C-EVAL\Obj\system_stm32f10x.o               #
#                    E:\roller_v2\exp_ctrl_drivetwo\Project\EWARMv5\STM3210C- #
#                    EVAL\Obj\tcp.o E:\roller_v2\exp_ctrl_drivetwo\Project\EW #
#                    ARMv5\STM3210C-EVAL\Obj\tcp_in.o                         #
#                    E:\roller_v2\exp_ctrl_drivetwo\Project\EWARMv5\STM3210C- #
#                    EVAL\Obj\tcp_out.o E:\roller_v2\exp_ctrl_drivetwo\Projec #
#                    t\EWARMv5\STM3210C-EVAL\Obj\tcpip.o                      #
#                    E:\roller_v2\exp_ctrl_drivetwo\Project\EWARMv5\STM3210C- #
#                    EVAL\Obj\udp.o -o E:\roller_v2\exp_ctrl_drivetwo\Project #
#                    \EWARMv5\STM3210C-EVAL\Exe\STM3210C-EVAL.out --map       #
#                    E:\roller_v2\exp_ctrl_drivetwo\Project\EWARMv5\STM3210C- #
#                    EVAL\List\STM3210C-EVAL.map --config                     #
#                    E:\roller_v2\exp_ctrl_drivetwo\Project\EWARMv5\STM32F10x #
#                    _FLASH.icf --semihosting --entry __iar_program_start     #
#                                                                             #
#                                                                             #
###############################################################################

*******************************************************************************
*** RUNTIME MODEL ATTRIBUTES
***

CppFlavor       = *
__SystemLibrary = DLib


*******************************************************************************
*** PLACEMENT SUMMARY
***

"A1":  place at 0x08000000 { ro section .intvec };
"P1":  place in [from 0x08000000 to 0x0803ffff] { ro };
"P2":  place in [from 0x20000000 to 0x2000ffff] { rw, block CSTACK, block HEAP };

  Section            Kind        Address    Size  Object
  -------            ----        -------    ----  ------
"A1":                                      0x150
  .intvec            ro code  0x08000000   0x150  startup_stm32f10x_cl.o [1]
                            - 0x08000150   0x150

"P1":                                     0x42f0
  .text              ro code  0x08000150   0xcec  gpio.o [1]
  .text              ro code  0x08000e3c   0x174  stm32f10x_gpio.o [1]
  .text              ro code  0x08000fb0   0x860  can2_bus.o [1]
  .text              ro code  0x08001810    0x70  ABImemcpy.o [5]
  .text              ro code  0x08001880     0xe  tcp_out.o [1]
  .text              ro code  0x0800188e    0x2e  copy_init3.o [5]
  .text              ro code  0x080018bc   0x526  stm32f10x_can.o [1]
  .text              ro code  0x08001de2    0x22  zero_init3.o [5]
  .text              ro code  0x08001e04   0x3e4  can1_bus.o [1]
  .text              ro code  0x080021e8   0x840  moto.o [1]
  .text              ro code  0x08002a28     0x6  ABImemclr4.o [5]
  .text              ro code  0x08002a30   0x1c8  stm32f10x_rcc.o [1]
  .text              ro code  0x08002bf8   0x1a2  stm32f10x_tim.o [1]
  .text              ro code  0x08002d9c    0xb4  main.o [1]
  .text              ro code  0x08002e50    0x24  FltCmpLe.o [4]
  .text              ro code  0x08002e74    0x24  FltCmpGe.o [4]
  .text              ro code  0x08002e98    0x38  ABImemset48.o [5]
  .text              ro code  0x08002ed0    0x1c  I32ToFlt.o [4]
  .text              ro code  0x08002eec    0x4e  FltToDbl.o [4]
  .text              ro code  0x08002f3c   0x1a2  DblMul.o [4]
  .text              ro code  0x080030e0   0x246  DblDiv.o [4]
  .text              ro code  0x08003328    0x90  DblToFlt.o [4]
  .text              ro code  0x080033b8   0x5bc  stm32f107.o [1]
  .text              ro code  0x08003974   0x370  flash.o [1]
  .text              ro code  0x08003ce4   0x198  system_stm32f10x.o [1]
  .text              ro code  0x08003e7c    0x98  misc.o [1]
  .text              ro code  0x08003f14   0x138  stm32f10x_adc.o [1]
  .text              ro code  0x0800404c   0x174  stm32f10x_flash.o [1]
  .text              ro code  0x080041c0    0xb0  stm32f10x_it.o [1]
  .text              ro code  0x08004270    0x2c  data_init3.o [5]
  .iar.init_table    const    0x0800429c    0x24  - Linker created -
  .text              ro code  0x080042c0    0x16  cmain.o [5]
  .text              ro code  0x080042d6     0x4  low_level_init.o [3]
  .text              ro code  0x080042da     0x8  exit.o [3]
  .text              ro code  0x080042e4     0xa  cexit.o [5]
  .text              ro code  0x080042f0    0x14  exit.o [6]
  .text              ro code  0x08004304     0xc  cstartup_M.o [5]
  .text              ro code  0x08004310     0x4  startup_stm32f10x_cl.o [1]
  .text              ro code  0x08004314     0x4  startup_stm32f10x_cl.o [1]
  .text              ro code  0x08004318     0x4  startup_stm32f10x_cl.o [1]
  .text              ro code  0x0800431c     0x4  startup_stm32f10x_cl.o [1]
  .text              ro code  0x08004320     0x4  startup_stm32f10x_cl.o [1]
  .text              ro code  0x08004324     0x4  startup_stm32f10x_cl.o [1]
  .text              ro code  0x08004328     0x4  startup_stm32f10x_cl.o [1]
  .text              ro code  0x0800432c     0x4  startup_stm32f10x_cl.o [1]
  .text              ro code  0x08004330     0x4  startup_stm32f10x_cl.o [1]
  .text              ro code  0x08004334     0x4  startup_stm32f10x_cl.o [1]
  .text              ro code  0x08004338     0x4  startup_stm32f10x_cl.o [1]
  .text              ro code  0x0800433c     0x4  startup_stm32f10x_cl.o [1]
  .text              ro code  0x08004340     0x4  startup_stm32f10x_cl.o [1]
  .text              ro code  0x08004344     0x4  startup_stm32f10x_cl.o [1]
  .text              ro code  0x08004348     0x4  startup_stm32f10x_cl.o [1]
  .text              ro code  0x0800434c     0x4  startup_stm32f10x_cl.o [1]
  .text              ro code  0x08004350     0x4  startup_stm32f10x_cl.o [1]
  .text              ro code  0x08004354     0x4  startup_stm32f10x_cl.o [1]
  .text              ro code  0x08004358     0x4  startup_stm32f10x_cl.o [1]
  .text              ro code  0x0800435c     0x4  startup_stm32f10x_cl.o [1]
  .text              ro code  0x08004360     0x4  startup_stm32f10x_cl.o [1]
  .text              ro code  0x08004364     0x4  startup_stm32f10x_cl.o [1]
  .text              ro code  0x08004368     0x4  startup_stm32f10x_cl.o [1]
  .text              ro code  0x0800436c     0x4  startup_stm32f10x_cl.o [1]
  .text              ro code  0x08004370     0x4  startup_stm32f10x_cl.o [1]
  .text              ro code  0x08004374     0x4  startup_stm32f10x_cl.o [1]
  .text              ro code  0x08004378     0x4  startup_stm32f10x_cl.o [1]
  .text              ro code  0x0800437c     0x4  startup_stm32f10x_cl.o [1]
  .text              ro code  0x08004380     0x4  startup_stm32f10x_cl.o [1]
  .text              ro code  0x08004384     0x4  startup_stm32f10x_cl.o [1]
  .text              ro code  0x08004388     0x4  startup_stm32f10x_cl.o [1]
  .text              ro code  0x0800438c     0x4  startup_stm32f10x_cl.o [1]
  .text              ro code  0x08004390     0x4  startup_stm32f10x_cl.o [1]
  .text              ro code  0x08004394     0x4  startup_stm32f10x_cl.o [1]
  .text              ro code  0x08004398     0x4  startup_stm32f10x_cl.o [1]
  .text              ro code  0x0800439c     0x4  startup_stm32f10x_cl.o [1]
  .text              ro code  0x080043a0     0x4  startup_stm32f10x_cl.o [1]
  .text              ro code  0x080043a4     0x4  startup_stm32f10x_cl.o [1]
  .text              ro code  0x080043a8     0x4  startup_stm32f10x_cl.o [1]
  .text              ro code  0x080043ac     0x4  startup_stm32f10x_cl.o [1]
  .text              ro code  0x080043b0     0x4  startup_stm32f10x_cl.o [1]
  .text              ro code  0x080043b4     0x4  startup_stm32f10x_cl.o [1]
  .text              ro code  0x080043b8     0x4  startup_stm32f10x_cl.o [1]
  .text              ro code  0x080043bc     0x4  startup_stm32f10x_cl.o [1]
  .text              ro code  0x080043c0     0x4  startup_stm32f10x_cl.o [1]
  .text              ro code  0x080043c4     0x4  startup_stm32f10x_cl.o [1]
  .text              ro code  0x080043c8     0x4  startup_stm32f10x_cl.o [1]
  .text              ro code  0x080043cc     0x4  startup_stm32f10x_cl.o [1]
  .text              ro code  0x080043d0     0x4  startup_stm32f10x_cl.o [1]
  .text              ro code  0x080043d4     0x4  startup_stm32f10x_cl.o [1]
  .text              ro code  0x080043d8     0x4  startup_stm32f10x_cl.o [1]
  .text              ro code  0x080043dc     0x4  startup_stm32f10x_cl.o [1]
  .text              ro code  0x080043e0     0x4  startup_stm32f10x_cl.o [1]
  .text              ro code  0x080043e4     0x4  startup_stm32f10x_cl.o [1]
  .text              ro code  0x080043e8     0x4  startup_stm32f10x_cl.o [1]
  .text              ro code  0x080043ec     0x4  startup_stm32f10x_cl.o [1]
  .text              ro code  0x080043f0     0x4  startup_stm32f10x_cl.o [1]
  .text              ro code  0x080043f4     0x4  startup_stm32f10x_cl.o [1]
  .text              ro code  0x080043f8     0x4  startup_stm32f10x_cl.o [1]
  .text              ro code  0x080043fc     0x4  startup_stm32f10x_cl.o [1]
  .text              ro code  0x08004400     0x4  startup_stm32f10x_cl.o [1]
  .text              ro code  0x08004404     0x4  startup_stm32f10x_cl.o [1]
  .text              ro code  0x08004408     0x4  startup_stm32f10x_cl.o [1]
  .text              ro code  0x0800440c     0x4  startup_stm32f10x_cl.o [1]
  .text              ro code  0x08004410     0x4  startup_stm32f10x_cl.o [1]
  .text              ro code  0x08004414     0x4  startup_stm32f10x_cl.o [1]
  .text              ro code  0x08004418     0x4  startup_stm32f10x_cl.o [1]
  .text              ro code  0x0800441c     0x4  startup_stm32f10x_cl.o [1]
  .text              ro code  0x08004420     0x4  startup_stm32f10x_cl.o [1]
  .text              ro code  0x08004424     0x4  startup_stm32f10x_cl.o [1]
  Initializer bytes  ro data  0x08004428    0x18  <for P2 s0>
                            - 0x08004440  0x42f0

"P2", part 1 of 3:                          0x18
  P2 s0                       0x20000000    0x18  <Init block>
    .data            inited   0x20000000    0x10  stm32f10x_rcc.o [1]
    .data            inited   0x20000010     0x4  stm32f10x_rcc.o [1]
    .data            inited   0x20000014     0x2  moto.o [1]
    .data            inited   0x20000016     0x2  moto.o [1]
                            - 0x20000018    0x18

"P2", part 2 of 3:                         0x908
  .bss               zero     0x20000018   0x2bc  can1_bus.o [1]
  .bss               zero     0x200002d4   0x2bc  can2_bus.o [1]
  .bss               zero     0x20000590   0x12c  can1_bus.o [1]
  .bss               zero     0x200006bc   0x12c  can2_bus.o [1]
  .bss               zero     0x200007e8    0x1c  flash.o [1]
  .bss               zero     0x20000804    0x1c  flash.o [1]
  .bss               zero     0x20000820    0x18  moto.o [1]
  .bss               zero     0x20000838    0x18  moto.o [1]
  .bss               zero     0x20000850     0xc  can1_bus.o [1]
  .bss               zero     0x2000085c     0xc  can2_bus.o [1]
  .bss               zero     0x20000868     0xc  gpio.o [1]
  .bss               zero     0x20000874     0xc  gpio.o [1]
  .bss               zero     0x20000880     0xc  gpio.o [1]
  .bss               zero     0x2000088c     0xc  gpio.o [1]
  .bss               zero     0x20000898     0xc  gpio.o [1]
  .bss               zero     0x200008a4     0xc  gpio.o [1]
  .bss               zero     0x200008b0     0xc  gpio.o [1]
  .bss               zero     0x200008bc     0xc  gpio.o [1]
  .bss               zero     0x200008c8     0xc  gpio.o [1]
  .bss               zero     0x200008d4     0xc  gpio.o [1]
  .bss               zero     0x200008e0     0xc  gpio.o [1]
  .bss               zero     0x200008ec     0x8  moto.o [1]
  .bss               zero     0x200008f4     0x8  moto.o [1]
  .bss               zero     0x200008fc     0x4  can1_bus.o [1]
  .bss               zero     0x20000900     0x4  can2_bus.o [1]
  .bss               zero     0x20000904     0x4  main.o [1]
  .bss               zero     0x20000908     0x2  can1_bus.o [1]
  .bss               zero     0x2000090a     0x2  can2_bus.o [1]
  .bss               zero     0x2000090c     0x2  flash.o [1]
  .bss               zero     0x2000090e     0x2  gpio.o [1]
  .bss               zero     0x20000910     0x2  moto.o [1]
  .bss               zero     0x20000912     0x2  moto.o [1]
  .bss               zero     0x20000914     0x1  gpio.o [1]
  .bss               zero     0x20000915     0x1  gpio.o [1]
  .bss               zero     0x20000916     0x1  gpio.o [1]
  .bss               zero     0x20000917     0x1  gpio.o [1]
  .bss               zero     0x20000918     0x1  gpio.o [1]
  .bss               zero     0x20000919     0x1  main.o [1]
                            - 0x2000091a   0x902

"P2", part 3 of 3:                         0x800
  CSTACK                      0x20000920   0x800  <Block>
    CSTACK           uninit   0x20000920   0x800  <Block tail>
                            - 0x20001120   0x800


*******************************************************************************
*** INIT TABLE
***

          Address     Size
          -------     ----
Zero (__iar_zero_init3)
    1 destination range, total size 0x902:
          0x20000018  0x902

Copy (__iar_copy_init3)
    1 source range, total size 0x18:
          0x08004428   0x18
    1 destination range, total size 0x18:
          0x20000000   0x18


*******************************************************************************
*** MODULE SUMMARY
***

    Module                  ro code  ro data  rw data
    ------                  -------  -------  -------
E:\roller_v2\exp_ctrl_drivetwo\Project\EWARMv5\STM3210C-EVAL\Obj: [1]
    can1_bus.o                  996             1 018
    can2_bus.o                2 144             1 018
    flash.o                     880                58
    gpio.o                    3 308               139
    main.o                      180                 5
    misc.o                      152
    moto.o                    2 112        4       72
    startup_stm32f10x_cl.o      616
    stm32f107.o               1 468
    stm32f10x_adc.o             312
    stm32f10x_can.o           1 318
    stm32f10x_flash.o           372
    stm32f10x_gpio.o            372
    stm32f10x_it.o              176
    stm32f10x_rcc.o             456       20       20
    stm32f10x_tim.o             418
    system_stm32f10x.o          408
    tcp_out.o                    14
    -------------------------------------------------
    Total:                   15 702       24    2 330

command line: [2]
    -------------------------------------------------
    Total:

dl7M_tln.a: [3]
    exit.o                        8
    low_level_init.o              4
    -------------------------------------------------
    Total:                       12

m7M_tl.a: [4]
    DblDiv.o                    582
    DblMul.o                    418
    DblToFlt.o                  144
    FltCmpGe.o                   36
    FltCmpLe.o                   36
    FltToDbl.o                   78
    I32ToFlt.o                   28
    -------------------------------------------------
    Total:                    1 322

rt7M_tl.a: [5]
    ABImemclr4.o                  6
    ABImemcpy.o                 112
    ABImemset48.o                56
    cexit.o                      10
    cmain.o                      22
    copy_init3.o                 46
    cstartup_M.o                 12
    data_init3.o                 44
    zero_init3.o                 34
    -------------------------------------------------
    Total:                      342

shb_l.a: [6]
    exit.o                       20
    -------------------------------------------------
    Total:                       20

    Gaps                         14
    Linker created                        36    2 048
-----------------------------------------------------
    Grand Total:             17 412       60    4 378


*******************************************************************************
*** ENTRY LIST
***

Entry                      Address   Size  Type      Object
-----                      -------   ----  ----      ------
?main                   0x080042c1         Code  Gb  cmain.o [5]
ADC1_2_IRQHandler       0x0800437d         Code  Wk  startup_stm32f10x_cl.o [1]
ADCPrescTable           0x20000010    0x4  Data  Lc  stm32f10x_rcc.o [1]
ADC_Cmd                 0x08003fbd   0x1a  Code  Gb  stm32f10x_adc.o [1]
ADC_Configuration       0x080038b7   0x8a  Code  Gb  stm32f107.o [1]
ADC_DeInit              0x08003f15   0x5c  Code  Gb  stm32f10x_adc.o [1]
ADC_GetCalibrationStatus
                        0x08003fff   0x14  Code  Gb  stm32f10x_adc.o [1]
ADC_GetResetCalibrationStatus
                        0x08003fe1   0x14  Code  Gb  stm32f10x_adc.o [1]
ADC_Init                0x08003f71   0x4c  Code  Gb  stm32f10x_adc.o [1]
ADC_ResetCalibration    0x08003fd7    0xa  Code  Gb  stm32f10x_adc.o [1]
ADC_StartCalibration    0x08003ff5    0xa  Code  Gb  stm32f10x_adc.o [1]
ADC_TempSensorVrefintCmd
                        0x08004013   0x22  Code  Gb  stm32f10x_adc.o [1]
APBAHBPrescTable        0x20000000   0x10  Data  Lc  stm32f10x_rcc.o [1]
BusFault_Handler        0x080041e9    0x8  Code  Gb  stm32f10x_it.o [1]
CAN1_RX0_IRQHandler     0x08004207   0x2c  Code  Gb  stm32f10x_it.o [1]
CAN1_RX1_IRQHandler     0x08004389         Code  Wk  startup_stm32f10x_cl.o [1]
CAN1_SCE_IRQHandler     0x0800438d         Code  Wk  startup_stm32f10x_cl.o [1]
CAN1_TX_IRQHandler      0x08004381         Code  Wk  startup_stm32f10x_cl.o [1]
CAN2_RX0_IRQHandler     0x08004419         Code  Wk  startup_stm32f10x_cl.o [1]
CAN2_RX1_IRQHandler     0x08004233   0x2c  Code  Gb  stm32f10x_it.o [1]
CAN2_SCE_IRQHandler     0x08004421         Code  Wk  startup_stm32f10x_cl.o [1]
CAN2_TX_IRQHandler      0x08004415         Code  Wk  startup_stm32f10x_cl.o [1]
CAN_ClearITPendingBit   0x08001d4d   0x96  Code  Gb  stm32f10x_can.o [1]
CAN_Configuration       0x08003415  0x14c  Code  Gb  stm32f107.o [1]
CAN_DeInit              0x080018bd   0x34  Code  Gb  stm32f10x_can.o [1]
CAN_FIFORelease         0x08001c63   0x12  Code  Gb  stm32f10x_can.o [1]
CAN_FilterInit          0x08001a01   0xe2  Code  Gb  stm32f10x_can.o [1]
CAN_ITConfig            0x08001b2d   0x18  Code  Gb  stm32f10x_can.o [1]
CAN_Init                0x080018f1  0x110  Code  Gb  stm32f10x_can.o [1]
CAN_Receive             0x08001c75   0xd8  Code  Gb  stm32f10x_can.o [1]
CAN_StructInit          0x08001ae3   0x2e  Code  Gb  stm32f10x_can.o [1]
CAN_Transmit            0x08001b45  0x11e  Code  Gb  stm32f10x_can.o [1]
CSTACK$$Base            0x20000920          --   Gb  - Linker created -
CSTACK$$Limit           0x20001120          --   Gb  - Linker created -
DMA1_Channel1_IRQHandler
                        0x08004361         Code  Wk  startup_stm32f10x_cl.o [1]
DMA1_Channel2_IRQHandler
                        0x08004365         Code  Wk  startup_stm32f10x_cl.o [1]
DMA1_Channel3_IRQHandler
                        0x08004369         Code  Wk  startup_stm32f10x_cl.o [1]
DMA1_Channel4_IRQHandler
                        0x0800436d         Code  Wk  startup_stm32f10x_cl.o [1]
DMA1_Channel5_IRQHandler
                        0x08004371         Code  Wk  startup_stm32f10x_cl.o [1]
DMA1_Channel6_IRQHandler
                        0x08004375         Code  Wk  startup_stm32f10x_cl.o [1]
DMA1_Channel7_IRQHandler
                        0x08004379         Code  Wk  startup_stm32f10x_cl.o [1]
DMA2_Channel1_IRQHandler
                        0x080043f9         Code  Wk  startup_stm32f10x_cl.o [1]
DMA2_Channel2_IRQHandler
                        0x080043fd         Code  Wk  startup_stm32f10x_cl.o [1]
DMA2_Channel3_IRQHandler
                        0x08004401         Code  Wk  startup_stm32f10x_cl.o [1]
DMA2_Channel4_IRQHandler
                        0x08004405         Code  Wk  startup_stm32f10x_cl.o [1]
DMA2_Channel5_IRQHandler
                        0x08004409         Code  Wk  startup_stm32f10x_cl.o [1]
DebugMon_Handler        0x080041fb    0x2  Code  Gb  stm32f10x_it.o [1]
ETH_IRQHandler          0x0800440d         Code  Wk  startup_stm32f10x_cl.o [1]
ETH_WKUP_IRQHandler     0x08004411         Code  Wk  startup_stm32f10x_cl.o [1]
EXTI0_IRQHandler        0x0800434d         Code  Wk  startup_stm32f10x_cl.o [1]
EXTI15_10_IRQHandler    0x080043d5         Code  Wk  startup_stm32f10x_cl.o [1]
EXTI1_IRQHandler        0x08004351         Code  Wk  startup_stm32f10x_cl.o [1]
EXTI2_IRQHandler        0x08004355         Code  Wk  startup_stm32f10x_cl.o [1]
EXTI3_IRQHandler        0x08004359         Code  Wk  startup_stm32f10x_cl.o [1]
EXTI4_IRQHandler        0x0800435d         Code  Wk  startup_stm32f10x_cl.o [1]
EXTI9_5_IRQHandler      0x08004391         Code  Wk  startup_stm32f10x_cl.o [1]
FLASH_ClearFlag         0x08004127    0x8  Code  Gb  stm32f10x_flash.o [1]
FLASH_ErasePage         0x08004075   0x64  Code  Gb  stm32f10x_flash.o [1]
FLASH_GetStatus         0x0800412f   0x2c  Code  Gb  stm32f10x_flash.o [1]
FLASH_IRQHandler        0x08004345         Code  Wk  startup_stm32f10x_cl.o [1]
FLASH_Lock              0x08004063   0x12  Code  Gb  stm32f10x_flash.o [1]
FLASH_ProgramHalfWord   0x080040d9   0x4e  Code  Gb  stm32f10x_flash.o [1]
FLASH_Unlock            0x0800404d   0x16  Code  Gb  stm32f10x_flash.o [1]
FLASH_WaitForLastOperation
                        0x08004175   0x30  Code  Gb  stm32f10x_flash.o [1]
GPIO_Configuration      0x080035b1  0x216  Code  Gb  stm32f107.o [1]
GPIO_Init               0x08000e3d   0xcc  Code  Gb  stm32f10x_gpio.o [1]
GPIO_PinRemapConfig     0x08000f3d   0x70  Code  Gb  stm32f10x_gpio.o [1]
GPIO_ReadInputDataBit   0x08000f09   0x16  Code  Gb  stm32f10x_gpio.o [1]
GPIO_ResetBits          0x08000f25    0x6  Code  Gb  stm32f10x_gpio.o [1]
GPIO_SetBits            0x08000f1f    0x6  Code  Gb  stm32f10x_gpio.o [1]
GPIO_WriteBit           0x08000f2b   0x12  Code  Gb  stm32f10x_gpio.o [1]
Get_Vcc_Volt            0x08002d9d   0x30  Code  Gb  main.o [1]
HardFault_Handler       0x080041d9    0x8  Code  Gb  stm32f10x_it.o [1]
I2C1_ER_IRQHandler      0x080043b5         Code  Wk  startup_stm32f10x_cl.o [1]
I2C1_EV_IRQHandler      0x080043b1         Code  Wk  startup_stm32f10x_cl.o [1]
I2C2_ER_IRQHandler      0x080043bd         Code  Wk  startup_stm32f10x_cl.o [1]
I2C2_EV_IRQHandler      0x080043b9         Code  Wk  startup_stm32f10x_cl.o [1]
LocalTime               0x20000904    0x4  Data  Gb  main.o [1]
MOT_Error_Detection_Process
                        0x0800251d  0x15a  Code  Gb  moto.o [1]
MemManage_Handler       0x080041e1    0x8  Code  Gb  stm32f10x_it.o [1]
Mot_Set_Start_Cmd       0x08002283   0x64  Code  Gb  moto.o [1]
Mot_Speed_Output_Handle
                        0x080022e7  0x236  Code  Gb  moto.o [1]
Mot_msg_init            0x080021e9   0x22  Code  Gb  moto.o [1]
Mot_upload_all_state    0x08002677  0x1a4  Code  Gb  moto.o [1]
NMI_Handler             0x080041d7    0x2  Code  Gb  stm32f10x_it.o [1]
NVIC_Configuration      0x080037c7   0x52  Code  Gb  stm32f107.o [1]
NVIC_Init               0x08003e87   0x66  Code  Gb  misc.o [1]
NVIC_PriorityGroupConfig
                        0x08003e7d    0xa  Code  Gb  misc.o [1]
NVIC_SetPriority        0x080033b9   0x26  Code  Lc  stm32f107.o [1]
NVIC_SetVectorTable     0x08003eed    0xc  Code  Gb  misc.o [1]
NVIC_SystemReset        0x08001e05   0x1c  Code  Lc  can1_bus.o [1]
NVIC_SystemReset        0x08000fb1   0x1c  Code  Lc  can2_bus.o [1]
NVIC_SystemReset        0x080041c1   0x16  Code  Lc  stm32f10x_it.o [1]
OTG_FS_IRQHandler       0x08004425         Code  Wk  startup_stm32f10x_cl.o [1]
OTG_FS_WKUP_IRQHandler  0x080043dd         Code  Wk  startup_stm32f10x_cl.o [1]
PVD_IRQHandler          0x08004339         Code  Wk  startup_stm32f10x_cl.o [1]
PWM_OUT_Init            0x08003819   0x9e  Code  Gb  stm32f107.o [1]
PendSV_Handler          0x080041fd    0x2  Code  Gb  stm32f10x_it.o [1]
RCC_ADCCLKConfig        0x08002a31   0x14  Code  Gb  stm32f10x_rcc.o [1]
RCC_APB1PeriphClockCmd  0x08002b71   0x20  Code  Gb  stm32f10x_rcc.o [1]
RCC_APB1PeriphResetCmd  0x08002bb1   0x20  Code  Gb  stm32f10x_rcc.o [1]
RCC_APB2PeriphClockCmd  0x08002b51   0x20  Code  Gb  stm32f10x_rcc.o [1]
RCC_APB2PeriphResetCmd  0x08002b91   0x20  Code  Gb  stm32f10x_rcc.o [1]
RCC_GetClocksFreq       0x08002a45  0x10c  Code  Gb  stm32f10x_rcc.o [1]
RCC_IRQHandler          0x08004349         Code  Wk  startup_stm32f10x_cl.o [1]
RTCAlarm_IRQHandler     0x080043d9         Code  Wk  startup_stm32f10x_cl.o [1]
RTC_IRQHandler          0x08004341         Code  Wk  startup_stm32f10x_cl.o [1]
Region$$Table$$Base     0x0800429c          --   Gb  - Linker created -
Region$$Table$$Limit    0x080042c0          --   Gb  - Linker created -
SPI1_IRQHandler         0x080043c1         Code  Wk  startup_stm32f10x_cl.o [1]
SPI2_IRQHandler         0x080043c5         Code  Wk  startup_stm32f10x_cl.o [1]
SPI3_IRQHandler         0x080043e5         Code  Wk  startup_stm32f10x_cl.o [1]
SVC_Handler             0x080041f9    0x2  Code  Gb  stm32f10x_it.o [1]
SetSysClock             0x08003d43    0x8  Code  Lc  system_stm32f10x.o [1]
SetSysClockTo72         0x08003d4b  0x10e  Code  Lc  system_stm32f10x.o [1]
Set_Mot_Roll_Paras      0x0800220b   0x78  Code  Gb  moto.o [1]
SysTick_Config          0x080033df   0x36  Code  Lc  stm32f107.o [1]
SysTick_Handler         0x080041ff    0x8  Code  Gb  stm32f10x_it.o [1]
SystemInit              0x08003ce5   0x5e  Code  Gb  system_stm32f10x.o [1]
System_Setup            0x08003561   0x50  Code  Gb  stm32f107.o [1]
TAMPER_IRQHandler       0x0800433d         Code  Wk  startup_stm32f10x_cl.o [1]
TIM1_BRK_IRQHandler     0x08004395         Code  Wk  startup_stm32f10x_cl.o [1]
TIM1_CC_IRQHandler      0x080043a1         Code  Wk  startup_stm32f10x_cl.o [1]
TIM1_TRG_COM_IRQHandler
                        0x0800439d         Code  Wk  startup_stm32f10x_cl.o [1]
TIM1_UP_IRQHandler      0x08004399         Code  Wk  startup_stm32f10x_cl.o [1]
TIM2_IRQHandler         0x080043a5         Code  Wk  startup_stm32f10x_cl.o [1]
TIM3_IRQHandler         0x080043a9         Code  Wk  startup_stm32f10x_cl.o [1]
TIM4_IRQHandler         0x080043ad         Code  Wk  startup_stm32f10x_cl.o [1]
TIM5_IRQHandler         0x080043e1         Code  Wk  startup_stm32f10x_cl.o [1]
TIM6_IRQHandler         0x080043f1         Code  Wk  startup_stm32f10x_cl.o [1]
TIM7_IRQHandler         0x080043f5         Code  Wk  startup_stm32f10x_cl.o [1]
TIM_ARRPreloadConfig    0x08002d51   0x1c  Code  Gb  stm32f10x_tim.o [1]
TIM_Cmd                 0x08002d35   0x1c  Code  Gb  stm32f10x_tim.o [1]
TIM_OC1Init             0x08002c2f   0x78  Code  Gb  stm32f10x_tim.o [1]
TIM_OC1PreloadConfig    0x08002d6d   0x12  Code  Gb  stm32f10x_tim.o [1]
TIM_OC2Init             0x08002ca7   0x86  Code  Gb  stm32f10x_tim.o [1]
TIM_OC2PreloadConfig    0x08002d7f   0x14  Code  Gb  stm32f10x_tim.o [1]
TIM_SetCompare1         0x08002d93    0x4  Code  Gb  stm32f10x_tim.o [1]
TIM_SetCompare2         0x08002d97    0x4  Code  Gb  stm32f10x_tim.o [1]
TIM_TimeBaseInit        0x08002bf9   0x36  Code  Gb  stm32f10x_tim.o [1]
Time_Update             0x08002de5   0x12  Code  Gb  main.o [1]
UART4_IRQHandler        0x080043e9         Code  Wk  startup_stm32f10x_cl.o [1]
UART5_IRQHandler        0x080043ed         Code  Wk  startup_stm32f10x_cl.o [1]
USART1_IRQHandler       0x080043c9         Code  Wk  startup_stm32f10x_cl.o [1]
USART2_IRQHandler       0x080043cd         Code  Wk  startup_stm32f10x_cl.o [1]
USART3_IRQHandler       0x080043d1         Code  Wk  startup_stm32f10x_cl.o [1]
UsageFault_Handler      0x080041f1    0x8  Code  Gb  stm32f10x_it.o [1]
WWDG_IRQHandler         0x08004335         Code  Wk  startup_stm32f10x_cl.o [1]
__aeabi_cfcmple         0x08002e51         Code  Gb  FltCmpLe.o [4]
__aeabi_cfrcmple        0x08002e75         Code  Gb  FltCmpGe.o [4]
__aeabi_d2f             0x08003329         Code  Gb  DblToFlt.o [4]
__aeabi_ddiv            0x080030e1         Code  Gb  DblDiv.o [4]
__aeabi_dmul            0x08002f3d         Code  Gb  DblMul.o [4]
__aeabi_f2d             0x08002eed         Code  Gb  FltToDbl.o [4]
__aeabi_memclr4         0x08002a29         Code  Gb  ABImemclr4.o [5]
__aeabi_memcpy          0x08001811         Code  Gb  ABImemcpy.o [5]
__aeabi_memcpy4         0x0800182b         Code  Gb  ABImemcpy.o [5]
__aeabi_memcpy8         0x0800182b         Code  Gb  ABImemcpy.o [5]
__aeabi_memset4         0x08002e99         Code  Gb  ABImemset48.o [5]
__aeabi_memset8         0x08002e99         Code  Gb  ABImemset48.o [5]
__aeabi_ui2f            0x08002ed1         Code  Gb  I32ToFlt.o [4]
__cmain                 0x080042c1         Code  Gb  cmain.o [5]
__exit                  0x080042f1   0x14  Code  Gb  exit.o [6]
__iar_Memset4_word      0x08002ea1         Code  Gb  ABImemset48.o [5]
__iar_Memset8_word      0x08002ea1         Code  Gb  ABImemset48.o [5]
__iar_copy_init3        0x0800188f   0x2e  Code  Gb  copy_init3.o [5]
__iar_data_init3        0x08004271   0x2c  Code  Gb  data_init3.o [5]
__iar_program_start     0x08004305         Code  Gb  cstartup_M.o [5]
__iar_ui2f              0x08002ed3         Code  Gb  I32ToFlt.o [4]
__iar_zero_init3        0x08001de3   0x22  Code  Gb  zero_init3.o [5]
__low_level_init        0x080042d7    0x4  Code  Gb  low_level_init.o [3]
__vector_table          0x08000000         Data  Gb  startup_stm32f10x_cl.o [1]
_call_main              0x080042cd         Code  Gb  cmain.o [5]
_exit                   0x080042e5         Code  Gb  cexit.o [5]
_main                   0x080042d3         Code  Gb  cmain.o [5]
can_recv_set_para       0x0800147f   0xec  Code  Gb  can2_bus.o [1]
can_reply_read_para     0x080015b3  0x222  Code  Gb  can2_bus.o [1]
can_reply_set_para      0x0800156b   0x48  Code  Gb  can2_bus.o [1]
canbus_recv_can_msg     0x0800144b   0x34  Code  Gb  can2_bus.o [1]
canbus_recv_start_cmd   0x080013d9   0x72  Code  Gb  can2_bus.o [1]
canframequeue_one       0x20000850    0xc  Data  Gb  can1_bus.o [1]
canframequeue_two       0x2000085c    0xc  Data  Gb  can2_bus.o [1]
canframequeuebuff_one   0x20000018  0x2bc  Data  Gb  can1_bus.o [1]
canframequeuebuff_two   0x200002d4  0x2bc  Data  Gb  can2_bus.o [1]
canone_ctrl             0x200008fc    0x4  Data  Gb  can1_bus.o [1]
canone_recv_buff        0x20000590  0x12c  Data  Gb  can1_bus.o [1]
canone_recv_len         0x20000908    0x2  Data  Gb  can1_bus.o [1]
cansend_framecnt_one    0x20000014    0x2  Data  Gb  moto.o [1]
cansend_framecnt_two    0x20000016    0x2  Data  Gb  moto.o [1]
cantwo_ctrl             0x20000900    0x4  Data  Gb  can2_bus.o [1]
cantwo_recv_buff        0x200006bc  0x12c  Data  Gb  can2_bus.o [1]
cantwo_recv_len         0x2000090a    0x2  Data  Gb  can2_bus.o [1]
delay                   0x080041a5   0x1c  Code  Lc  stm32f10x_flash.o [1]
exit                    0x080042db    0x8  Code  Gb  exit.o [3]
flash_init              0x08003975  0x242  Code  Gb  flash.o [1]
flash_upload_flag       0x2000090c    0x2  Data  Gb  flash.o [1]
flash_upload_write_buff
                        0x08003bf3   0xc6  Code  Gb  flash.o [1]
flash_write_buff        0x08003bb7   0x3c  Code  Gb  flash.o [1]
g_alarm_flag            0x20000917    0x1  Data  Gb  gpio.o [1]
gpio_Led_Blink_Handle   0x08000c8f  0x15e  Code  Gb  gpio.o [1]
gpio_Led_Set_Mode       0x08000bab   0xe4  Code  Gb  gpio.o [1]
gpio_handleInputScan    0x08000151  0xa5a  Code  Gb  gpio.o [1]
input_dip_dir           0x200008d4    0xc  Data  Gb  gpio.o [1]
input_dip_mod           0x200008e0    0xc  Data  Gb  gpio.o [1]
input_dip_speed         0x200008c8    0xc  Data  Gb  gpio.o [1]
input_in1_1             0x20000868    0xc  Data  Gb  gpio.o [1]
input_in1_2             0x20000874    0xc  Data  Gb  gpio.o [1]
input_in2_1             0x20000880    0xc  Data  Gb  gpio.o [1]
input_in2_2             0x2000088c    0xc  Data  Gb  gpio.o [1]
input_mot1_alarm        0x200008b0    0xc  Data  Gb  gpio.o [1]
input_mot2_alarm        0x200008bc    0xc  Data  Gb  gpio.o [1]
input_x1                0x20000898    0xc  Data  Gb  gpio.o [1]
input_x2                0x200008a4    0xc  Data  Gb  gpio.o [1]
led_blink_cnt           0x2000090e    0x2  Data  Gb  gpio.o [1]
led_mot1_blk_mode       0x20000915    0x1  Data  Gb  gpio.o [1]
led_mot2_blk_mode       0x20000916    0x1  Data  Gb  gpio.o [1]
led_status_blk_mode     0x20000914    0x1  Data  Gb  gpio.o [1]
localStation            0x20000918    0x1  Data  Gb  gpio.o [1]
main                    0x08002dcd   0x18  Code  Gb  main.o [1]
main_init_process       0x08002df7   0x14  Code  Gb  main.o [1]
main_onems_process      0x08002e0b   0x32  Code  Gb  main.o [1]
memcpy                  0x08001881    0xe  Code  Gb  tcp_out.o [1]
mot1_info               0x20000820   0x18  Data  Gb  moto.o [1]
mot2_info               0x20000838   0x18  Data  Gb  moto.o [1]
moto_set_run_cmd        0x0800293f   0xa6  Code  Gb  moto.o [1]
moto_upload_moudle_status
                        0x0800281b  0x124  Code  Gb  moto.o [1]
motolocal               0x200007e8   0x1c  Data  Gb  flash.o [1]
mototemp                0x20000804   0x1c  Data  Gb  flash.o [1]
moudle1_info            0x200008ec    0x8  Data  Gb  moto.o [1]
moudle2_info            0x200008f4    0x8  Data  Gb  moto.o [1]
msone_flag              0x20000919    0x1  Data  Gb  main.o [1]
para_data_recv_process  0x0800139f   0x3a  Code  Gb  can2_bus.o [1]
ramp_delay              0x20000910    0x2  Data  Gb  moto.o [1]
u8canbus_send_oneframe_one
                        0x08001e7d   0x66  Code  Gb  can1_bus.o [1]
u8canbus_send_oneframe_two
                        0x08001029   0x68  Code  Gb  can2_bus.o [1]
upload_state_cnt        0x20000912    0x2  Data  Gb  moto.o [1]
vcan_sendframe_process_one
                        0x08002179   0x4a  Code  Gb  can1_bus.o [1]
vcan_sendframe_process_two
                        0x08001353   0x4c  Code  Gb  can2_bus.o [1]
vcan_sendmsg_one        0x0800209b   0xde  Code  Gb  can1_bus.o [1]
vcan_sendmsg_two        0x08001273   0xe0  Code  Gb  can2_bus.o [1]
vcanbus_addto_cansendqueue_one
                        0x08001e3b   0x42  Code  Gb  can1_bus.o [1]
vcanbus_addto_cansendqueue_two
                        0x08000fe7   0x42  Code  Gb  can2_bus.o [1]
vcanbus_frame_receive_two
                        0x08001091  0x1e2  Code  Gb  can2_bus.o [1]
vcanbus_framereceive_one
                        0x08001ee3  0x1b8  Code  Gb  can1_bus.o [1]
vcanbus_initcansendqueue_one
                        0x08001e21   0x1a  Code  Gb  can1_bus.o [1]
vcanbus_initcansendqueue_two
                        0x08000fcd   0x1a  Code  Gb  can2_bus.o [1]


[1] = E:\roller_v2\exp_ctrl_drivetwo\Project\EWARMv5\STM3210C-EVAL\Obj
[2] = command line
[3] = dl7M_tln.a
[4] = m7M_tl.a
[5] = rt7M_tl.a
[6] = shb_l.a

  17 412 bytes of readonly  code memory
      60 bytes of readonly  data memory
   4 378 bytes of readwrite data memory

Errors: none
Warnings: none
