###############################################################################
#                                                                             #
# IAR ELF Linker V6.10.1.52143/W32 for ARM              05/Jul/2023  14:41:59 #
# Copyright 2007-2010 IAR Systems AB.                                         #
#                                                                             #
#    Output file  =  C:\Users\yc\Desktop\exp_car_ctrl_slaver\Project\EWARMv5_ #
#                    iap\STM3210C-EVAL\Exe\STM3210C-EVAL.out                  #
#    Map file     =  C:\Users\yc\Desktop\exp_car_ctrl_slaver\Project\EWARMv5_ #
#                    iap\STM3210C-EVAL\List\STM3210C-EVAL.map                 #
#    Command line =  C:\Users\yc\Desktop\exp_car_ctrl_slaver\Project\EWARMv5_ #
#                    iap\STM3210C-EVAL\Obj\TCPclient.o                        #
#                    C:\Users\yc\Desktop\exp_car_ctrl_slaver\Project\EWARMv5_ #
#                    iap\STM3210C-EVAL\Obj\api_lib.o                          #
#                    C:\Users\yc\Desktop\exp_car_ctrl_slaver\Project\EWARMv5_ #
#                    iap\STM3210C-EVAL\Obj\api_msg.o                          #
#                    C:\Users\yc\Desktop\exp_car_ctrl_slaver\Project\EWARMv5_ #
#                    iap\STM3210C-EVAL\Obj\autoip.o                           #
#                    C:\Users\yc\Desktop\exp_car_ctrl_slaver\Project\EWARMv5_ #
#                    iap\STM3210C-EVAL\Obj\can1_bus.o                         #
#                    C:\Users\yc\Desktop\exp_car_ctrl_slaver\Project\EWARMv5_ #
#                    iap\STM3210C-EVAL\Obj\can2_bus.o                         #
#                    C:\Users\yc\Desktop\exp_car_ctrl_slaver\Project\EWARMv5_ #
#                    iap\STM3210C-EVAL\Obj\core_cm3.o                         #
#                    C:\Users\yc\Desktop\exp_car_ctrl_slaver\Project\EWARMv5_ #
#                    iap\STM3210C-EVAL\Obj\data.o                             #
#                    C:\Users\yc\Desktop\exp_car_ctrl_slaver\Project\EWARMv5_ #
#                    iap\STM3210C-EVAL\Obj\dhcp.o                             #
#                    C:\Users\yc\Desktop\exp_car_ctrl_slaver\Project\EWARMv5_ #
#                    iap\STM3210C-EVAL\Obj\err.o                              #
#                    C:\Users\yc\Desktop\exp_car_ctrl_slaver\Project\EWARMv5_ #
#                    iap\STM3210C-EVAL\Obj\etharp.o                           #
#                    C:\Users\yc\Desktop\exp_car_ctrl_slaver\Project\EWARMv5_ #
#                    iap\STM3210C-EVAL\Obj\ethernetif.o                       #
#                    C:\Users\yc\Desktop\exp_car_ctrl_slaver\Project\EWARMv5_ #
#                    iap\STM3210C-EVAL\Obj\fun.o                              #
#                    C:\Users\yc\Desktop\exp_car_ctrl_slaver\Project\EWARMv5_ #
#                    iap\STM3210C-EVAL\Obj\icmp.o                             #
#                    C:\Users\yc\Desktop\exp_car_ctrl_slaver\Project\EWARMv5_ #
#                    iap\STM3210C-EVAL\Obj\igmp.o                             #
#                    C:\Users\yc\Desktop\exp_car_ctrl_slaver\Project\EWARMv5_ #
#                    iap\STM3210C-EVAL\Obj\inet.o                             #
#                    C:\Users\yc\Desktop\exp_car_ctrl_slaver\Project\EWARMv5_ #
#                    iap\STM3210C-EVAL\Obj\inet_chksum.o                      #
#                    C:\Users\yc\Desktop\exp_car_ctrl_slaver\Project\EWARMv5_ #
#                    iap\STM3210C-EVAL\Obj\init.o                             #
#                    C:\Users\yc\Desktop\exp_car_ctrl_slaver\Project\EWARMv5_ #
#                    iap\STM3210C-EVAL\Obj\ip.o C:\Users\yc\Desktop\exp_car_c #
#                    trl_slaver\Project\EWARMv5_iap\STM3210C-EVAL\Obj\ip_addr #
#                    .o C:\Users\yc\Desktop\exp_car_ctrl_slaver\Project\EWARM #
#                    v5_iap\STM3210C-EVAL\Obj\ip_frag.o                       #
#                    C:\Users\yc\Desktop\exp_car_ctrl_slaver\Project\EWARMv5_ #
#                    iap\STM3210C-EVAL\Obj\list.o                             #
#                    C:\Users\yc\Desktop\exp_car_ctrl_slaver\Project\EWARMv5_ #
#                    iap\STM3210C-EVAL\Obj\main.o                             #
#                    C:\Users\yc\Desktop\exp_car_ctrl_slaver\Project\EWARMv5_ #
#                    iap\STM3210C-EVAL\Obj\mem.o                              #
#                    C:\Users\yc\Desktop\exp_car_ctrl_slaver\Project\EWARMv5_ #
#                    iap\STM3210C-EVAL\Obj\memp.o                             #
#                    C:\Users\yc\Desktop\exp_car_ctrl_slaver\Project\EWARMv5_ #
#                    iap\STM3210C-EVAL\Obj\misc.o                             #
#                    C:\Users\yc\Desktop\exp_car_ctrl_slaver\Project\EWARMv5_ #
#                    iap\STM3210C-EVAL\Obj\netbuf.o                           #
#                    C:\Users\yc\Desktop\exp_car_ctrl_slaver\Project\EWARMv5_ #
#                    iap\STM3210C-EVAL\Obj\netconf.o                          #
#                    C:\Users\yc\Desktop\exp_car_ctrl_slaver\Project\EWARMv5_ #
#                    iap\STM3210C-EVAL\Obj\netdb.o                            #
#                    C:\Users\yc\Desktop\exp_car_ctrl_slaver\Project\EWARMv5_ #
#                    iap\STM3210C-EVAL\Obj\netif.o                            #
#                    C:\Users\yc\Desktop\exp_car_ctrl_slaver\Project\EWARMv5_ #
#                    iap\STM3210C-EVAL\Obj\netifapi.o                         #
#                    C:\Users\yc\Desktop\exp_car_ctrl_slaver\Project\EWARMv5_ #
#                    iap\STM3210C-EVAL\Obj\pbuf.o                             #
#                    C:\Users\yc\Desktop\exp_car_ctrl_slaver\Project\EWARMv5_ #
#                    iap\STM3210C-EVAL\Obj\photo.o                            #
#                    C:\Users\yc\Desktop\exp_car_ctrl_slaver\Project\EWARMv5_ #
#                    iap\STM3210C-EVAL\Obj\position.o                         #
#                    C:\Users\yc\Desktop\exp_car_ctrl_slaver\Project\EWARMv5_ #
#                    iap\STM3210C-EVAL\Obj\raw.o                              #
#                    C:\Users\yc\Desktop\exp_car_ctrl_slaver\Project\EWARMv5_ #
#                    iap\STM3210C-EVAL\Obj\startup_stm32f10x_cl.o             #
#                    C:\Users\yc\Desktop\exp_car_ctrl_slaver\Project\EWARMv5_ #
#                    iap\STM3210C-EVAL\Obj\stats.o                            #
#                    C:\Users\yc\Desktop\exp_car_ctrl_slaver\Project\EWARMv5_ #
#                    iap\STM3210C-EVAL\Obj\stm32_eth.o                        #
#                    C:\Users\yc\Desktop\exp_car_ctrl_slaver\Project\EWARMv5_ #
#                    iap\STM3210C-EVAL\Obj\stm32f107.o                        #
#                    C:\Users\yc\Desktop\exp_car_ctrl_slaver\Project\EWARMv5_ #
#                    iap\STM3210C-EVAL\Obj\stm32f10x_adc.o                    #
#                    C:\Users\yc\Desktop\exp_car_ctrl_slaver\Project\EWARMv5_ #
#                    iap\STM3210C-EVAL\Obj\stm32f10x_bkp.o                    #
#                    C:\Users\yc\Desktop\exp_car_ctrl_slaver\Project\EWARMv5_ #
#                    iap\STM3210C-EVAL\Obj\stm32f10x_can.o                    #
#                    C:\Users\yc\Desktop\exp_car_ctrl_slaver\Project\EWARMv5_ #
#                    iap\STM3210C-EVAL\Obj\stm32f10x_dma.o                    #
#                    C:\Users\yc\Desktop\exp_car_ctrl_slaver\Project\EWARMv5_ #
#                    iap\STM3210C-EVAL\Obj\stm32f10x_exti.o                   #
#                    C:\Users\yc\Desktop\exp_car_ctrl_slaver\Project\EWARMv5_ #
#                    iap\STM3210C-EVAL\Obj\stm32f10x_flash.o                  #
#                    C:\Users\yc\Desktop\exp_car_ctrl_slaver\Project\EWARMv5_ #
#                    iap\STM3210C-EVAL\Obj\stm32f10x_gpio.o                   #
#                    C:\Users\yc\Desktop\exp_car_ctrl_slaver\Project\EWARMv5_ #
#                    iap\STM3210C-EVAL\Obj\stm32f10x_i2c.o                    #
#                    C:\Users\yc\Desktop\exp_car_ctrl_slaver\Project\EWARMv5_ #
#                    iap\STM3210C-EVAL\Obj\stm32f10x_it.o                     #
#                    C:\Users\yc\Desktop\exp_car_ctrl_slaver\Project\EWARMv5_ #
#                    iap\STM3210C-EVAL\Obj\stm32f10x_pwr.o                    #
#                    C:\Users\yc\Desktop\exp_car_ctrl_slaver\Project\EWARMv5_ #
#                    iap\STM3210C-EVAL\Obj\stm32f10x_rcc.o                    #
#                    C:\Users\yc\Desktop\exp_car_ctrl_slaver\Project\EWARMv5_ #
#                    iap\STM3210C-EVAL\Obj\stm32f10x_rtc.o                    #
#                    C:\Users\yc\Desktop\exp_car_ctrl_slaver\Project\EWARMv5_ #
#                    iap\STM3210C-EVAL\Obj\stm32f10x_spi.o                    #
#                    C:\Users\yc\Desktop\exp_car_ctrl_slaver\Project\EWARMv5_ #
#                    iap\STM3210C-EVAL\Obj\stm32f10x_tim.o                    #
#                    C:\Users\yc\Desktop\exp_car_ctrl_slaver\Project\EWARMv5_ #
#                    iap\STM3210C-EVAL\Obj\stm32f10x_usart.o                  #
#                    C:\Users\yc\Desktop\exp_car_ctrl_slaver\Project\EWARMv5_ #
#                    iap\STM3210C-EVAL\Obj\sys.o                              #
#                    C:\Users\yc\Desktop\exp_car_ctrl_slaver\Project\EWARMv5_ #
#                    iap\STM3210C-EVAL\Obj\system_stm32f10x.o                 #
#                    C:\Users\yc\Desktop\exp_car_ctrl_slaver\Project\EWARMv5_ #
#                    iap\STM3210C-EVAL\Obj\tcp.o                              #
#                    C:\Users\yc\Desktop\exp_car_ctrl_slaver\Project\EWARMv5_ #
#                    iap\STM3210C-EVAL\Obj\tcp_in.o                           #
#                    C:\Users\yc\Desktop\exp_car_ctrl_slaver\Project\EWARMv5_ #
#                    iap\STM3210C-EVAL\Obj\tcp_out.o                          #
#                    C:\Users\yc\Desktop\exp_car_ctrl_slaver\Project\EWARMv5_ #
#                    iap\STM3210C-EVAL\Obj\tcpip.o                            #
#                    C:\Users\yc\Desktop\exp_car_ctrl_slaver\Project\EWARMv5_ #
#                    iap\STM3210C-EVAL\Obj\uart4.o                            #
#                    C:\Users\yc\Desktop\exp_car_ctrl_slaver\Project\EWARMv5_ #
#                    iap\STM3210C-EVAL\Obj\udp.o                              #
#                    C:\Users\yc\Desktop\exp_car_ctrl_slaver\Project\EWARMv5_ #
#                    iap\STM3210C-EVAL\Obj\usart1.o                           #
#                    C:\Users\yc\Desktop\exp_car_ctrl_slaver\Project\EWARMv5_ #
#                    iap\STM3210C-EVAL\Obj\usart2.o -o                        #
#                    C:\Users\yc\Desktop\exp_car_ctrl_slaver\Project\EWARMv5_ #
#                    iap\STM3210C-EVAL\Exe\STM3210C-EVAL.out --map            #
#                    C:\Users\yc\Desktop\exp_car_ctrl_slaver\Project\EWARMv5_ #
#                    iap\STM3210C-EVAL\List\STM3210C-EVAL.map --config        #
#                    C:\Users\yc\Desktop\exp_car_ctrl_slaver\Project\EWARMv5_ #
#                    iap\STM32F10x_FLASH.icf --semihosting --entry            #
#                    __iar_program_start                                      #
#                                                                             #
#                                                                             #
###############################################################################

*******************************************************************************
*** RUNTIME MODEL ATTRIBUTES
***

CppFlavor       = *
__SystemLibrary = DLib


*******************************************************************************
*** PLACEMENT SUMMARY
***

"A1":  place at 0x08010000 { ro section .intvec };
"P1":  place in [from 0x08008000 to 0x0803ffff] { ro };
"P2":  place in [from 0x20000000 to 0x2000ffff] { rw, block CSTACK, block HEAP };

  Section            Kind        Address    Size  Object
  -------            ----        -------    ----  ------
"A1":                                      0x150
  .intvec            ro code  0x08010000   0x150  startup_stm32f10x_cl.o [1]
                            - 0x08010150   0x150

"P1":                                     0x63c0
  .text              ro code  0x08010150  0x12ac  position.o [1]
  .text              ro code  0x080113fc   0x290  data.o [1]
  .text              ro code  0x0801168c    0x4c  list.o [1]
  .text              ro code  0x080116d8    0x70  ABImemcpy.o [4]
  .text              ro code  0x08011748   0xaf8  usart1.o [1]
  .text              ro code  0x08012240   0xaf4  uart4.o [1]
  .text              ro code  0x08012d34   0x1f0  stm32f10x_gpio.o [1]
  .text              ro code  0x08012f24   0x10a  stm32f10x_usart.o [1]
  .text              ro code  0x0801302e    0x2e  copy_init3.o [4]
  .text              ro code  0x0801305c    0x74  stm32f10x_dma.o [1]
  .text              ro code  0x080130d0   0xf98  usart2.o [1]
  .text              ro code  0x08014068   0x8a0  can2_bus.o [1]
  .text              ro code  0x08014908    0x16  tcp_out.o [1]
  .text              ro code  0x0801491e    0x22  zero_init3.o [4]
  .text              ro code  0x08014940   0x544  stm32f10x_can.o [1]
  .text              ro code  0x08014e84     0x6  ABImemclr4.o [4]
  .text              ro code  0x08014e8c   0x240  stm32f10x_rcc.o [1]
  .text              ro code  0x080150cc    0x38  ABImemset48.o [4]
  .text              ro code  0x08015104   0x3fc  stm32f107.o [1]
  .text              ro code  0x08015500   0x19c  system_stm32f10x.o [1]
  .text              ro code  0x0801569c    0x9c  misc.o [1]
  .text              ro code  0x08015738   0x350  stm32f10x_it.o [1]
  .text              ro code  0x08015a88   0x2a8  main.o [1]
  .text              ro code  0x08015d30    0x3a  stm32f10x_tim.o [1]
  .text              ro code  0x08015d6c   0x198  can1_bus.o [1]
  .text              ro code  0x08015f04   0x17e  stm32f10x_flash.o [1]
  .text              ro code  0x08016084   0x298  photo.o [1]
  .text              ro code  0x0801631c    0x20  fun.o [1]
  .text              ro code  0x0801633c    0x2c  data_init3.o [4]
  .iar.init_table    const    0x08016368    0x24  - Linker created -
  .text              ro code  0x0801638c    0x16  cmain.o [4]
  .text              ro code  0x080163a2     0x4  low_level_init.o [3]
  .text              ro code  0x080163a6     0x8  exit.o [3]
  .text              ro code  0x080163b0     0xa  cexit.o [4]
  .text              ro code  0x080163bc    0x14  exit.o [5]
  .text              ro code  0x080163d0     0xc  cstartup_M.o [4]
  .text              ro code  0x080163dc     0x4  startup_stm32f10x_cl.o [1]
  .text              ro code  0x080163e0     0x4  startup_stm32f10x_cl.o [1]
  .text              ro code  0x080163e4     0x4  startup_stm32f10x_cl.o [1]
  .text              ro code  0x080163e8     0x4  startup_stm32f10x_cl.o [1]
  .text              ro code  0x080163ec     0x4  startup_stm32f10x_cl.o [1]
  .text              ro code  0x080163f0     0x4  startup_stm32f10x_cl.o [1]
  .text              ro code  0x080163f4     0x4  startup_stm32f10x_cl.o [1]
  .text              ro code  0x080163f8     0x4  startup_stm32f10x_cl.o [1]
  .text              ro code  0x080163fc     0x4  startup_stm32f10x_cl.o [1]
  .text              ro code  0x08016400     0x4  startup_stm32f10x_cl.o [1]
  .text              ro code  0x08016404     0x4  startup_stm32f10x_cl.o [1]
  .text              ro code  0x08016408     0x4  startup_stm32f10x_cl.o [1]
  .text              ro code  0x0801640c     0x4  startup_stm32f10x_cl.o [1]
  .text              ro code  0x08016410     0x4  startup_stm32f10x_cl.o [1]
  .text              ro code  0x08016414     0x4  startup_stm32f10x_cl.o [1]
  .text              ro code  0x08016418     0x4  startup_stm32f10x_cl.o [1]
  .text              ro code  0x0801641c     0x4  startup_stm32f10x_cl.o [1]
  .text              ro code  0x08016420     0x4  startup_stm32f10x_cl.o [1]
  .text              ro code  0x08016424     0x4  startup_stm32f10x_cl.o [1]
  .text              ro code  0x08016428     0x4  startup_stm32f10x_cl.o [1]
  .text              ro code  0x0801642c     0x4  startup_stm32f10x_cl.o [1]
  .text              ro code  0x08016430     0x4  startup_stm32f10x_cl.o [1]
  .text              ro code  0x08016434     0x4  startup_stm32f10x_cl.o [1]
  .text              ro code  0x08016438     0x4  startup_stm32f10x_cl.o [1]
  .text              ro code  0x0801643c     0x4  startup_stm32f10x_cl.o [1]
  .text              ro code  0x08016440     0x4  startup_stm32f10x_cl.o [1]
  .text              ro code  0x08016444     0x4  startup_stm32f10x_cl.o [1]
  .text              ro code  0x08016448     0x4  startup_stm32f10x_cl.o [1]
  .text              ro code  0x0801644c     0x4  startup_stm32f10x_cl.o [1]
  .text              ro code  0x08016450     0x4  startup_stm32f10x_cl.o [1]
  .text              ro code  0x08016454     0x4  startup_stm32f10x_cl.o [1]
  .text              ro code  0x08016458     0x4  startup_stm32f10x_cl.o [1]
  .text              ro code  0x0801645c     0x4  startup_stm32f10x_cl.o [1]
  .text              ro code  0x08016460     0x4  startup_stm32f10x_cl.o [1]
  .text              ro code  0x08016464     0x4  startup_stm32f10x_cl.o [1]
  .text              ro code  0x08016468     0x4  startup_stm32f10x_cl.o [1]
  .text              ro code  0x0801646c     0x4  startup_stm32f10x_cl.o [1]
  .text              ro code  0x08016470     0x4  startup_stm32f10x_cl.o [1]
  .text              ro code  0x08016474     0x4  startup_stm32f10x_cl.o [1]
  .text              ro code  0x08016478     0x4  startup_stm32f10x_cl.o [1]
  .text              ro code  0x0801647c     0x4  startup_stm32f10x_cl.o [1]
  .text              ro code  0x08016480     0x4  startup_stm32f10x_cl.o [1]
  .text              ro code  0x08016484     0x4  startup_stm32f10x_cl.o [1]
  .text              ro code  0x08016488     0x4  startup_stm32f10x_cl.o [1]
  .text              ro code  0x0801648c     0x4  startup_stm32f10x_cl.o [1]
  .text              ro code  0x08016490     0x4  startup_stm32f10x_cl.o [1]
  .text              ro code  0x08016494     0x4  startup_stm32f10x_cl.o [1]
  .text              ro code  0x08016498     0x4  startup_stm32f10x_cl.o [1]
  .text              ro code  0x0801649c     0x4  startup_stm32f10x_cl.o [1]
  .text              ro code  0x080164a0     0x4  startup_stm32f10x_cl.o [1]
  .text              ro code  0x080164a4     0x4  startup_stm32f10x_cl.o [1]
  .text              ro code  0x080164a8     0x4  startup_stm32f10x_cl.o [1]
  .text              ro code  0x080164ac     0x4  startup_stm32f10x_cl.o [1]
  .text              ro code  0x080164b0     0x4  startup_stm32f10x_cl.o [1]
  .text              ro code  0x080164b4     0x4  startup_stm32f10x_cl.o [1]
  .text              ro code  0x080164b8     0x4  startup_stm32f10x_cl.o [1]
  .text              ro code  0x080164bc     0x4  startup_stm32f10x_cl.o [1]
  .text              ro code  0x080164c0     0x4  startup_stm32f10x_cl.o [1]
  .text              ro code  0x080164c4     0x4  startup_stm32f10x_cl.o [1]
  .text              ro code  0x080164c8     0x4  startup_stm32f10x_cl.o [1]
  .text              ro code  0x080164cc     0x4  startup_stm32f10x_cl.o [1]
  .text              ro code  0x080164d0     0x4  startup_stm32f10x_cl.o [1]
  .text              ro code  0x080164d4     0x4  startup_stm32f10x_cl.o [1]
  .text              ro code  0x080164d8     0x4  startup_stm32f10x_cl.o [1]
  .text              ro code  0x080164dc     0x4  startup_stm32f10x_cl.o [1]
  .text              ro code  0x080164e0     0x4  startup_stm32f10x_cl.o [1]
  .text              ro code  0x080164e4     0x4  startup_stm32f10x_cl.o [1]
  .text              ro code  0x080164e8     0x4  startup_stm32f10x_cl.o [1]
  .text              ro code  0x080164ec     0x4  startup_stm32f10x_cl.o [1]
  .text              ro code  0x080164f0     0x4  startup_stm32f10x_cl.o [1]
  Initializer bytes  ro data  0x080164f4    0x1c  <for P2 s0>
                            - 0x08016510  0x63c0

"P2", part 1 of 3:                          0x1c
  P2 s0                       0x20000000    0x1c  <Init block>
    .data            inited   0x20000000    0x10  stm32f10x_rcc.o [1]
    .data            inited   0x20000010     0x4  stm32f10x_rcc.o [1]
    .data            inited   0x20000014     0x2  main.o [1]
    .data            inited   0x20000016     0x1  uart4.o [1]
    .data            inited   0x20000017     0x1  usart1.o [1]
    .data            inited   0x20000018     0x1  usart2.o [1]
                            - 0x2000001c    0x1c

"P2", part 2 of 3:                        0x4f04
  .bss               zero     0x2000001c   0x870  data.o [1]
  .bss               zero     0x2000088c   0x870  data.o [1]
  .bss               zero     0x200010fc   0x870  data.o [1]
  .bss               zero     0x2000196c   0x7d4  data.o [1]
  .bss               zero     0x20002140   0x5a0  data.o [1]
  .bss               zero     0x200026e0   0x5a0  data.o [1]
  .bss               zero     0x20002c80   0x578  can1_bus.o [1]
  .bss               zero     0x200031f8   0x3c0  data.o [1]
  .bss               zero     0x200035b8   0x3c0  data.o [1]
  .bss               zero     0x20003978   0x348  can2_bus.o [1]
  .bss               zero     0x20003cc0   0x2d0  uart4.o [1]
  .bss               zero     0x20003f90   0x2d0  usart1.o [1]
  .bss               zero     0x20004260   0x2d0  usart2.o [1]
  .bss               zero     0x20004530   0x2d0  usart2.o [1]
  .bss               zero     0x20004800   0x168  data.o [1]
  .bss               zero     0x20004968   0x168  data.o [1]
  .bss               zero     0x20004ad0   0x168  data.o [1]
  .bss               zero     0x20004c38    0x64  fun.o [1]
  .bss               zero     0x20004c9c    0x24  data.o [1]
  .bss               zero     0x20004cc0    0x20  uart4.o [1]
  .bss               zero     0x20004ce0    0x20  uart4.o [1]
  .bss               zero     0x20004d00    0x20  uart4.o [1]
  .bss               zero     0x20004d20    0x20  uart4.o [1]
  .bss               zero     0x20004d40    0x20  usart1.o [1]
  .bss               zero     0x20004d60    0x20  usart1.o [1]
  .bss               zero     0x20004d80    0x20  usart1.o [1]
  .bss               zero     0x20004da0    0x20  usart1.o [1]
  .bss               zero     0x20004dc0    0x20  usart2.o [1]
  .bss               zero     0x20004de0    0x20  usart2.o [1]
  .bss               zero     0x20004e00    0x20  usart2.o [1]
  .bss               zero     0x20004e20    0x20  usart2.o [1]
  .bss               zero     0x20004e40    0x18  list.o [1]
  .bss               zero     0x20004e58    0x18  list.o [1]
  .bss               zero     0x20004e70    0x18  photo.o [1]
  .bss               zero     0x20004e88    0x14  data.o [1]
  .bss               zero     0x20004e9c     0xc  can1_bus.o [1]
  .bss               zero     0x20004ea8     0xc  can2_bus.o [1]
  .bss               zero     0x20004eb4     0xc  data.o [1]
  .bss               zero     0x20004ec0     0xc  fun.o [1]
  .bss               zero     0x20004ecc     0xc  photo.o [1]
  .bss               zero     0x20004ed8     0x8  data.o [1]
  .bss               zero     0x20004ee0     0x4  can2_bus.o [1]
  .bss               zero     0x20004ee4     0x4  main.o [1]
  .bss               zero     0x20004ee8     0x4  uart4.o [1]
  .bss               zero     0x20004eec     0x4  usart1.o [1]
  .bss               zero     0x20004ef0     0x4  usart2.o [1]
  .bss               zero     0x20004ef4     0x2  data.o [1]
  .bss               zero     0x20004ef6     0x2  main.o [1]
  .bss               zero     0x20004ef8     0x2  uart4.o [1]
  .bss               zero     0x20004efa     0x2  uart4.o [1]
  .bss               zero     0x20004efc     0x2  usart1.o [1]
  .bss               zero     0x20004efe     0x2  usart1.o [1]
  .bss               zero     0x20004f00     0x2  usart2.o [1]
  .bss               zero     0x20004f02     0x2  usart2.o [1]
  .bss               zero     0x20004f04     0x1  main.o [1]
  .bss               zero     0x20004f05     0x1  main.o [1]
  .bss               zero     0x20004f06     0x1  main.o [1]
  .bss               zero     0x20004f07     0x1  photo.o [1]
  .bss               zero     0x20004f08     0x1  uart4.o [1]
  .bss               zero     0x20004f09     0x1  uart4.o [1]
  .bss               zero     0x20004f0a     0x1  uart4.o [1]
  .bss               zero     0x20004f0b     0x1  uart4.o [1]
  .bss               zero     0x20004f0c     0x1  uart4.o [1]
  .bss               zero     0x20004f0d     0x1  uart4.o [1]
  .bss               zero     0x20004f0e     0x1  uart4.o [1]
  .bss               zero     0x20004f0f     0x1  uart4.o [1]
  .bss               zero     0x20004f10     0x1  usart1.o [1]
  .bss               zero     0x20004f11     0x1  usart1.o [1]
  .bss               zero     0x20004f12     0x1  usart1.o [1]
  .bss               zero     0x20004f13     0x1  usart1.o [1]
  .bss               zero     0x20004f14     0x1  usart1.o [1]
  .bss               zero     0x20004f15     0x1  usart1.o [1]
  .bss               zero     0x20004f16     0x1  usart1.o [1]
  .bss               zero     0x20004f17     0x1  usart1.o [1]
  .bss               zero     0x20004f18     0x1  usart2.o [1]
  .bss               zero     0x20004f19     0x1  usart2.o [1]
  .bss               zero     0x20004f1a     0x1  usart2.o [1]
  .bss               zero     0x20004f1b     0x1  usart2.o [1]
  .bss               zero     0x20004f1c     0x1  usart2.o [1]
  .bss               zero     0x20004f1d     0x1  usart2.o [1]
  .bss               zero     0x20004f1e     0x1  usart2.o [1]
  .bss               zero     0x20004f1f     0x1  usart2.o [1]
                            - 0x20004f20  0x4f04

"P2", part 3 of 3:                         0x800
  CSTACK                      0x20004f20   0x800  <Block>
    CSTACK           uninit   0x20004f20   0x800  <Block tail>
                            - 0x20005720   0x800


*******************************************************************************
*** INIT TABLE
***

          Address     Size
          -------     ----
Zero (__iar_zero_init3)
    1 destination range, total size 0x4f04:
          0x2000001c  0x4f04

Copy (__iar_copy_init3)
    1 source range, total size 0x1c (112% of destination):
          0x080164f4    0x1c
    1 destination range, total size 0x19:
          0x20000000    0x19


*******************************************************************************
*** MODULE SUMMARY
***

    Module                  ro code  ro data  rw data
    ------                  -------  -------  -------
C:\Users\yc\Desktop\exp_car_ctrl_slaver\Project\EWARMv5_iap\STM3210C-EVAL\Obj: [1]
    can1_bus.o                  408             1 412
    can2_bus.o                2 208               856
    data.o                      656            14 442
    fun.o                        32               112
    list.o                       76                48
    main.o                      680        2       11
    misc.o                      156
    photo.o                     664                37
    position.o                4 780
    startup_stm32f10x_cl.o      616
    stm32f107.o               1 020
    stm32f10x_can.o           1 348
    stm32f10x_dma.o             116
    stm32f10x_flash.o           382
    stm32f10x_gpio.o            496
    stm32f10x_it.o              848
    stm32f10x_rcc.o             576       20       20
    stm32f10x_tim.o              58
    stm32f10x_usart.o           266
    system_stm32f10x.o          412
    tcp_out.o                    22
    uart4.o                   2 804        1      865
    usart1.o                  2 808        1      865
    usart2.o                  3 992        1    1 585
    -------------------------------------------------
    Total:                   25 424       25   20 253

command line: [2]
    -------------------------------------------------
    Total:

dl7M_tlf.a: [3]
    exit.o                        8
    low_level_init.o              4
    -------------------------------------------------
    Total:                       12

rt7M_tl.a: [4]
    ABImemclr4.o                  6
    ABImemcpy.o                 112
    ABImemset48.o                56
    cexit.o                      10
    cmain.o                      22
    copy_init3.o                 46
    cstartup_M.o                 12
    data_init3.o                 44
    zero_init3.o                 34
    -------------------------------------------------
    Total:                      342

shb_l.a: [5]
    exit.o                       20
    -------------------------------------------------
    Total:                       20

    Gaps                         10                 3
    Linker created                        39    2 048
-----------------------------------------------------
    Grand Total:             25 808       64   22 304


*******************************************************************************
*** ENTRY LIST
***

Entry                      Address   Size  Type      Object
-----                      -------   ----  ----      ------
?main                   0x0801638d         Code  Gb  cmain.o [4]
ADC1_2_IRQHandler       0x08016449         Code  Wk  startup_stm32f10x_cl.o [1]
ADCPrescTable           0x20000010    0x4  Data  Lc  stm32f10x_rcc.o [1]
APBAHBPrescTable        0x20000000   0x10  Data  Lc  stm32f10x_rcc.o [1]
BusFault_Handler        0x08015779    0x8  Code  Gb  stm32f10x_it.o [1]
CAN1_RX0_IRQHandler     0x080159df   0x2c  Code  Gb  stm32f10x_it.o [1]
CAN1_RX1_IRQHandler     0x08016455         Code  Wk  startup_stm32f10x_cl.o [1]
CAN1_SCE_IRQHandler     0x08016459         Code  Wk  startup_stm32f10x_cl.o [1]
CAN1_TX_IRQHandler      0x0801644d         Code  Wk  startup_stm32f10x_cl.o [1]
CAN2_RX0_IRQHandler     0x080164e5         Code  Wk  startup_stm32f10x_cl.o [1]
CAN2_RX1_IRQHandler     0x08015a0b   0x2c  Code  Gb  stm32f10x_it.o [1]
CAN2_SCE_IRQHandler     0x080164ed         Code  Wk  startup_stm32f10x_cl.o [1]
CAN2_TX_IRQHandler      0x080164e1         Code  Wk  startup_stm32f10x_cl.o [1]
CAN_ClearITPendingBit   0x08014ded   0x98  Code  Gb  stm32f10x_can.o [1]
CAN_Configuration       0x08015163  0x144  Code  Gb  stm32f107.o [1]
CAN_DeInit              0x08014941   0x36  Code  Gb  stm32f10x_can.o [1]
CAN_FIFORelease         0x08014cf9   0x12  Code  Gb  stm32f10x_can.o [1]
CAN_FilterInit          0x08014a8f   0xe2  Code  Gb  stm32f10x_can.o [1]
CAN_ITConfig            0x08014bbd   0x16  Code  Gb  stm32f10x_can.o [1]
CAN_Init                0x08014977  0x118  Code  Gb  stm32f10x_can.o [1]
CAN_Receive             0x08014d0b   0xe2  Code  Gb  stm32f10x_can.o [1]
CAN_StructInit          0x08014b71   0x2e  Code  Gb  stm32f10x_can.o [1]
CAN_Transmit            0x08014bd3  0x126  Code  Gb  stm32f10x_can.o [1]
CSTACK$$Base            0x20004f20          --   Gb  - Linker created -
CSTACK$$Limit           0x20005720          --   Gb  - Linker created -
DMA1_Channel1_IRQHandler
                        0x0801642d         Code  Wk  startup_stm32f10x_cl.o [1]
DMA1_Channel2_IRQHandler
                        0x08016431         Code  Wk  startup_stm32f10x_cl.o [1]
DMA1_Channel3_IRQHandler
                        0x08016435         Code  Wk  startup_stm32f10x_cl.o [1]
DMA1_Channel4_IRQHandler
                        0x080157b3   0x2e  Code  Gb  stm32f10x_it.o [1]
DMA1_Channel5_IRQHandler
                        0x0801643d         Code  Wk  startup_stm32f10x_cl.o [1]
DMA1_Channel6_IRQHandler
                        0x08016441         Code  Wk  startup_stm32f10x_cl.o [1]
DMA1_Channel7_IRQHandler
                        0x080157e1   0x2e  Code  Gb  stm32f10x_it.o [1]
DMA2_Channel1_IRQHandler
                        0x080164c5         Code  Wk  startup_stm32f10x_cl.o [1]
DMA2_Channel2_IRQHandler
                        0x080164c9         Code  Wk  startup_stm32f10x_cl.o [1]
DMA2_Channel3_IRQHandler
                        0x080164cd         Code  Wk  startup_stm32f10x_cl.o [1]
DMA2_Channel4_IRQHandler
                        0x080164d1         Code  Wk  startup_stm32f10x_cl.o [1]
DMA2_Channel5_IRQHandler
                        0x0801580f   0x2a  Code  Gb  stm32f10x_it.o [1]
DMA_ClearFlag           0x080130af   0x10  Code  Gb  stm32f10x_dma.o [1]
DMA_Cmd                 0x0801305d   0x1c  Code  Gb  stm32f10x_dma.o [1]
DMA_GetCurrDataCounter  0x0801307f    0x6  Code  Gb  stm32f10x_dma.o [1]
DMA_GetFlagStatus       0x08013085   0x2a  Code  Gb  stm32f10x_dma.o [1]
DMA_SetCurrDataCounter  0x08013079    0x6  Code  Gb  stm32f10x_dma.o [1]
Data_Init_motor_para_queue
                        0x08011469   0x94  Code  Gb  data.o [1]
Data_Init_struct        0x080113fd   0x6c  Code  Gb  data.o [1]
Data_add_to_moto_para_queue
                        0x080114fd   0x42  Code  Gb  data.o [1]
DebugMon_Handler        0x0801578b    0x2  Code  Gb  stm32f10x_it.o [1]
ETH_IRQHandler          0x080164d9         Code  Wk  startup_stm32f10x_cl.o [1]
ETH_WKUP_IRQHandler     0x080164dd         Code  Wk  startup_stm32f10x_cl.o [1]
EXTI0_IRQHandler        0x08016419         Code  Wk  startup_stm32f10x_cl.o [1]
EXTI15_10_IRQHandler    0x080164a1         Code  Wk  startup_stm32f10x_cl.o [1]
EXTI1_IRQHandler        0x0801641d         Code  Wk  startup_stm32f10x_cl.o [1]
EXTI2_IRQHandler        0x08016421         Code  Wk  startup_stm32f10x_cl.o [1]
EXTI3_IRQHandler        0x08016425         Code  Wk  startup_stm32f10x_cl.o [1]
EXTI4_IRQHandler        0x08016429         Code  Wk  startup_stm32f10x_cl.o [1]
EXTI9_5_IRQHandler      0x0801645d         Code  Wk  startup_stm32f10x_cl.o [1]
FLASH_ClearFlag         0x08015fdf    0x8  Code  Gb  stm32f10x_flash.o [1]
FLASH_ErasePage         0x08015f2d   0x64  Code  Gb  stm32f10x_flash.o [1]
FLASH_GetStatus         0x08015fe7   0x34  Code  Gb  stm32f10x_flash.o [1]
FLASH_IRQHandler        0x08016411         Code  Wk  startup_stm32f10x_cl.o [1]
FLASH_Lock              0x08015f1b   0x12  Code  Gb  stm32f10x_flash.o [1]
FLASH_ProgramHalfWord   0x08015f91   0x4e  Code  Gb  stm32f10x_flash.o [1]
FLASH_Unlock            0x08015f05   0x16  Code  Gb  stm32f10x_flash.o [1]
FLASH_WaitForLastOperation
                        0x08016035   0x32  Code  Gb  stm32f10x_flash.o [1]
GPIO_Configuration      0x080152f7  0x18a  Code  Gb  stm32f107.o [1]
GPIO_Init               0x08012d35  0x138  Code  Gb  stm32f10x_gpio.o [1]
GPIO_PinRemapConfig     0x08012ead   0x72  Code  Gb  stm32f10x_gpio.o [1]
GPIO_ReadInputDataBit   0x08012e6d   0x1a  Code  Gb  stm32f10x_gpio.o [1]
GPIO_ReadOutputDataBit  0x08012e87   0x1a  Code  Gb  stm32f10x_gpio.o [1]
GPIO_ResetBits          0x08012ea7    0x6  Code  Gb  stm32f10x_gpio.o [1]
GPIO_SetBits            0x08012ea1    0x6  Code  Gb  stm32f10x_gpio.o [1]
HardFault_Handler       0x08015769    0x8  Code  Gb  stm32f10x_it.o [1]
I2C1_ER_IRQHandler      0x08016481         Code  Wk  startup_stm32f10x_cl.o [1]
I2C1_EV_IRQHandler      0x0801647d         Code  Wk  startup_stm32f10x_cl.o [1]
I2C2_ER_IRQHandler      0x08016489         Code  Wk  startup_stm32f10x_cl.o [1]
I2C2_EV_IRQHandler      0x08016485         Code  Wk  startup_stm32f10x_cl.o [1]
LocalTime               0x20004ee4    0x4  Data  Gb  main.o [1]
MemManage_Handler       0x08015771    0x8  Code  Gb  stm32f10x_it.o [1]
NMI_Handler             0x08015767    0x2  Code  Gb  stm32f10x_it.o [1]
NVIC_ClearPendingIRQ    0x08015739   0x18  Code  Lc  stm32f10x_it.o [1]
NVIC_Configuration      0x080154ad   0x54  Code  Gb  stm32f107.o [1]
NVIC_Init               0x080156a7   0x68  Code  Gb  misc.o [1]
NVIC_PriorityGroupConfig
                        0x0801569d    0xa  Code  Gb  misc.o [1]
NVIC_SetPriority        0x08015105   0x26  Code  Lc  stm32f107.o [1]
NVIC_SetVectorTable     0x0801570f    0xc  Code  Gb  misc.o [1]
NVIC_SystemReset        0x08015751   0x16  Code  Lc  stm32f10x_it.o [1]
OTG_FS_IRQHandler       0x080164f1         Code  Wk  startup_stm32f10x_cl.o [1]
OTG_FS_WKUP_IRQHandler  0x080164a9         Code  Wk  startup_stm32f10x_cl.o [1]
PVD_IRQHandler          0x08016405         Code  Wk  startup_stm32f10x_cl.o [1]
PendSV_Handler          0x0801578d    0x2  Code  Gb  stm32f10x_it.o [1]
Pre_Read_UpdateFlag     0x08015bb7   0x2e  Code  Gb  main.o [1]
RCC_AHBPeriphClockCmd   0x0801502d   0x1e  Code  Gb  stm32f10x_rcc.o [1]
RCC_APB1PeriphClockCmd  0x08015069   0x1e  Code  Gb  stm32f10x_rcc.o [1]
RCC_APB1PeriphResetCmd  0x08015087   0x1e  Code  Gb  stm32f10x_rcc.o [1]
RCC_APB2PeriphClockCmd  0x0801504b   0x1e  Code  Gb  stm32f10x_rcc.o [1]
RCC_GetClocksFreq       0x08014e8d  0x1a0  Code  Gb  stm32f10x_rcc.o [1]
RCC_IRQHandler          0x08016415         Code  Wk  startup_stm32f10x_cl.o [1]
RTCAlarm_IRQHandler     0x080164a5         Code  Wk  startup_stm32f10x_cl.o [1]
RTC_IRQHandler          0x0801640d         Code  Wk  startup_stm32f10x_cl.o [1]
Region$$Table$$Base     0x08016368          --   Gb  - Linker created -
Region$$Table$$Limit    0x0801638c          --   Gb  - Linker created -
SPI1_IRQHandler         0x0801648d         Code  Wk  startup_stm32f10x_cl.o [1]
SPI2_IRQHandler         0x08016491         Code  Wk  startup_stm32f10x_cl.o [1]
SPI3_IRQHandler         0x080164b1         Code  Wk  startup_stm32f10x_cl.o [1]
SVC_Handler             0x08015789    0x2  Code  Gb  stm32f10x_it.o [1]
SetSysClock             0x0801555f    0x8  Code  Lc  system_stm32f10x.o [1]
SetSysClockTo72         0x08015567  0x110  Code  Lc  system_stm32f10x.o [1]
SysTick_Config          0x0801512b   0x38  Code  Lc  stm32f107.o [1]
SysTick_Handler         0x0801578f    0x8  Code  Gb  stm32f10x_it.o [1]
SystemInit              0x08015501   0x5e  Code  Gb  system_stm32f10x.o [1]
System_Setup            0x080152a7   0x50  Code  Gb  stm32f107.o [1]
TAMPER_IRQHandler       0x08016409         Code  Wk  startup_stm32f10x_cl.o [1]
TIM1_BRK_IRQHandler     0x08016461         Code  Wk  startup_stm32f10x_cl.o [1]
TIM1_CC_IRQHandler      0x0801646d         Code  Wk  startup_stm32f10x_cl.o [1]
TIM1_TRG_COM_IRQHandler
                        0x08016469         Code  Wk  startup_stm32f10x_cl.o [1]
TIM1_UP_IRQHandler      0x08016465         Code  Wk  startup_stm32f10x_cl.o [1]
TIM2_IRQHandler         0x08015797   0x1c  Code  Gb  stm32f10x_it.o [1]
TIM3_IRQHandler         0x08016475         Code  Wk  startup_stm32f10x_cl.o [1]
TIM4_IRQHandler         0x08016479         Code  Wk  startup_stm32f10x_cl.o [1]
TIM5_IRQHandler         0x080164ad         Code  Wk  startup_stm32f10x_cl.o [1]
TIM6_IRQHandler         0x080164bd         Code  Wk  startup_stm32f10x_cl.o [1]
TIM7_IRQHandler         0x080164c1         Code  Wk  startup_stm32f10x_cl.o [1]
TIM_ClearITPendingBit   0x08015d63    0x8  Code  Gb  stm32f10x_tim.o [1]
TIM_GetITStatus         0x08015d31   0x32  Code  Gb  stm32f10x_tim.o [1]
Time_Update             0x08015be5   0x3a  Code  Gb  main.o [1]
UART4_IRQHandler        0x08015953   0x8c  Code  Gb  stm32f10x_it.o [1]
UART5_IRQHandler        0x080164b9         Code  Wk  startup_stm32f10x_cl.o [1]
USART1_IRQHandler       0x080158c5   0x8e  Code  Gb  stm32f10x_it.o [1]
USART2_IRQHandler       0x08015839   0x8c  Code  Gb  stm32f10x_it.o [1]
USART3_IRQHandler       0x0801649d         Code  Wk  startup_stm32f10x_cl.o [1]
USART_ClearFlag         0x08012f91    0xc  Code  Gb  stm32f10x_usart.o [1]
USART_ClearITPendingBit
                        0x0801300b   0x24  Code  Gb  stm32f10x_usart.o [1]
USART_DMACmd            0x08012f7b   0x16  Code  Gb  stm32f10x_usart.o [1]
USART_GetITStatus       0x08012f9d   0x6e  Code  Gb  stm32f10x_usart.o [1]
USART_ITConfig          0x08012f25   0x56  Code  Gb  stm32f10x_usart.o [1]
UsageFault_Handler      0x08015781    0x8  Code  Gb  stm32f10x_it.o [1]
WWDG_IRQHandler         0x08016401         Code  Wk  startup_stm32f10x_cl.o [1]
__aeabi_memclr4         0x08014e85         Code  Gb  ABImemclr4.o [4]
__aeabi_memcpy          0x080116d9         Code  Gb  ABImemcpy.o [4]
__aeabi_memcpy4         0x080116f3         Code  Gb  ABImemcpy.o [4]
__aeabi_memcpy8         0x080116f3         Code  Gb  ABImemcpy.o [4]
__aeabi_memset4         0x080150cd         Code  Gb  ABImemset48.o [4]
__aeabi_memset8         0x080150cd         Code  Gb  ABImemset48.o [4]
__cmain                 0x0801638d         Code  Gb  cmain.o [4]
__exit                  0x080163bd   0x14  Code  Gb  exit.o [5]
__iar_Memset4_word      0x080150d5         Code  Gb  ABImemset48.o [4]
__iar_Memset8_word      0x080150d5         Code  Gb  ABImemset48.o [4]
__iar_copy_init3        0x0801302f   0x2e  Code  Gb  copy_init3.o [4]
__iar_data_init3        0x0801633d   0x2c  Code  Gb  data_init3.o [4]
__iar_program_start     0x080163d1         Code  Gb  cstartup_M.o [4]
__iar_zero_init3        0x0801491f   0x22  Code  Gb  zero_init3.o [4]
__low_level_init        0x080163a3    0x4  Code  Gb  low_level_init.o [3]
__vector_table          0x08010000         Data  Gb  startup_stm32f10x_cl.o [1]
_call_main              0x08016399         Code  Gb  cmain.o [4]
_exit                   0x080163b1         Code  Gb  cexit.o [4]
_main                   0x0801639f         Code  Gb  cmain.o [4]
can2_frame              0x20004ee0    0x4  Data  Gb  can2_bus.o [1]
can2_send_can1_testdata
                        0x08014897   0x42  Code  Gb  can2_bus.o [1]
canframequeue_one       0x20004e9c    0xc  Data  Gb  can1_bus.o [1]
canframequeue_two       0x20004ea8    0xc  Data  Gb  can2_bus.o [1]
canframequeuebuff_one   0x20002c80  0x578  Data  Gb  can1_bus.o [1]
canframequeuebuff_two   0x20003978  0x348  Data  Gb  can2_bus.o [1]
car_resetcal            0x20004ef4    0x2  Data  Gb  data.o [1]
datafixedqueue          0x20004c9c   0x24  Data  Gb  data.o [1]
datapcconfig            0x20004ed8    0x8  Data  Gb  data.o [1]
datasyserr              0x20004eb4    0xc  Data  Gb  data.o [1]
datasysmsg              0x20004e88   0x14  Data  Gb  data.o [1]
delay                   0x08016067   0x1c  Code  Lc  stm32f10x_flash.o [1]
exit                    0x080163a7    0x8  Code  Gb  exit.o [3]
getmsgfrommotoparaqueue
                        0x0801153f   0x2a  Code  Gb  data.o [1]
iostate                 0x2000196c  0x7d4  Data  Gb  data.o [1]
key_value               0x20004f04    0x1  Data  Gb  main.o [1]
list_load               0x20004e58   0x18  Data  Gb  list.o [1]
list_unload             0x20004e40   0x18  Data  Gb  list.o [1]
loadcar_dataitem        0x200035b8  0x3c0  Data  Gb  data.o [1]
loadcar_listitem        0x200026e0  0x5a0  Data  Gb  data.o [1]
main                    0x08015b6d   0x24  Code  Gb  main.o [1]
main_init_cmd           0x08015cf5   0x30  Code  Gb  main.o [1]
main_one_ms_sec_process
                        0x08015c1f   0xa6  Code  Gb  main.o [1]
main_rolling_process    0x08015d25    0xc  Code  Gb  main.o [1]
memcpy                  0x08014909   0x16  Code  Gb  tcp_out.o [1]
moto_one_err            0x20004d80   0x20  Data  Gb  usart1.o [1]
moto_three_err          0x20004d00   0x20  Data  Gb  uart4.o [1]
moto_two_err            0x20004e00   0x20  Data  Gb  usart2.o [1]
motoone_typetwo_err     0x20004da0   0x20  Data  Gb  usart1.o [1]
motoonepara             0x20003f90  0x2d0  Data  Gb  usart1.o [1]
motooneparabuff         0x2000001c  0x870  Data  Gb  data.o [1]
motooneprarqueue        0x20004800  0x168  Data  Gb  data.o [1]
motothree_typetwo_err   0x20004d20   0x20  Data  Gb  uart4.o [1]
motothreepara           0x20003cc0  0x2d0  Data  Gb  uart4.o [1]
motothreeparabuff       0x200010fc  0x870  Data  Gb  data.o [1]
motothreeprarqueue      0x20004ad0  0x168  Data  Gb  data.o [1]
mototwo_typetwo_err     0x20004e20   0x20  Data  Gb  usart2.o [1]
mototwocopy             0x20004530  0x2d0  Data  Gb  usart2.o [1]
mototwopara             0x20004260  0x2d0  Data  Gb  usart2.o [1]
mototwoparabuff         0x2000088c  0x870  Data  Gb  data.o [1]
mototwoprarqueue        0x20004968  0x168  Data  Gb  data.o [1]
one_ms_flag             0x20004f06    0x1  Data  Gb  main.o [1]
pcfunmsgQueue           0x20004ec0    0xc  Data  Gb  fun.o [1]
pcfunmsgQueueBuff       0x20004c38   0x64  Data  Gb  fun.o [1]
photovalue              0x20004f07    0x1  Data  Gb  photo.o [1]
port_info               0x20004e70   0x18  Data  Gb  photo.o [1]
readFlash_uint          0x08015b91   0x26  Code  Gb  main.o [1]
sec_flag                0x20004ef6    0x2  Data  Gb  main.o [1]
sec_process             0x08015a89   0xe4  Code  Gb  main.o [1]
sec_reg                 0x20000014    0x2  Data  Gb  main.o [1]
second_cnt              0x20004f05    0x1  Data  Gb  main.o [1]
sysmsg                  0x20004ecc    0xc  Data  Gb  photo.o [1]
u16position_cal_target_car
                        0x0801018d   0x4c  Code  Gb  position.o [1]
u16position_cal_target_position
                        0x08010151   0x3c  Code  Gb  position.o [1]
u8canbus_send_oneframe_one
                        0x08015dc3   0x6a  Code  Gb  can1_bus.o [1]
u8canbus_send_oneframe_two
                        0x080140c5   0x6c  Code  Gb  can2_bus.o [1]
u8data_check_io_close_state
                        0x08011613   0x34  Code  Gb  data.o [1]
uart4_ctr_process       0x080129b5  0x272  Code  Gb  uart4.o [1]
uart4_cur_moto_para     0x20004ee8    0x4  Data  Gb  uart4.o [1]
uart4_cur_moto_para_num
                        0x20004f09    0x1  Data  Gb  uart4.o [1]
uart4_moto_commu_statue
                        0x20004f08    0x1  Data  Gb  uart4.o [1]
uart4_moto_ctr_statue   0x20000016    0x1  Data  Gb  uart4.o [1]
uart4_moto_recv_now_process
                        0x080123d5  0x21e  Code  Gb  uart4.o [1]
uart4_moto_reply_outtimer
                        0x20004f0b    0x1  Data  Gb  uart4.o [1]
uart4_moto_reply_time_count
                        0x08012349   0x32  Code  Gb  uart4.o [1]
uart4_moto_resend_time  0x20004f0d    0x1  Data  Gb  uart4.o [1]
uart4_moto_send_num     0x20004f0f    0x1  Data  Gb  uart4.o [1]
uart4_moto_send_process
                        0x0801237b   0x5a  Code  Gb  uart4.o [1]
uart4_moto_waitrun_timer
                        0x20004f0c    0x1  Data  Gb  uart4.o [1]
uart4_moto_waitrunask_timer
                        0x20004f0e    0x1  Data  Gb  uart4.o [1]
uart4_pre_moto_para_num
                        0x20004f0a    0x1  Data  Gb  uart4.o [1]
uart4_recv_buff         0x20004ce0   0x20  Data  Gb  uart4.o [1]
uart4_recv_len          0x20004efa    0x2  Data  Gb  uart4.o [1]
uart4_send_buff         0x20004cc0   0x20  Data  Gb  uart4.o [1]
uart4_send_len          0x20004ef8    0x2  Data  Gb  uart4.o [1]
uart4_send_moto_askrun_process
                        0x08012735   0xde  Code  Gb  uart4.o [1]
uart4_send_moto_para_process
                        0x080125f3  0x142  Code  Gb  uart4.o [1]
uart4_send_moto_run_process
                        0x08012813  0x1a2  Code  Gb  uart4.o [1]
unloadcar_dataitem      0x200031f8  0x3c0  Data  Gb  data.o [1]
unloadcar_listitem      0x20002140  0x5a0  Data  Gb  data.o [1]
usart1_ctr_process      0x08011ebf  0x272  Code  Gb  usart1.o [1]
usart1_cur_moto_para    0x20004eec    0x4  Data  Gb  usart1.o [1]
usart1_cur_moto_para_num
                        0x20004f11    0x1  Data  Gb  usart1.o [1]
usart1_moto_commu_statue
                        0x20004f10    0x1  Data  Gb  usart1.o [1]
usart1_moto_ctr_statue  0x20000017    0x1  Data  Gb  usart1.o [1]
usart1_moto_recv_now_process
                        0x080118df  0x21e  Code  Gb  usart1.o [1]
usart1_moto_reply_outtimer
                        0x20004f13    0x1  Data  Gb  usart1.o [1]
usart1_moto_reply_time_count
                        0x08011851   0x32  Code  Gb  usart1.o [1]
usart1_moto_resend_time
                        0x20004f15    0x1  Data  Gb  usart1.o [1]
usart1_moto_send_num    0x20004f17    0x1  Data  Gb  usart1.o [1]
usart1_moto_send_process
                        0x08011883   0x5c  Code  Gb  usart1.o [1]
usart1_moto_waitrun_timer
                        0x20004f14    0x1  Data  Gb  usart1.o [1]
usart1_moto_waitrunask_timer
                        0x20004f16    0x1  Data  Gb  usart1.o [1]
usart1_pre_moto_para_num
                        0x20004f12    0x1  Data  Gb  usart1.o [1]
usart1_recv_buff        0x20004d60   0x20  Data  Gb  usart1.o [1]
usart1_recv_len         0x20004efe    0x2  Data  Gb  usart1.o [1]
usart1_send_buff        0x20004d40   0x20  Data  Gb  usart1.o [1]
usart1_send_len         0x20004efc    0x2  Data  Gb  usart1.o [1]
usart1_send_moto_askrun_process
                        0x08011c3f   0xde  Code  Gb  usart1.o [1]
usart1_send_moto_para_process
                        0x08011afd  0x142  Code  Gb  usart1.o [1]
usart1_send_moto_run_process
                        0x08011d1d  0x1a2  Code  Gb  usart1.o [1]
usart2_ctr_process      0x08013a11  0x31e  Code  Gb  usart2.o [1]
usart2_cur_moto_para    0x20004ef0    0x4  Data  Gb  usart2.o [1]
usart2_cur_moto_para_num
                        0x20004f19    0x1  Data  Gb  usart2.o [1]
usart2_moto_commu_statue
                        0x20004f18    0x1  Data  Gb  usart2.o [1]
usart2_moto_ctr_statue  0x20000018    0x1  Data  Gb  usart2.o [1]
usart2_moto_recv_now_process
                        0x08013389  0x266  Code  Gb  usart2.o [1]
usart2_moto_reply_outtimer
                        0x20004f1b    0x1  Data  Gb  usart2.o [1]
usart2_moto_reply_time_count
                        0x080132fd   0x32  Code  Gb  usart2.o [1]
usart2_moto_resend_time
                        0x20004f1d    0x1  Data  Gb  usart2.o [1]
usart2_moto_send_num    0x20004f1f    0x1  Data  Gb  usart2.o [1]
usart2_moto_send_process
                        0x0801332f   0x5a  Code  Gb  usart2.o [1]
usart2_moto_waitrun_timer
                        0x20004f1c    0x1  Data  Gb  usart2.o [1]
usart2_moto_waitrunask_timer
                        0x20004f1e    0x1  Data  Gb  usart2.o [1]
usart2_pre_moto_para_num
                        0x20004f1a    0x1  Data  Gb  usart2.o [1]
usart2_recv_buff        0x20004de0   0x20  Data  Gb  usart2.o [1]
usart2_recv_len         0x20004f02    0x2  Data  Gb  usart2.o [1]
usart2_send_buff        0x20004dc0   0x20  Data  Gb  usart2.o [1]
usart2_send_len         0x20004f00    0x2  Data  Gb  usart2.o [1]
usart2_send_moto_askrun_process
                        0x08013797   0xdc  Code  Gb  usart2.o [1]
usart2_send_moto_para_process
                        0x080135ef  0x1a8  Code  Gb  usart2.o [1]
usart2_send_moto_run_process
                        0x08013873  0x192  Code  Gb  usart2.o [1]
uxListRemove            0x080116b5   0x24  Code  Gb  list.o [1]
vListInitialise         0x0801168d   0x22  Code  Gb  list.o [1]
vListInitialiseItem     0x080116af    0x6  Code  Gb  list.o [1]
vcan_send_frame_process
                        0x080142a7   0x54  Code  Gb  can2_bus.o [1]
vcan_sendframe_process_one
                        0x08015ea5   0x52  Code  Gb  can1_bus.o [1]
vcan_sendmsg_two        0x080141bd   0xe8  Code  Gb  can2_bus.o [1]
vcanbus_addto_cansendqueue_one
                        0x08015d83   0x40  Code  Gb  can1_bus.o [1]
vcanbus_addto_cansendqueue_two
                        0x08014083   0x42  Code  Gb  can2_bus.o [1]
vcanbus_frame_receive_two
                        0x08014139   0x80  Code  Gb  can2_bus.o [1]
vcanbus_framereceive_one
                        0x08015e2d   0x78  Code  Gb  can1_bus.o [1]
vcanbus_init_cansendqueue_two
                        0x08014069   0x1a  Code  Gb  can2_bus.o [1]
vcanbus_initcansendqueue_one
                        0x08015d6d   0x16  Code  Gb  can1_bus.o [1]
vcanbus_upload_err_heart_process
                        0x08014867   0x2e  Code  Gb  can2_bus.o [1]
vcanbus_upload_heart_msg
                        0x080142fb   0xa4  Code  Gb  can2_bus.o [1]
vcanbus_upload_motor_err_msg
                        0x0801439f  0x302  Code  Gb  can2_bus.o [1]
vcanbus_upload_motor_run_abnorable_msg
                        0x080146a3  0x1c4  Code  Gb  can2_bus.o [1]
vdata_list_int          0x08011603   0x10  Code  Gb  data.o [1]
vdata_list_item_init    0x08011569   0x9a  Code  Gb  data.o [1]
vpcfun_init_net_Queue   0x0801631d   0x16  Code  Gb  fun.o [1]
vphoto_deal_with_cnt_photo
                        0x08016185  0x17c  Code  Gb  photo.o [1]
vphoto_deal_with_load_data_process
                        0x08010b95  0x398  Code  Gb  position.o [1]
vphoto_deal_with_reset_photo
                        0x080160ad   0xd8  Code  Gb  photo.o [1]
vphoto_init_msg         0x08016085   0x28  Code  Gb  photo.o [1]
vposition_calculate_unload_load_process
                        0x08011311   0xc6  Code  Gb  position.o [1]
vposition_dealwith_fixed_data_process
                        0x08010f3d  0x27e  Code  Gb  position.o [1]
vposition_dealwith_unload_process
                        0x080101d9  0x9b4  Code  Gb  position.o [1]
vposition_moto_run_state_process
                        0x080111c1  0x14c  Code  Gb  position.o [1]
vuart4_moto_init        0x08012241   0xd6  Code  Gb  uart4.o [1]
vuart4_moto_para_ready  0x08012317   0x32  Code  Gb  uart4.o [1]
vuart4_upload_cartest_peocess
                        0x08012c27   0xb6  Code  Gb  uart4.o [1]
vusart1_moto_init       0x08011749   0xd6  Code  Gb  usart1.o [1]
vusart1_moto_para_ready
                        0x0801181f   0x32  Code  Gb  usart1.o [1]
vusart1_upload_cartest_peocess
                        0x08012131   0xb6  Code  Gb  usart1.o [1]
vusart2_copy_moto_two   0x08013f15  0x130  Code  Gb  usart2.o [1]
vusart2_moto_init       0x080130d1  0x22c  Code  Gb  usart2.o [1]
vusart2_upload_cartest_peocess
                        0x08013d45  0x1a8  Code  Gb  usart2.o [1]


[1] = C:\Users\yc\Desktop\exp_car_ctrl_slaver\Project\EWARMv5_iap\STM3210C-EVAL\Obj
[2] = command line
[3] = dl7M_tlf.a
[4] = rt7M_tl.a
[5] = shb_l.a

  25 808 bytes of readonly  code memory
      64 bytes of readonly  data memory
  22 304 bytes of readwrite data memory

Errors: none
Warnings: none
