###############################################################################
#                                                                             #
# IAR ELF Linker V6.10.1.52143/W32 for ARM              08/Dec/2023  15:08:30 #
# Copyright 2007-2010 IAR Systems AB.                                         #
#                                                                             #
#    Output file  =  G:\roller_v2\roller_v2\exp_ctrl_drivethree\Project\EWARM #
#                    v5\STM3210C-EVAL\Exe\STM3210C-EVAL.out                   #
#    Map file     =  G:\roller_v2\roller_v2\exp_ctrl_drivethree\Project\EWARM #
#                    v5\STM3210C-EVAL\List\STM3210C-EVAL.map                  #
#    Command line =  G:\roller_v2\roller_v2\exp_ctrl_drivethree\Project\EWARM #
#                    v5\STM3210C-EVAL\Obj\api_lib.o                           #
#                    G:\roller_v2\roller_v2\exp_ctrl_drivethree\Project\EWARM #
#                    v5\STM3210C-EVAL\Obj\api_msg.o                           #
#                    G:\roller_v2\roller_v2\exp_ctrl_drivethree\Project\EWARM #
#                    v5\STM3210C-EVAL\Obj\autoip.o                            #
#                    G:\roller_v2\roller_v2\exp_ctrl_drivethree\Project\EWARM #
#                    v5\STM3210C-EVAL\Obj\can1_bus.o                          #
#                    G:\roller_v2\roller_v2\exp_ctrl_drivethree\Project\EWARM #
#                    v5\STM3210C-EVAL\Obj\can2_bus.o                          #
#                    G:\roller_v2\roller_v2\exp_ctrl_drivethree\Project\EWARM #
#                    v5\STM3210C-EVAL\Obj\core_cm3.o                          #
#                    G:\roller_v2\roller_v2\exp_ctrl_drivethree\Project\EWARM #
#                    v5\STM3210C-EVAL\Obj\dhcp.o                              #
#                    G:\roller_v2\roller_v2\exp_ctrl_drivethree\Project\EWARM #
#                    v5\STM3210C-EVAL\Obj\err.o G:\roller_v2\roller_v2\exp_ct #
#                    rl_drivethree\Project\EWARMv5\STM3210C-EVAL\Obj\etharp.o #
#                     G:\roller_v2\roller_v2\exp_ctrl_drivethree\Project\EWAR #
#                    Mv5\STM3210C-EVAL\Obj\ethernetif.o                       #
#                    G:\roller_v2\roller_v2\exp_ctrl_drivethree\Project\EWARM #
#                    v5\STM3210C-EVAL\Obj\flash.o                             #
#                    G:\roller_v2\roller_v2\exp_ctrl_drivethree\Project\EWARM #
#                    v5\STM3210C-EVAL\Obj\gpio.o                              #
#                    G:\roller_v2\roller_v2\exp_ctrl_drivethree\Project\EWARM #
#                    v5\STM3210C-EVAL\Obj\icmp.o                              #
#                    G:\roller_v2\roller_v2\exp_ctrl_drivethree\Project\EWARM #
#                    v5\STM3210C-EVAL\Obj\igmp.o                              #
#                    G:\roller_v2\roller_v2\exp_ctrl_drivethree\Project\EWARM #
#                    v5\STM3210C-EVAL\Obj\inet.o                              #
#                    G:\roller_v2\roller_v2\exp_ctrl_drivethree\Project\EWARM #
#                    v5\STM3210C-EVAL\Obj\inet_chksum.o                       #
#                    G:\roller_v2\roller_v2\exp_ctrl_drivethree\Project\EWARM #
#                    v5\STM3210C-EVAL\Obj\init.o                              #
#                    G:\roller_v2\roller_v2\exp_ctrl_drivethree\Project\EWARM #
#                    v5\STM3210C-EVAL\Obj\ip.o G:\roller_v2\roller_v2\exp_ctr #
#                    l_drivethree\Project\EWARMv5\STM3210C-EVAL\Obj\ip_addr.o #
#                     G:\roller_v2\roller_v2\exp_ctrl_drivethree\Project\EWAR #
#                    Mv5\STM3210C-EVAL\Obj\ip_frag.o                          #
#                    G:\roller_v2\roller_v2\exp_ctrl_drivethree\Project\EWARM #
#                    v5\STM3210C-EVAL\Obj\main.o                              #
#                    G:\roller_v2\roller_v2\exp_ctrl_drivethree\Project\EWARM #
#                    v5\STM3210C-EVAL\Obj\mem.o G:\roller_v2\roller_v2\exp_ct #
#                    rl_drivethree\Project\EWARMv5\STM3210C-EVAL\Obj\memp.o   #
#                    G:\roller_v2\roller_v2\exp_ctrl_drivethree\Project\EWARM #
#                    v5\STM3210C-EVAL\Obj\misc.o                              #
#                    G:\roller_v2\roller_v2\exp_ctrl_drivethree\Project\EWARM #
#                    v5\STM3210C-EVAL\Obj\moto.o                              #
#                    G:\roller_v2\roller_v2\exp_ctrl_drivethree\Project\EWARM #
#                    v5\STM3210C-EVAL\Obj\netbuf.o                            #
#                    G:\roller_v2\roller_v2\exp_ctrl_drivethree\Project\EWARM #
#                    v5\STM3210C-EVAL\Obj\netdb.o                             #
#                    G:\roller_v2\roller_v2\exp_ctrl_drivethree\Project\EWARM #
#                    v5\STM3210C-EVAL\Obj\netif.o                             #
#                    G:\roller_v2\roller_v2\exp_ctrl_drivethree\Project\EWARM #
#                    v5\STM3210C-EVAL\Obj\netifapi.o                          #
#                    G:\roller_v2\roller_v2\exp_ctrl_drivethree\Project\EWARM #
#                    v5\STM3210C-EVAL\Obj\pbuf.o                              #
#                    G:\roller_v2\roller_v2\exp_ctrl_drivethree\Project\EWARM #
#                    v5\STM3210C-EVAL\Obj\raw.o G:\roller_v2\roller_v2\exp_ct #
#                    rl_drivethree\Project\EWARMv5\STM3210C-EVAL\Obj\startup_ #
#                    stm32f10x_cl.o G:\roller_v2\roller_v2\exp_ctrl_drivethre #
#                    e\Project\EWARMv5\STM3210C-EVAL\Obj\stats.o              #
#                    G:\roller_v2\roller_v2\exp_ctrl_drivethree\Project\EWARM #
#                    v5\STM3210C-EVAL\Obj\stm32_eth.o                         #
#                    G:\roller_v2\roller_v2\exp_ctrl_drivethree\Project\EWARM #
#                    v5\STM3210C-EVAL\Obj\stm32f107.o                         #
#                    G:\roller_v2\roller_v2\exp_ctrl_drivethree\Project\EWARM #
#                    v5\STM3210C-EVAL\Obj\stm32f10x_adc.o                     #
#                    G:\roller_v2\roller_v2\exp_ctrl_drivethree\Project\EWARM #
#                    v5\STM3210C-EVAL\Obj\stm32f10x_bkp.o                     #
#                    G:\roller_v2\roller_v2\exp_ctrl_drivethree\Project\EWARM #
#                    v5\STM3210C-EVAL\Obj\stm32f10x_can.o                     #
#                    G:\roller_v2\roller_v2\exp_ctrl_drivethree\Project\EWARM #
#                    v5\STM3210C-EVAL\Obj\stm32f10x_dma.o                     #
#                    G:\roller_v2\roller_v2\exp_ctrl_drivethree\Project\EWARM #
#                    v5\STM3210C-EVAL\Obj\stm32f10x_exti.o                    #
#                    G:\roller_v2\roller_v2\exp_ctrl_drivethree\Project\EWARM #
#                    v5\STM3210C-EVAL\Obj\stm32f10x_flash.o                   #
#                    G:\roller_v2\roller_v2\exp_ctrl_drivethree\Project\EWARM #
#                    v5\STM3210C-EVAL\Obj\stm32f10x_gpio.o                    #
#                    G:\roller_v2\roller_v2\exp_ctrl_drivethree\Project\EWARM #
#                    v5\STM3210C-EVAL\Obj\stm32f10x_i2c.o                     #
#                    G:\roller_v2\roller_v2\exp_ctrl_drivethree\Project\EWARM #
#                    v5\STM3210C-EVAL\Obj\stm32f10x_it.o                      #
#                    G:\roller_v2\roller_v2\exp_ctrl_drivethree\Project\EWARM #
#                    v5\STM3210C-EVAL\Obj\stm32f10x_pwr.o                     #
#                    G:\roller_v2\roller_v2\exp_ctrl_drivethree\Project\EWARM #
#                    v5\STM3210C-EVAL\Obj\stm32f10x_rcc.o                     #
#                    G:\roller_v2\roller_v2\exp_ctrl_drivethree\Project\EWARM #
#                    v5\STM3210C-EVAL\Obj\stm32f10x_rtc.o                     #
#                    G:\roller_v2\roller_v2\exp_ctrl_drivethree\Project\EWARM #
#                    v5\STM3210C-EVAL\Obj\stm32f10x_spi.o                     #
#                    G:\roller_v2\roller_v2\exp_ctrl_drivethree\Project\EWARM #
#                    v5\STM3210C-EVAL\Obj\stm32f10x_tim.o                     #
#                    G:\roller_v2\roller_v2\exp_ctrl_drivethree\Project\EWARM #
#                    v5\STM3210C-EVAL\Obj\stm32f10x_usart.o                   #
#                    G:\roller_v2\roller_v2\exp_ctrl_drivethree\Project\EWARM #
#                    v5\STM3210C-EVAL\Obj\sys.o G:\roller_v2\roller_v2\exp_ct #
#                    rl_drivethree\Project\EWARMv5\STM3210C-EVAL\Obj\system_s #
#                    tm32f10x.o G:\roller_v2\roller_v2\exp_ctrl_drivethree\Pr #
#                    oject\EWARMv5\STM3210C-EVAL\Obj\tcp.o                    #
#                    G:\roller_v2\roller_v2\exp_ctrl_drivethree\Project\EWARM #
#                    v5\STM3210C-EVAL\Obj\tcp_in.o                            #
#                    G:\roller_v2\roller_v2\exp_ctrl_drivethree\Project\EWARM #
#                    v5\STM3210C-EVAL\Obj\tcp_out.o                           #
#                    G:\roller_v2\roller_v2\exp_ctrl_drivethree\Project\EWARM #
#                    v5\STM3210C-EVAL\Obj\tcpip.o                             #
#                    G:\roller_v2\roller_v2\exp_ctrl_drivethree\Project\EWARM #
#                    v5\STM3210C-EVAL\Obj\udp.o -o                            #
#                    G:\roller_v2\roller_v2\exp_ctrl_drivethree\Project\EWARM #
#                    v5\STM3210C-EVAL\Exe\STM3210C-EVAL.out --map             #
#                    G:\roller_v2\roller_v2\exp_ctrl_drivethree\Project\EWARM #
#                    v5\STM3210C-EVAL\List\STM3210C-EVAL.map --config         #
#                    G:\roller_v2\roller_v2\exp_ctrl_drivethree\Project\EWARM #
#                    v5\STM32F10x_FLASH.icf --semihosting --entry             #
#                    __iar_program_start                                      #
#                                                                             #
#                                                                             #
###############################################################################

*******************************************************************************
*** RUNTIME MODEL ATTRIBUTES
***

CppFlavor       = *
__SystemLibrary = DLib


*******************************************************************************
*** PLACEMENT SUMMARY
***

"A1":  place at 0x08000000 { ro section .intvec };
"P1":  place in [from 0x08000000 to 0x0803ffff] { ro };
"P2":  place in [from 0x20000000 to 0x2000ffff] { rw, block CSTACK, block HEAP };

  Section            Kind        Address    Size  Object
  -------            ----        -------    ----  ------
"A1":                                      0x150
  .intvec            ro code  0x08000000   0x150  startup_stm32f10x_cl.o [1]
                            - 0x08000150   0x150

"P1":                                     0x4f10
  .text              ro code  0x08000150  0x10a8  moto.o [1]
  .text              ro code  0x080011f8   0x1a2  stm32f10x_tim.o [1]
  .text              ro code  0x0800139a    0x2e  copy_init3.o [5]
  .text              ro code  0x080013c8   0x174  stm32f10x_gpio.o [1]
  .text              ro code  0x0800153c   0xe88  gpio.o [1]
  .text              ro code  0x080023c4    0xbc  main.o [1]
  .text              ro code  0x08002480    0x24  FltCmpLe.o [4]
  .text              ro code  0x080024a4    0x24  FltCmpGe.o [4]
  .text              ro code  0x080024c8     0x6  ABImemclr4.o [5]
  .text              ro code  0x080024ce    0x22  zero_init3.o [5]
  .text              ro code  0x080024f0   0x88c  can2_bus.o [1]
  .text              ro code  0x08002d7c   0x3c8  can1_bus.o [1]
  .text              ro code  0x08003144   0x6b0  stm32f107.o [1]
  .text              ro code  0x080037f4    0x1c  I32ToFlt.o [4]
  .text              ro code  0x08003810    0x4e  FltToDbl.o [4]
  .text              ro code  0x08003860   0x1a2  DblMul.o [4]
  .text              ro code  0x08003a04   0x246  DblDiv.o [4]
  .text              ro code  0x08003c4c    0x90  DblToFlt.o [4]
  .text              ro code  0x08003cdc   0x384  flash.o [1]
  .text              ro code  0x08004060    0x38  ABImemset48.o [5]
  .text              ro code  0x08004098    0x70  ABImemcpy.o [5]
  .text              ro code  0x08004108     0xe  tcp_out.o [1]
  .text              ro code  0x08004118   0x526  stm32f10x_can.o [1]
  .text              ro code  0x08004640   0x198  system_stm32f10x.o [1]
  .text              ro code  0x080047d8   0x1c8  stm32f10x_rcc.o [1]
  .text              ro code  0x080049a0    0x98  misc.o [1]
  .text              ro code  0x08004a38   0x232  stm32f10x_adc.o [1]
  .text              ro code  0x08004c6c   0x174  stm32f10x_flash.o [1]
  .text              ro code  0x08004de0    0xb0  stm32f10x_it.o [1]
  .text              ro code  0x08004e90    0x2c  data_init3.o [5]
  .iar.init_table    const    0x08004ebc    0x24  - Linker created -
  .text              ro code  0x08004ee0    0x16  cmain.o [5]
  .text              ro code  0x08004ef6     0x4  low_level_init.o [3]
  .text              ro code  0x08004efa     0x8  exit.o [3]
  .text              ro code  0x08004f04     0xa  cexit.o [5]
  .text              ro code  0x08004f10    0x14  exit.o [6]
  .text              ro code  0x08004f24     0xc  cstartup_M.o [5]
  .text              ro code  0x08004f30     0x4  startup_stm32f10x_cl.o [1]
  .text              ro code  0x08004f34     0x4  startup_stm32f10x_cl.o [1]
  .text              ro code  0x08004f38     0x4  startup_stm32f10x_cl.o [1]
  .text              ro code  0x08004f3c     0x4  startup_stm32f10x_cl.o [1]
  .text              ro code  0x08004f40     0x4  startup_stm32f10x_cl.o [1]
  .text              ro code  0x08004f44     0x4  startup_stm32f10x_cl.o [1]
  .text              ro code  0x08004f48     0x4  startup_stm32f10x_cl.o [1]
  .text              ro code  0x08004f4c     0x4  startup_stm32f10x_cl.o [1]
  .text              ro code  0x08004f50     0x4  startup_stm32f10x_cl.o [1]
  .text              ro code  0x08004f54     0x4  startup_stm32f10x_cl.o [1]
  .text              ro code  0x08004f58     0x4  startup_stm32f10x_cl.o [1]
  .text              ro code  0x08004f5c     0x4  startup_stm32f10x_cl.o [1]
  .text              ro code  0x08004f60     0x4  startup_stm32f10x_cl.o [1]
  .text              ro code  0x08004f64     0x4  startup_stm32f10x_cl.o [1]
  .text              ro code  0x08004f68     0x4  startup_stm32f10x_cl.o [1]
  .text              ro code  0x08004f6c     0x4  startup_stm32f10x_cl.o [1]
  .text              ro code  0x08004f70     0x4  startup_stm32f10x_cl.o [1]
  .text              ro code  0x08004f74     0x4  startup_stm32f10x_cl.o [1]
  .text              ro code  0x08004f78     0x4  startup_stm32f10x_cl.o [1]
  .text              ro code  0x08004f7c     0x4  startup_stm32f10x_cl.o [1]
  .text              ro code  0x08004f80     0x4  startup_stm32f10x_cl.o [1]
  .text              ro code  0x08004f84     0x4  startup_stm32f10x_cl.o [1]
  .text              ro code  0x08004f88     0x4  startup_stm32f10x_cl.o [1]
  .text              ro code  0x08004f8c     0x4  startup_stm32f10x_cl.o [1]
  .text              ro code  0x08004f90     0x4  startup_stm32f10x_cl.o [1]
  .text              ro code  0x08004f94     0x4  startup_stm32f10x_cl.o [1]
  .text              ro code  0x08004f98     0x4  startup_stm32f10x_cl.o [1]
  .text              ro code  0x08004f9c     0x4  startup_stm32f10x_cl.o [1]
  .text              ro code  0x08004fa0     0x4  startup_stm32f10x_cl.o [1]
  .text              ro code  0x08004fa4     0x4  startup_stm32f10x_cl.o [1]
  .text              ro code  0x08004fa8     0x4  startup_stm32f10x_cl.o [1]
  .text              ro code  0x08004fac     0x4  startup_stm32f10x_cl.o [1]
  .text              ro code  0x08004fb0     0x4  startup_stm32f10x_cl.o [1]
  .text              ro code  0x08004fb4     0x4  startup_stm32f10x_cl.o [1]
  .text              ro code  0x08004fb8     0x4  startup_stm32f10x_cl.o [1]
  .text              ro code  0x08004fbc     0x4  startup_stm32f10x_cl.o [1]
  .text              ro code  0x08004fc0     0x4  startup_stm32f10x_cl.o [1]
  .text              ro code  0x08004fc4     0x4  startup_stm32f10x_cl.o [1]
  .text              ro code  0x08004fc8     0x4  startup_stm32f10x_cl.o [1]
  .text              ro code  0x08004fcc     0x4  startup_stm32f10x_cl.o [1]
  .text              ro code  0x08004fd0     0x4  startup_stm32f10x_cl.o [1]
  .text              ro code  0x08004fd4     0x4  startup_stm32f10x_cl.o [1]
  .text              ro code  0x08004fd8     0x4  startup_stm32f10x_cl.o [1]
  .text              ro code  0x08004fdc     0x4  startup_stm32f10x_cl.o [1]
  .text              ro code  0x08004fe0     0x4  startup_stm32f10x_cl.o [1]
  .text              ro code  0x08004fe4     0x4  startup_stm32f10x_cl.o [1]
  .text              ro code  0x08004fe8     0x4  startup_stm32f10x_cl.o [1]
  .text              ro code  0x08004fec     0x4  startup_stm32f10x_cl.o [1]
  .text              ro code  0x08004ff0     0x4  startup_stm32f10x_cl.o [1]
  .text              ro code  0x08004ff4     0x4  startup_stm32f10x_cl.o [1]
  .text              ro code  0x08004ff8     0x4  startup_stm32f10x_cl.o [1]
  .text              ro code  0x08004ffc     0x4  startup_stm32f10x_cl.o [1]
  .text              ro code  0x08005000     0x4  startup_stm32f10x_cl.o [1]
  .text              ro code  0x08005004     0x4  startup_stm32f10x_cl.o [1]
  .text              ro code  0x08005008     0x4  startup_stm32f10x_cl.o [1]
  .text              ro code  0x0800500c     0x4  startup_stm32f10x_cl.o [1]
  .text              ro code  0x08005010     0x4  startup_stm32f10x_cl.o [1]
  .text              ro code  0x08005014     0x4  startup_stm32f10x_cl.o [1]
  .text              ro code  0x08005018     0x4  startup_stm32f10x_cl.o [1]
  .text              ro code  0x0800501c     0x4  startup_stm32f10x_cl.o [1]
  .text              ro code  0x08005020     0x4  startup_stm32f10x_cl.o [1]
  .text              ro code  0x08005024     0x4  startup_stm32f10x_cl.o [1]
  .text              ro code  0x08005028     0x4  startup_stm32f10x_cl.o [1]
  .text              ro code  0x0800502c     0x4  startup_stm32f10x_cl.o [1]
  .text              ro code  0x08005030     0x4  startup_stm32f10x_cl.o [1]
  .text              ro code  0x08005034     0x4  startup_stm32f10x_cl.o [1]
  .text              ro code  0x08005038     0x4  startup_stm32f10x_cl.o [1]
  .text              ro code  0x0800503c     0x4  startup_stm32f10x_cl.o [1]
  .text              ro code  0x08005040     0x4  startup_stm32f10x_cl.o [1]
  .text              ro code  0x08005044     0x4  startup_stm32f10x_cl.o [1]
  Initializer bytes  ro data  0x08005048    0x18  <for P2 s0>
                            - 0x08005060  0x4f10

"P2", part 1 of 3:                          0x18
  P2 s0                       0x20000000    0x18  <Init block>
    .data            inited   0x20000000    0x10  stm32f10x_rcc.o [1]
    .data            inited   0x20000010     0x4  stm32f10x_rcc.o [1]
    .data            inited   0x20000014     0x2  moto.o [1]
    .data            inited   0x20000016     0x1  moto.o [1]
                            - 0x20000018    0x18

"P2", part 2 of 3:                         0x938
  .bss               zero     0x20000018   0x2bc  can1_bus.o [1]
  .bss               zero     0x200002d4   0x2bc  can2_bus.o [1]
  .bss               zero     0x20000590   0x12c  can1_bus.o [1]
  .bss               zero     0x200006bc   0x12c  can2_bus.o [1]
  .bss               zero     0x200007e8    0x1c  flash.o [1]
  .bss               zero     0x20000804    0x1c  flash.o [1]
  .bss               zero     0x20000820    0x18  moto.o [1]
  .bss               zero     0x20000838    0x18  moto.o [1]
  .bss               zero     0x20000850    0x18  moto.o [1]
  .bss               zero     0x20000868     0xc  can1_bus.o [1]
  .bss               zero     0x20000874     0xc  can2_bus.o [1]
  .bss               zero     0x20000880     0xc  gpio.o [1]
  .bss               zero     0x2000088c     0xc  gpio.o [1]
  .bss               zero     0x20000898     0xc  gpio.o [1]
  .bss               zero     0x200008a4     0xc  gpio.o [1]
  .bss               zero     0x200008b0     0xc  gpio.o [1]
  .bss               zero     0x200008bc     0xc  gpio.o [1]
  .bss               zero     0x200008c8     0xc  gpio.o [1]
  .bss               zero     0x200008d4     0xc  gpio.o [1]
  .bss               zero     0x200008e0     0xc  gpio.o [1]
  .bss               zero     0x200008ec     0xc  gpio.o [1]
  .bss               zero     0x200008f8     0xc  gpio.o [1]
  .bss               zero     0x20000904     0xc  gpio.o [1]
  .bss               zero     0x20000910     0x8  moto.o [1]
  .bss               zero     0x20000918     0x8  moto.o [1]
  .bss               zero     0x20000920     0x4  can1_bus.o [1]
  .bss               zero     0x20000924     0x4  can2_bus.o [1]
  .bss               zero     0x20000928     0x4  main.o [1]
  .bss               zero     0x2000092c     0x4  moto.o [1]
  .bss               zero     0x20000930     0x2  can1_bus.o [1]
  .bss               zero     0x20000932     0x2  can2_bus.o [1]
  .bss               zero     0x20000934     0x2  flash.o [1]
  .bss               zero     0x20000936     0x2  gpio.o [1]
  .bss               zero     0x20000938     0x2  moto.o [1]
  .bss               zero     0x2000093a     0x2  moto.o [1]
  .bss               zero     0x2000093c     0x2  moto.o [1]
  .bss               zero     0x2000093e     0x2  moto.o [1]
  .bss               zero     0x20000940     0x2  moto.o [1]
  .bss               zero     0x20000942     0x1  gpio.o [1]
  .bss               zero     0x20000943     0x1  gpio.o [1]
  .bss               zero     0x20000944     0x1  gpio.o [1]
  .bss               zero     0x20000945     0x1  gpio.o [1]
  .bss               zero     0x20000946     0x1  gpio.o [1]
  .bss               zero     0x20000947     0x1  gpio.o [1]
  .bss               zero     0x20000948     0x1  main.o [1]
  .bss               zero     0x20000949     0x1  moto.o [1]
  .bss               zero     0x2000094a     0x1  moto.o [1]
                            - 0x2000094b   0x933

"P2", part 3 of 3:                         0x800
  CSTACK                      0x20000950   0x800  <Block>
    CSTACK           uninit   0x20000950   0x800  <Block tail>
                            - 0x20001150   0x800


*******************************************************************************
*** INIT TABLE
***

          Address     Size
          -------     ----
Zero (__iar_zero_init3)
    1 destination range, total size 0x933:
          0x20000018  0x933

Copy (__iar_copy_init3)
    1 source range, total size 0x18 (104% of destination):
          0x08005048   0x18
    1 destination range, total size 0x17:
          0x20000000   0x17


*******************************************************************************
*** MODULE SUMMARY
***

    Module                  ro code  ro data  rw data
    ------                  -------  -------  -------
G:\roller_v2\roller_v2\exp_ctrl_drivethree\Project\EWARMv5\STM3210C-EVAL\Obj: [1]
    can1_bus.o                  968             1 018
    can2_bus.o                2 188             1 018
    flash.o                     900                58
    gpio.o                    3 720               152
    main.o                      188                 5
    misc.o                      152
    moto.o                    4 264        3      107
    startup_stm32f10x_cl.o      616
    stm32f107.o               1 712
    stm32f10x_adc.o             562
    stm32f10x_can.o           1 318
    stm32f10x_flash.o           372
    stm32f10x_gpio.o            372
    stm32f10x_it.o              176
    stm32f10x_rcc.o             456       20       20
    stm32f10x_tim.o             418
    system_stm32f10x.o          408
    tcp_out.o                    14
    -------------------------------------------------
    Total:                   18 804       23    2 378

command line: [2]
    -------------------------------------------------
    Total:

dl7M_tln.a: [3]
    exit.o                        8
    low_level_init.o              4
    -------------------------------------------------
    Total:                       12

m7M_tl.a: [4]
    DblDiv.o                    582
    DblMul.o                    418
    DblToFlt.o                  144
    FltCmpGe.o                   36
    FltCmpLe.o                   36
    FltToDbl.o                   78
    I32ToFlt.o                   28
    -------------------------------------------------
    Total:                    1 322

rt7M_tl.a: [5]
    ABImemclr4.o                  6
    ABImemcpy.o                 112
    ABImemset48.o                56
    cexit.o                      10
    cmain.o                      22
    copy_init3.o                 46
    cstartup_M.o                 12
    data_init3.o                 44
    zero_init3.o                 34
    -------------------------------------------------
    Total:                      342

shb_l.a: [6]
    exit.o                       20
    -------------------------------------------------
    Total:                       20

    Gaps                         16                 1
    Linker created                        37    2 048
-----------------------------------------------------
    Grand Total:             20 516       60    4 427


*******************************************************************************
*** ENTRY LIST
***

Entry                      Address   Size  Type      Object
-----                      -------   ----  ----      ------
?main                   0x08004ee1         Code  Gb  cmain.o [5]
ADC1_2_IRQHandler       0x08004f9d         Code  Wk  startup_stm32f10x_cl.o [1]
ADCPrescTable           0x20000010    0x4  Data  Lc  stm32f10x_rcc.o [1]
ADC_Cmd                 0x08004ae1   0x1a  Code  Gb  stm32f10x_adc.o [1]
ADC_Configuration       0x08003701   0x8a  Code  Gb  stm32f107.o [1]
ADC_DeInit              0x08004a39   0x5c  Code  Gb  stm32f10x_adc.o [1]
ADC_GetCalibrationStatus
                        0x08004b23   0x14  Code  Gb  stm32f10x_adc.o [1]
ADC_GetConversionValue  0x08004c15    0x6  Code  Gb  stm32f10x_adc.o [1]
ADC_GetFlagStatus       0x08004c55   0x16  Code  Gb  stm32f10x_adc.o [1]
ADC_GetResetCalibrationStatus
                        0x08004b05   0x14  Code  Gb  stm32f10x_adc.o [1]
ADC_Init                0x08004a95   0x4c  Code  Gb  stm32f10x_adc.o [1]
ADC_RegularChannelConfig
                        0x08004b51   0xc4  Code  Gb  stm32f10x_adc.o [1]
ADC_ResetCalibration    0x08004afb    0xa  Code  Gb  stm32f10x_adc.o [1]
ADC_SoftwareStartConvCmd
                        0x08004b37   0x1a  Code  Gb  stm32f10x_adc.o [1]
ADC_StartCalibration    0x08004b19    0xa  Code  Gb  stm32f10x_adc.o [1]
ADC_TempSensorVrefintCmd
                        0x08004c1b   0x22  Code  Gb  stm32f10x_adc.o [1]
APBAHBPrescTable        0x20000000   0x10  Data  Lc  stm32f10x_rcc.o [1]
BusFault_Handler        0x08004e09    0x8  Code  Gb  stm32f10x_it.o [1]
CAN1_RX0_IRQHandler     0x08004e27   0x2c  Code  Gb  stm32f10x_it.o [1]
CAN1_RX1_IRQHandler     0x08004fa9         Code  Wk  startup_stm32f10x_cl.o [1]
CAN1_SCE_IRQHandler     0x08004fad         Code  Wk  startup_stm32f10x_cl.o [1]
CAN1_TX_IRQHandler      0x08004fa1         Code  Wk  startup_stm32f10x_cl.o [1]
CAN2_RX0_IRQHandler     0x08005039         Code  Wk  startup_stm32f10x_cl.o [1]
CAN2_RX1_IRQHandler     0x08004e53   0x2c  Code  Gb  stm32f10x_it.o [1]
CAN2_SCE_IRQHandler     0x08005041         Code  Wk  startup_stm32f10x_cl.o [1]
CAN2_TX_IRQHandler      0x08005035         Code  Wk  startup_stm32f10x_cl.o [1]
CAN_ClearITPendingBit   0x080045a9   0x96  Code  Gb  stm32f10x_can.o [1]
CAN_Configuration       0x080031a1  0x14c  Code  Gb  stm32f107.o [1]
CAN_DeInit              0x08004119   0x34  Code  Gb  stm32f10x_can.o [1]
CAN_FIFORelease         0x080044bf   0x12  Code  Gb  stm32f10x_can.o [1]
CAN_FilterInit          0x0800425d   0xe2  Code  Gb  stm32f10x_can.o [1]
CAN_ITConfig            0x08004389   0x18  Code  Gb  stm32f10x_can.o [1]
CAN_Init                0x0800414d  0x110  Code  Gb  stm32f10x_can.o [1]
CAN_Receive             0x080044d1   0xd8  Code  Gb  stm32f10x_can.o [1]
CAN_StructInit          0x0800433f   0x2e  Code  Gb  stm32f10x_can.o [1]
CAN_Transmit            0x080043a1  0x11e  Code  Gb  stm32f10x_can.o [1]
CSTACK$$Base            0x20000950          --   Gb  - Linker created -
CSTACK$$Limit           0x20001150          --   Gb  - Linker created -
DMA1_Channel1_IRQHandler
                        0x08004f81         Code  Wk  startup_stm32f10x_cl.o [1]
DMA1_Channel2_IRQHandler
                        0x08004f85         Code  Wk  startup_stm32f10x_cl.o [1]
DMA1_Channel3_IRQHandler
                        0x08004f89         Code  Wk  startup_stm32f10x_cl.o [1]
DMA1_Channel4_IRQHandler
                        0x08004f8d         Code  Wk  startup_stm32f10x_cl.o [1]
DMA1_Channel5_IRQHandler
                        0x08004f91         Code  Wk  startup_stm32f10x_cl.o [1]
DMA1_Channel6_IRQHandler
                        0x08004f95         Code  Wk  startup_stm32f10x_cl.o [1]
DMA1_Channel7_IRQHandler
                        0x08004f99         Code  Wk  startup_stm32f10x_cl.o [1]
DMA2_Channel1_IRQHandler
                        0x08005019         Code  Wk  startup_stm32f10x_cl.o [1]
DMA2_Channel2_IRQHandler
                        0x0800501d         Code  Wk  startup_stm32f10x_cl.o [1]
DMA2_Channel3_IRQHandler
                        0x08005021         Code  Wk  startup_stm32f10x_cl.o [1]
DMA2_Channel4_IRQHandler
                        0x08005025         Code  Wk  startup_stm32f10x_cl.o [1]
DMA2_Channel5_IRQHandler
                        0x08005029         Code  Wk  startup_stm32f10x_cl.o [1]
DebugMon_Handler        0x08004e1b    0x2  Code  Gb  stm32f10x_it.o [1]
ETH_IRQHandler          0x0800502d         Code  Wk  startup_stm32f10x_cl.o [1]
ETH_WKUP_IRQHandler     0x08005031         Code  Wk  startup_stm32f10x_cl.o [1]
EXTI0_IRQHandler        0x08004f6d         Code  Wk  startup_stm32f10x_cl.o [1]
EXTI15_10_IRQHandler    0x08004ff5         Code  Wk  startup_stm32f10x_cl.o [1]
EXTI1_IRQHandler        0x08004f71         Code  Wk  startup_stm32f10x_cl.o [1]
EXTI2_IRQHandler        0x08004f75         Code  Wk  startup_stm32f10x_cl.o [1]
EXTI3_IRQHandler        0x08004f79         Code  Wk  startup_stm32f10x_cl.o [1]
EXTI4_IRQHandler        0x08004f7d         Code  Wk  startup_stm32f10x_cl.o [1]
EXTI9_5_IRQHandler      0x08004fb1         Code  Wk  startup_stm32f10x_cl.o [1]
FLASH_ClearFlag         0x08004d47    0x8  Code  Gb  stm32f10x_flash.o [1]
FLASH_ErasePage         0x08004c95   0x64  Code  Gb  stm32f10x_flash.o [1]
FLASH_GetStatus         0x08004d4f   0x2c  Code  Gb  stm32f10x_flash.o [1]
FLASH_IRQHandler        0x08004f65         Code  Wk  startup_stm32f10x_cl.o [1]
FLASH_Lock              0x08004c83   0x12  Code  Gb  stm32f10x_flash.o [1]
FLASH_ProgramHalfWord   0x08004cf9   0x4e  Code  Gb  stm32f10x_flash.o [1]
FLASH_Unlock            0x08004c6d   0x16  Code  Gb  stm32f10x_flash.o [1]
FLASH_WaitForLastOperation
                        0x08004d95   0x30  Code  Gb  stm32f10x_flash.o [1]
GPIO_Configuration      0x0800333d  0x282  Code  Gb  stm32f107.o [1]
GPIO_Init               0x080013c9   0xcc  Code  Gb  stm32f10x_gpio.o [1]
GPIO_PinRemapConfig     0x080014c9   0x70  Code  Gb  stm32f10x_gpio.o [1]
GPIO_ReadInputDataBit   0x08001495   0x16  Code  Gb  stm32f10x_gpio.o [1]
GPIO_ResetBits          0x080014b1    0x6  Code  Gb  stm32f10x_gpio.o [1]
GPIO_SetBits            0x080014ab    0x6  Code  Gb  stm32f10x_gpio.o [1]
GPIO_WriteBit           0x080014b7   0x12  Code  Gb  stm32f10x_gpio.o [1]
Get_Adc                 0x0800378b   0x2c  Code  Gb  stm32f107.o [1]
Get_Vcc_Volt            0x080023c5   0x34  Code  Gb  main.o [1]
HardFault_Handler       0x08004df9    0x8  Code  Gb  stm32f10x_it.o [1]
I2C1_ER_IRQHandler      0x08004fd5         Code  Wk  startup_stm32f10x_cl.o [1]
I2C1_EV_IRQHandler      0x08004fd1         Code  Wk  startup_stm32f10x_cl.o [1]
I2C2_ER_IRQHandler      0x08004fdd         Code  Wk  startup_stm32f10x_cl.o [1]
I2C2_EV_IRQHandler      0x08004fd9         Code  Wk  startup_stm32f10x_cl.o [1]
Init_Find_Position_Process
                        0x080009df  0x190  Code  Gb  moto.o [1]
LocalTime               0x20000928    0x4  Data  Gb  main.o [1]
MOT_Error_Detection_Process
                        0x08000651  0x1ac  Code  Gb  moto.o [1]
MemManage_Handler       0x08004e01    0x8  Code  Gb  stm32f10x_it.o [1]
Mot_Set_Start_Cmd       0x08000243   0x96  Code  Gb  moto.o [1]
Mot_Speed_Output_Handle
                        0x080002d9  0x378  Code  Gb  moto.o [1]
Mot_msg_init            0x08000151   0x2a  Code  Gb  moto.o [1]
Mot_upload_all_state    0x080007fd  0x1e2  Code  Gb  moto.o [1]
NMI_Handler             0x08004df7    0x2  Code  Gb  stm32f10x_it.o [1]
NVIC_Configuration      0x080035bf   0x52  Code  Gb  stm32f107.o [1]
NVIC_Init               0x080049ab   0x66  Code  Gb  misc.o [1]
NVIC_PriorityGroupConfig
                        0x080049a1    0xa  Code  Gb  misc.o [1]
NVIC_SetPriority        0x08003145   0x26  Code  Lc  stm32f107.o [1]
NVIC_SetVectorTable     0x08004a11    0xc  Code  Gb  misc.o [1]
NVIC_SystemReset        0x08004de1   0x16  Code  Lc  stm32f10x_it.o [1]
OTG_FS_IRQHandler       0x08005045         Code  Wk  startup_stm32f10x_cl.o [1]
OTG_FS_WKUP_IRQHandler  0x08004ffd         Code  Wk  startup_stm32f10x_cl.o [1]
PVD_IRQHandler          0x08004f59         Code  Wk  startup_stm32f10x_cl.o [1]
PWM_OUT_Init            0x08003611   0xf0  Code  Gb  stm32f107.o [1]
PendSV_Handler          0x08004e1d    0x2  Code  Gb  stm32f10x_it.o [1]
RCC_ADCCLKConfig        0x080047d9   0x14  Code  Gb  stm32f10x_rcc.o [1]
RCC_APB1PeriphClockCmd  0x08004919   0x20  Code  Gb  stm32f10x_rcc.o [1]
RCC_APB1PeriphResetCmd  0x08004959   0x20  Code  Gb  stm32f10x_rcc.o [1]
RCC_APB2PeriphClockCmd  0x080048f9   0x20  Code  Gb  stm32f10x_rcc.o [1]
RCC_APB2PeriphResetCmd  0x08004939   0x20  Code  Gb  stm32f10x_rcc.o [1]
RCC_GetClocksFreq       0x080047ed  0x10c  Code  Gb  stm32f10x_rcc.o [1]
RCC_IRQHandler          0x08004f69         Code  Wk  startup_stm32f10x_cl.o [1]
RTCAlarm_IRQHandler     0x08004ff9         Code  Wk  startup_stm32f10x_cl.o [1]
RTC_IRQHandler          0x08004f61         Code  Wk  startup_stm32f10x_cl.o [1]
Region$$Table$$Base     0x08004ebc          --   Gb  - Linker created -
Region$$Table$$Limit    0x08004ee0          --   Gb  - Linker created -
SPI1_IRQHandler         0x08004fe1         Code  Wk  startup_stm32f10x_cl.o [1]
SPI2_IRQHandler         0x08004fe5         Code  Wk  startup_stm32f10x_cl.o [1]
SPI3_IRQHandler         0x08005005         Code  Wk  startup_stm32f10x_cl.o [1]
SVC_Handler             0x08004e19    0x2  Code  Gb  stm32f10x_it.o [1]
Select_Direction_Run    0x08000b6f   0xb2  Code  Gb  moto.o [1]
Select_Direction_Stop   0x08000c31   0x42  Code  Gb  moto.o [1]
SetSysClock             0x0800469f    0x8  Code  Lc  system_stm32f10x.o [1]
SetSysClockTo72         0x080046a7  0x10e  Code  Lc  system_stm32f10x.o [1]
Set_Mot_Roll_Paras      0x0800017b   0xc8  Code  Gb  moto.o [1]
SysTick_Config          0x0800316b   0x36  Code  Lc  stm32f107.o [1]
SysTick_Handler         0x08004e1f    0x8  Code  Gb  stm32f10x_it.o [1]
SystemInit              0x08004641   0x5e  Code  Gb  system_stm32f10x.o [1]
System_Setup            0x080032ed   0x50  Code  Gb  stm32f107.o [1]
TAMPER_IRQHandler       0x08004f5d         Code  Wk  startup_stm32f10x_cl.o [1]
TIM1_BRK_IRQHandler     0x08004fb5         Code  Wk  startup_stm32f10x_cl.o [1]
TIM1_CC_IRQHandler      0x08004fc1         Code  Wk  startup_stm32f10x_cl.o [1]
TIM1_TRG_COM_IRQHandler
                        0x08004fbd         Code  Wk  startup_stm32f10x_cl.o [1]
TIM1_UP_IRQHandler      0x08004fb9         Code  Wk  startup_stm32f10x_cl.o [1]
TIM2_IRQHandler         0x08004fc5         Code  Wk  startup_stm32f10x_cl.o [1]
TIM3_IRQHandler         0x08004fc9         Code  Wk  startup_stm32f10x_cl.o [1]
TIM4_IRQHandler         0x08004fcd         Code  Wk  startup_stm32f10x_cl.o [1]
TIM5_IRQHandler         0x08005001         Code  Wk  startup_stm32f10x_cl.o [1]
TIM6_IRQHandler         0x08005011         Code  Wk  startup_stm32f10x_cl.o [1]
TIM7_IRQHandler         0x08005015         Code  Wk  startup_stm32f10x_cl.o [1]
TIM_ARRPreloadConfig    0x08001351   0x1c  Code  Gb  stm32f10x_tim.o [1]
TIM_Cmd                 0x08001335   0x1c  Code  Gb  stm32f10x_tim.o [1]
TIM_OC1Init             0x0800122f   0x78  Code  Gb  stm32f10x_tim.o [1]
TIM_OC1PreloadConfig    0x0800136d   0x12  Code  Gb  stm32f10x_tim.o [1]
TIM_OC2Init             0x080012a7   0x86  Code  Gb  stm32f10x_tim.o [1]
TIM_OC2PreloadConfig    0x0800137f   0x14  Code  Gb  stm32f10x_tim.o [1]
TIM_SetCompare1         0x08001393    0x4  Code  Gb  stm32f10x_tim.o [1]
TIM_SetCompare2         0x08001397    0x4  Code  Gb  stm32f10x_tim.o [1]
TIM_TimeBaseInit        0x080011f9   0x36  Code  Gb  stm32f10x_tim.o [1]
Time_Update             0x08002411   0x12  Code  Gb  main.o [1]
UART4_IRQHandler        0x08005009         Code  Wk  startup_stm32f10x_cl.o [1]
UART5_IRQHandler        0x0800500d         Code  Wk  startup_stm32f10x_cl.o [1]
USART1_IRQHandler       0x08004fe9         Code  Wk  startup_stm32f10x_cl.o [1]
USART2_IRQHandler       0x08004fed         Code  Wk  startup_stm32f10x_cl.o [1]
USART3_IRQHandler       0x08004ff1         Code  Wk  startup_stm32f10x_cl.o [1]
UsageFault_Handler      0x08004e11    0x8  Code  Gb  stm32f10x_it.o [1]
WWDG_IRQHandler         0x08004f55         Code  Wk  startup_stm32f10x_cl.o [1]
__aeabi_cfcmple         0x08002481         Code  Gb  FltCmpLe.o [4]
__aeabi_cfrcmple        0x080024a5         Code  Gb  FltCmpGe.o [4]
__aeabi_d2f             0x08003c4d         Code  Gb  DblToFlt.o [4]
__aeabi_ddiv            0x08003a05         Code  Gb  DblDiv.o [4]
__aeabi_dmul            0x08003861         Code  Gb  DblMul.o [4]
__aeabi_f2d             0x08003811         Code  Gb  FltToDbl.o [4]
__aeabi_memclr4         0x080024c9         Code  Gb  ABImemclr4.o [5]
__aeabi_memcpy          0x08004099         Code  Gb  ABImemcpy.o [5]
__aeabi_memcpy4         0x080040b3         Code  Gb  ABImemcpy.o [5]
__aeabi_memcpy8         0x080040b3         Code  Gb  ABImemcpy.o [5]
__aeabi_memset4         0x08004061         Code  Gb  ABImemset48.o [5]
__aeabi_memset8         0x08004061         Code  Gb  ABImemset48.o [5]
__aeabi_ui2f            0x080037f5         Code  Gb  I32ToFlt.o [4]
__cmain                 0x08004ee1         Code  Gb  cmain.o [5]
__exit                  0x08004f11   0x14  Code  Gb  exit.o [6]
__iar_Memset4_word      0x08004069         Code  Gb  ABImemset48.o [5]
__iar_Memset8_word      0x08004069         Code  Gb  ABImemset48.o [5]
__iar_copy_init3        0x0800139b   0x2e  Code  Gb  copy_init3.o [5]
__iar_data_init3        0x08004e91   0x2c  Code  Gb  data_init3.o [5]
__iar_program_start     0x08004f25         Code  Gb  cstartup_M.o [5]
__iar_ui2f              0x080037f7         Code  Gb  I32ToFlt.o [4]
__iar_zero_init3        0x080024cf   0x22  Code  Gb  zero_init3.o [5]
__low_level_init        0x08004ef7    0x4  Code  Gb  low_level_init.o [3]
__vector_table          0x08000000         Data  Gb  startup_stm32f10x_cl.o [1]
_call_main              0x08004eed         Code  Gb  cmain.o [5]
_exit                   0x08004f05         Code  Gb  cexit.o [5]
_main                   0x08004ef3         Code  Gb  cmain.o [5]
can_recv_set_para       0x080029a3  0x13c  Code  Gb  can2_bus.o [1]
can_reply_read_para     0x08002b27  0x222  Code  Gb  can2_bus.o [1]
can_reply_set_para      0x08002adf   0x48  Code  Gb  can2_bus.o [1]
canbus_recv_can_msg     0x0800296b   0x38  Code  Gb  can2_bus.o [1]
canbus_recv_start_cmd   0x08002903   0x68  Code  Gb  can2_bus.o [1]
canframequeue_one       0x20000868    0xc  Data  Gb  can1_bus.o [1]
canframequeue_two       0x20000874    0xc  Data  Gb  can2_bus.o [1]
canframequeuebuff_one   0x20000018  0x2bc  Data  Gb  can1_bus.o [1]
canframequeuebuff_two   0x200002d4  0x2bc  Data  Gb  can2_bus.o [1]
canone_ctrl             0x20000920    0x4  Data  Gb  can1_bus.o [1]
canone_recv_buff        0x20000590  0x12c  Data  Gb  can1_bus.o [1]
canone_recv_len         0x20000930    0x2  Data  Gb  can1_bus.o [1]
canrecv_framecnt_rise   0x20000014    0x2  Data  Gb  moto.o [1]
cantwo_ctrl             0x20000924    0x4  Data  Gb  can2_bus.o [1]
cantwo_recv_buff        0x200006bc  0x12c  Data  Gb  can2_bus.o [1]
cantwo_recv_len         0x20000932    0x2  Data  Gb  can2_bus.o [1]
delay                   0x08004dc5   0x1c  Code  Lc  stm32f10x_flash.o [1]
exit                    0x08004efb    0x8  Code  Gb  exit.o [3]
flash_init              0x08003cdd  0x24e  Code  Gb  flash.o [1]
flash_upload_flag       0x20000934    0x2  Data  Gb  flash.o [1]
flash_upload_write_buff
                        0x08003f6d   0xc6  Code  Gb  flash.o [1]
flash_write_buff        0x08003f2b   0x42  Code  Gb  flash.o [1]
g_alarm_flag            0x20000946    0x1  Data  Gb  gpio.o [1]
g_position_find_flag    0x2000094a    0x1  Data  Gb  moto.o [1]
g_position_find_timeout
                        0x20000940    0x2  Data  Gb  moto.o [1]
g_position_set          0x20000016    0x1  Data  Gb  moto.o [1]
g_position_status       0x20000949    0x1  Data  Gb  moto.o [1]
gpio_Led_Blink_Handle   0x080021bd  0x1b8  Code  Gb  gpio.o [1]
gpio_Led_Set_Mode       0x0800206d  0x13a  Code  Gb  gpio.o [1]
gpio_handleInputScan    0x0800153d  0xb30  Code  Gb  gpio.o [1]
input_dip_dir           0x200008f8    0xc  Data  Gb  gpio.o [1]
input_dip_mod           0x20000904    0xc  Data  Gb  gpio.o [1]
input_dip_speed         0x200008ec    0xc  Data  Gb  gpio.o [1]
input_in1_1             0x20000880    0xc  Data  Gb  gpio.o [1]
input_in1_2             0x2000088c    0xc  Data  Gb  gpio.o [1]
input_in2_1             0x20000898    0xc  Data  Gb  gpio.o [1]
input_in2_2             0x200008a4    0xc  Data  Gb  gpio.o [1]
input_in3_1             0x200008b0    0xc  Data  Gb  gpio.o [1]
input_in3_2             0x200008bc    0xc  Data  Gb  gpio.o [1]
input_mot1_alarm        0x200008c8    0xc  Data  Gb  gpio.o [1]
input_mot2_alarm        0x200008d4    0xc  Data  Gb  gpio.o [1]
input_mot3_alarm        0x200008e0    0xc  Data  Gb  gpio.o [1]
led_blink_cnt           0x20000936    0x2  Data  Gb  gpio.o [1]
led_mot1_blk_mode       0x20000943    0x1  Data  Gb  gpio.o [1]
led_mot2_blk_mode       0x20000944    0x1  Data  Gb  gpio.o [1]
led_mot3_blk_mode       0x20000945    0x1  Data  Gb  gpio.o [1]
led_status_blk_mode     0x20000942    0x1  Data  Gb  gpio.o [1]
localStation            0x20000947    0x1  Data  Gb  gpio.o [1]
main                    0x080023f9   0x18  Code  Gb  main.o [1]
main_init_process       0x08002423   0x14  Code  Gb  main.o [1]
main_onems_process      0x08002437   0x36  Code  Gb  main.o [1]
memcpy                  0x08004109    0xe  Code  Gb  tcp_out.o [1]
mot1_info               0x20000820   0x18  Data  Gb  moto.o [1]
mot2_info               0x20000838   0x18  Data  Gb  moto.o [1]
mot3_info               0x20000850   0x18  Data  Gb  moto.o [1]
moto_ctrl_convey_process
                        0x08000e85  0x316  Code  Gb  moto.o [1]
moto_set_run_cmd        0x08000e2f   0x40  Code  Gb  moto.o [1]
moto_upload_moudle_status
                        0x08000c73  0x1bc  Code  Gb  moto.o [1]
motolocal               0x200007e8   0x1c  Data  Gb  flash.o [1]
mototemp                0x20000804   0x1c  Data  Gb  flash.o [1]
moudle1_info            0x20000910    0x8  Data  Gb  moto.o [1]
moudle2_info            0x20000918    0x8  Data  Gb  moto.o [1]
moudlerisecmd           0x2000092c    0x4  Data  Gb  moto.o [1]
msone_flag              0x20000948    0x1  Data  Gb  main.o [1]
para_data_recv_process  0x080028c9   0x3a  Code  Gb  can2_bus.o [1]
ramp_delay              0x20000938    0x2  Data  Gb  moto.o [1]
ramp_delay_three        0x2000093c    0x2  Data  Gb  moto.o [1]
u8canbus_send_oneframe_one
                        0x08002dd9   0x66  Code  Gb  can1_bus.o [1]
u8canbus_send_oneframe_two
                        0x0800254d   0x68  Code  Gb  can2_bus.o [1]
upload_now              0x2000093e    0x2  Data  Gb  moto.o [1]
upload_state_cnt        0x2000093a    0x2  Data  Gb  moto.o [1]
vcan_sendframe_process_one
                        0x080030df   0x4a  Code  Gb  can1_bus.o [1]
vcan_sendframe_process_two
                        0x0800287d   0x4c  Code  Gb  can2_bus.o [1]
vcan_sendmsg_one        0x08003001   0xde  Code  Gb  can1_bus.o [1]
vcan_sendmsg_two        0x0800279d   0xe0  Code  Gb  can2_bus.o [1]
vcanbus_addto_cansendqueue_one
                        0x08002d97   0x42  Code  Gb  can1_bus.o [1]
vcanbus_addto_cansendqueue_two
                        0x0800250b   0x42  Code  Gb  can2_bus.o [1]
vcanbus_frame_receive_two
                        0x080025b5  0x1e8  Code  Gb  can2_bus.o [1]
vcanbus_framereceive_one
                        0x08002e3f  0x1c2  Code  Gb  can1_bus.o [1]
vcanbus_initcansendqueue_one
                        0x08002d7d   0x1a  Code  Gb  can1_bus.o [1]
vcanbus_initcansendqueue_two
                        0x080024f1   0x1a  Code  Gb  can2_bus.o [1]


[1] = G:\roller_v2\roller_v2\exp_ctrl_drivethree\Project\EWARMv5\STM3210C-EVAL\Obj
[2] = command line
[3] = dl7M_tln.a
[4] = m7M_tl.a
[5] = rt7M_tl.a
[6] = shb_l.a

  20 516 bytes of readonly  code memory
      60 bytes of readonly  data memory
   4 427 bytes of readwrite data memory

Errors: none
Warnings: none
