###############################################################################
#                                                                             #
# IAR ELF Linker V6.10.1.52143/W32 for ARM              18/May/2023  09:17:24 #
# Copyright 2007-2010 IAR Systems AB.                                         #
#                                                                             #
#    Output file  =  E:\rollerconveyor\rollerconveyerv1.0.0.2\EXP_IOT_CTRL_PR #
#                    OJECT_V1_1_T20220614\Project\EWARMv5\STM3210C-EVAL\Exe\S #
#                    TM3210C-EVAL.out                                         #
#    Map file     =  E:\rollerconveyor\rollerconveyerv1.0.0.2\EXP_IOT_CTRL_PR #
#                    OJECT_V1_1_T20220614\Project\EWARMv5\STM3210C-EVAL\List\ #
#                    STM3210C-EVAL.map                                        #
#    Command line =  E:\rollerconveyor\rollerconveyerv1.0.0.2\EXP_IOT_CTRL_PR #
#                    OJECT_V1_1_T20220614\Project\EWARMv5\STM3210C-EVAL\Obj\a #
#                    pi_lib.o E:\rollerconveyor\rollerconveyerv1.0.0.2\EXP_IO #
#                    T_CTRL_PROJECT_V1_1_T20220614\Project\EWARMv5\STM3210C-E #
#                    VAL\Obj\api_msg.o E:\rollerconveyor\rollerconveyerv1.0.0 #
#                    .2\EXP_IOT_CTRL_PROJECT_V1_1_T20220614\Project\EWARMv5\S #
#                    TM3210C-EVAL\Obj\autoip.o E:\rollerconveyor\rollerconvey #
#                    erv1.0.0.2\EXP_IOT_CTRL_PROJECT_V1_1_T20220614\Project\E #
#                    WARMv5\STM3210C-EVAL\Obj\can_bus.o                       #
#                    E:\rollerconveyor\rollerconveyerv1.0.0.2\EXP_IOT_CTRL_PR #
#                    OJECT_V1_1_T20220614\Project\EWARMv5\STM3210C-EVAL\Obj\c #
#                    ore_cm3.o E:\rollerconveyor\rollerconveyerv1.0.0.2\EXP_I #
#                    OT_CTRL_PROJECT_V1_1_T20220614\Project\EWARMv5\STM3210C- #
#                    EVAL\Obj\data.o E:\rollerconveyor\rollerconveyerv1.0.0.2 #
#                    \EXP_IOT_CTRL_PROJECT_V1_1_T20220614\Project\EWARMv5\STM #
#                    3210C-EVAL\Obj\dhcp.o E:\rollerconveyor\rollerconveyerv1 #
#                    .0.0.2\EXP_IOT_CTRL_PROJECT_V1_1_T20220614\Project\EWARM #
#                    v5\STM3210C-EVAL\Obj\err.o E:\rollerconveyor\rollerconve #
#                    yerv1.0.0.2\EXP_IOT_CTRL_PROJECT_V1_1_T20220614\Project\ #
#                    EWARMv5\STM3210C-EVAL\Obj\etharp.o                       #
#                    E:\rollerconveyor\rollerconveyerv1.0.0.2\EXP_IOT_CTRL_PR #
#                    OJECT_V1_1_T20220614\Project\EWARMv5\STM3210C-EVAL\Obj\e #
#                    thernetif.o E:\rollerconveyor\rollerconveyerv1.0.0.2\EXP #
#                    _IOT_CTRL_PROJECT_V1_1_T20220614\Project\EWARMv5\STM3210 #
#                    C-EVAL\Obj\fun.o E:\rollerconveyor\rollerconveyerv1.0.0. #
#                    2\EXP_IOT_CTRL_PROJECT_V1_1_T20220614\Project\EWARMv5\ST #
#                    M3210C-EVAL\Obj\icmp.o E:\rollerconveyor\rollerconveyerv #
#                    1.0.0.2\EXP_IOT_CTRL_PROJECT_V1_1_T20220614\Project\EWAR #
#                    Mv5\STM3210C-EVAL\Obj\igmp.o                             #
#                    E:\rollerconveyor\rollerconveyerv1.0.0.2\EXP_IOT_CTRL_PR #
#                    OJECT_V1_1_T20220614\Project\EWARMv5\STM3210C-EVAL\Obj\i #
#                    net.o E:\rollerconveyor\rollerconveyerv1.0.0.2\EXP_IOT_C #
#                    TRL_PROJECT_V1_1_T20220614\Project\EWARMv5\STM3210C-EVAL #
#                    \Obj\inet_chksum.o E:\rollerconveyor\rollerconveyerv1.0. #
#                    0.2\EXP_IOT_CTRL_PROJECT_V1_1_T20220614\Project\EWARMv5\ #
#                    STM3210C-EVAL\Obj\init.o E:\rollerconveyor\rollerconveye #
#                    rv1.0.0.2\EXP_IOT_CTRL_PROJECT_V1_1_T20220614\Project\EW #
#                    ARMv5\STM3210C-EVAL\Obj\ip.o                             #
#                    E:\rollerconveyor\rollerconveyerv1.0.0.2\EXP_IOT_CTRL_PR #
#                    OJECT_V1_1_T20220614\Project\EWARMv5\STM3210C-EVAL\Obj\i #
#                    p_addr.o E:\rollerconveyor\rollerconveyerv1.0.0.2\EXP_IO #
#                    T_CTRL_PROJECT_V1_1_T20220614\Project\EWARMv5\STM3210C-E #
#                    VAL\Obj\ip_frag.o E:\rollerconveyor\rollerconveyerv1.0.0 #
#                    .2\EXP_IOT_CTRL_PROJECT_V1_1_T20220614\Project\EWARMv5\S #
#                    TM3210C-EVAL\Obj\list.o E:\rollerconveyor\rollerconveyer #
#                    v1.0.0.2\EXP_IOT_CTRL_PROJECT_V1_1_T20220614\Project\EWA #
#                    RMv5\STM3210C-EVAL\Obj\logic_ctrl.o                      #
#                    E:\rollerconveyor\rollerconveyerv1.0.0.2\EXP_IOT_CTRL_PR #
#                    OJECT_V1_1_T20220614\Project\EWARMv5\STM3210C-EVAL\Obj\m #
#                    ain.o E:\rollerconveyor\rollerconveyerv1.0.0.2\EXP_IOT_C #
#                    TRL_PROJECT_V1_1_T20220614\Project\EWARMv5\STM3210C-EVAL #
#                    \Obj\mem.o E:\rollerconveyor\rollerconveyerv1.0.0.2\EXP_ #
#                    IOT_CTRL_PROJECT_V1_1_T20220614\Project\EWARMv5\STM3210C #
#                    -EVAL\Obj\memp.o E:\rollerconveyor\rollerconveyerv1.0.0. #
#                    2\EXP_IOT_CTRL_PROJECT_V1_1_T20220614\Project\EWARMv5\ST #
#                    M3210C-EVAL\Obj\misc.o E:\rollerconveyor\rollerconveyerv #
#                    1.0.0.2\EXP_IOT_CTRL_PROJECT_V1_1_T20220614\Project\EWAR #
#                    Mv5\STM3210C-EVAL\Obj\netbuf.o                           #
#                    E:\rollerconveyor\rollerconveyerv1.0.0.2\EXP_IOT_CTRL_PR #
#                    OJECT_V1_1_T20220614\Project\EWARMv5\STM3210C-EVAL\Obj\n #
#                    etconf.o E:\rollerconveyor\rollerconveyerv1.0.0.2\EXP_IO #
#                    T_CTRL_PROJECT_V1_1_T20220614\Project\EWARMv5\STM3210C-E #
#                    VAL\Obj\netdb.o E:\rollerconveyor\rollerconveyerv1.0.0.2 #
#                    \EXP_IOT_CTRL_PROJECT_V1_1_T20220614\Project\EWARMv5\STM #
#                    3210C-EVAL\Obj\netif.o E:\rollerconveyor\rollerconveyerv #
#                    1.0.0.2\EXP_IOT_CTRL_PROJECT_V1_1_T20220614\Project\EWAR #
#                    Mv5\STM3210C-EVAL\Obj\netifapi.o                         #
#                    E:\rollerconveyor\rollerconveyerv1.0.0.2\EXP_IOT_CTRL_PR #
#                    OJECT_V1_1_T20220614\Project\EWARMv5\STM3210C-EVAL\Obj\p #
#                    buf.o E:\rollerconveyor\rollerconveyerv1.0.0.2\EXP_IOT_C #
#                    TRL_PROJECT_V1_1_T20220614\Project\EWARMv5\STM3210C-EVAL #
#                    \Obj\raw.o E:\rollerconveyor\rollerconveyerv1.0.0.2\EXP_ #
#                    IOT_CTRL_PROJECT_V1_1_T20220614\Project\EWARMv5\STM3210C #
#                    -EVAL\Obj\startup_stm32f10x_cl.o                         #
#                    E:\rollerconveyor\rollerconveyerv1.0.0.2\EXP_IOT_CTRL_PR #
#                    OJECT_V1_1_T20220614\Project\EWARMv5\STM3210C-EVAL\Obj\s #
#                    tats.o E:\rollerconveyor\rollerconveyerv1.0.0.2\EXP_IOT_ #
#                    CTRL_PROJECT_V1_1_T20220614\Project\EWARMv5\STM3210C-EVA #
#                    L\Obj\stm32_eth.o E:\rollerconveyor\rollerconveyerv1.0.0 #
#                    .2\EXP_IOT_CTRL_PROJECT_V1_1_T20220614\Project\EWARMv5\S #
#                    TM3210C-EVAL\Obj\stm32f107.o                             #
#                    E:\rollerconveyor\rollerconveyerv1.0.0.2\EXP_IOT_CTRL_PR #
#                    OJECT_V1_1_T20220614\Project\EWARMv5\STM3210C-EVAL\Obj\s #
#                    tm32f10x_adc.o E:\rollerconveyor\rollerconveyerv1.0.0.2\ #
#                    EXP_IOT_CTRL_PROJECT_V1_1_T20220614\Project\EWARMv5\STM3 #
#                    210C-EVAL\Obj\stm32f10x_bkp.o                            #
#                    E:\rollerconveyor\rollerconveyerv1.0.0.2\EXP_IOT_CTRL_PR #
#                    OJECT_V1_1_T20220614\Project\EWARMv5\STM3210C-EVAL\Obj\s #
#                    tm32f10x_can.o E:\rollerconveyor\rollerconveyerv1.0.0.2\ #
#                    EXP_IOT_CTRL_PROJECT_V1_1_T20220614\Project\EWARMv5\STM3 #
#                    210C-EVAL\Obj\stm32f10x_dma.o                            #
#                    E:\rollerconveyor\rollerconveyerv1.0.0.2\EXP_IOT_CTRL_PR #
#                    OJECT_V1_1_T20220614\Project\EWARMv5\STM3210C-EVAL\Obj\s #
#                    tm32f10x_exti.o E:\rollerconveyor\rollerconveyerv1.0.0.2 #
#                    \EXP_IOT_CTRL_PROJECT_V1_1_T20220614\Project\EWARMv5\STM #
#                    3210C-EVAL\Obj\stm32f10x_flash.o                         #
#                    E:\rollerconveyor\rollerconveyerv1.0.0.2\EXP_IOT_CTRL_PR #
#                    OJECT_V1_1_T20220614\Project\EWARMv5\STM3210C-EVAL\Obj\s #
#                    tm32f10x_gpio.o E:\rollerconveyor\rollerconveyerv1.0.0.2 #
#                    \EXP_IOT_CTRL_PROJECT_V1_1_T20220614\Project\EWARMv5\STM #
#                    3210C-EVAL\Obj\stm32f10x_i2c.o                           #
#                    E:\rollerconveyor\rollerconveyerv1.0.0.2\EXP_IOT_CTRL_PR #
#                    OJECT_V1_1_T20220614\Project\EWARMv5\STM3210C-EVAL\Obj\s #
#                    tm32f10x_it.o E:\rollerconveyor\rollerconveyerv1.0.0.2\E #
#                    XP_IOT_CTRL_PROJECT_V1_1_T20220614\Project\EWARMv5\STM32 #
#                    10C-EVAL\Obj\stm32f10x_pwr.o                             #
#                    E:\rollerconveyor\rollerconveyerv1.0.0.2\EXP_IOT_CTRL_PR #
#                    OJECT_V1_1_T20220614\Project\EWARMv5\STM3210C-EVAL\Obj\s #
#                    tm32f10x_rcc.o E:\rollerconveyor\rollerconveyerv1.0.0.2\ #
#                    EXP_IOT_CTRL_PROJECT_V1_1_T20220614\Project\EWARMv5\STM3 #
#                    210C-EVAL\Obj\stm32f10x_rtc.o                            #
#                    E:\rollerconveyor\rollerconveyerv1.0.0.2\EXP_IOT_CTRL_PR #
#                    OJECT_V1_1_T20220614\Project\EWARMv5\STM3210C-EVAL\Obj\s #
#                    tm32f10x_spi.o E:\rollerconveyor\rollerconveyerv1.0.0.2\ #
#                    EXP_IOT_CTRL_PROJECT_V1_1_T20220614\Project\EWARMv5\STM3 #
#                    210C-EVAL\Obj\stm32f10x_tim.o                            #
#                    E:\rollerconveyor\rollerconveyerv1.0.0.2\EXP_IOT_CTRL_PR #
#                    OJECT_V1_1_T20220614\Project\EWARMv5\STM3210C-EVAL\Obj\s #
#                    tm32f10x_usart.o E:\rollerconveyor\rollerconveyerv1.0.0. #
#                    2\EXP_IOT_CTRL_PROJECT_V1_1_T20220614\Project\EWARMv5\ST #
#                    M3210C-EVAL\Obj\sys.o E:\rollerconveyor\rollerconveyerv1 #
#                    .0.0.2\EXP_IOT_CTRL_PROJECT_V1_1_T20220614\Project\EWARM #
#                    v5\STM3210C-EVAL\Obj\system_stm32f10x.o                  #
#                    E:\rollerconveyor\rollerconveyerv1.0.0.2\EXP_IOT_CTRL_PR #
#                    OJECT_V1_1_T20220614\Project\EWARMv5\STM3210C-EVAL\Obj\t #
#                    cp.o E:\rollerconveyor\rollerconveyerv1.0.0.2\EXP_IOT_CT #
#                    RL_PROJECT_V1_1_T20220614\Project\EWARMv5\STM3210C-EVAL\ #
#                    Obj\tcp_in.o E:\rollerconveyor\rollerconveyerv1.0.0.2\EX #
#                    P_IOT_CTRL_PROJECT_V1_1_T20220614\Project\EWARMv5\STM321 #
#                    0C-EVAL\Obj\tcp_out.o E:\rollerconveyor\rollerconveyerv1 #
#                    .0.0.2\EXP_IOT_CTRL_PROJECT_V1_1_T20220614\Project\EWARM #
#                    v5\STM3210C-EVAL\Obj\tcpip.o                             #
#                    E:\rollerconveyor\rollerconveyerv1.0.0.2\EXP_IOT_CTRL_PR #
#                    OJECT_V1_1_T20220614\Project\EWARMv5\STM3210C-EVAL\Obj\u #
#                    dp.o E:\rollerconveyor\rollerconveyerv1.0.0.2\EXP_IOT_CT #
#                    RL_PROJECT_V1_1_T20220614\Project\EWARMv5\STM3210C-EVAL\ #
#                    Obj\udpclient.o -o E:\rollerconveyor\rollerconveyerv1.0. #
#                    0.2\EXP_IOT_CTRL_PROJECT_V1_1_T20220614\Project\EWARMv5\ #
#                    STM3210C-EVAL\Exe\STM3210C-EVAL.out --map                #
#                    E:\rollerconveyor\rollerconveyerv1.0.0.2\EXP_IOT_CTRL_PR #
#                    OJECT_V1_1_T20220614\Project\EWARMv5\STM3210C-EVAL\List\ #
#                    STM3210C-EVAL.map --config E:\rollerconveyor\rollerconve #
#                    yerv1.0.0.2\EXP_IOT_CTRL_PROJECT_V1_1_T20220614\Project\ #
#                    EWARMv5\STM32F10x_FLASH.icf --semihosting --entry        #
#                    __iar_program_start                                      #
#                                                                             #
#                                                                             #
###############################################################################

*******************************************************************************
*** RUNTIME MODEL ATTRIBUTES
***

CppFlavor       = *
__SystemLibrary = DLib


*******************************************************************************
*** PLACEMENT SUMMARY
***

"A1":  place at 0x08000000 { ro section .intvec };
"P1":  place in [from 0x08008000 to 0x0803ffff] { ro };
"P2":  place in [from 0x20000000 to 0x2000ffff] { rw, block CSTACK, block HEAP };

  Section            Kind        Address    Size  Object
  -------            ----        -------    ----  ------
"A1":                                      0x150
  .intvec            ro code  0x08000000   0x150  startup_stm32f10x_cl.o [1]
                            - 0x08000150   0x150

"P1":                                     0x9348
  .text              ro code  0x08008000  0x135c  tcp_in.o [1]
  .text              ro code  0x0800935c    0x36  inet.o [1]
  .text              ro code  0x08009392   0x576  pbuf.o [1]
  .text              ro code  0x08009908    0x54  ip_addr.o [1]
  .text              ro code  0x0800995c   0x83c  tcp.o [1]
  .text              ro code  0x0800a198    0xe4  memp.o [1]
  .text              ro code  0x0800a27c   0xa46  tcp_out.o [1]
  .text              ro code  0x0800acc2    0x2e  copy_init3.o [4]
  .text              ro code  0x0800acf0   0x364  mem.o [1]
  .text              ro code  0x0800b054     0xe  tcp_out.o [1]
  .text              ro code  0x0800b062    0x14  udp.o [1]
  .text              ro code  0x0800b076    0x22  zero_init3.o [4]
  .text              ro code  0x0800b098   0x368  ip.o [1]
  .text              ro code  0x0800b400    0x70  ABImemcpy.o [4]
  .text              ro code  0x0800b470    0x66  ABImemset.o [4]
  .text              ro code  0x0800b4d8   0x140  netif.o [1]
  .text              ro code  0x0800b618   0x5d8  ip_frag.o [1]
  .text              ro code  0x0800bbf0    0x88  raw.o [1]
  .text              ro code  0x0800bc78   0x3ec  udp.o [1]
  .text              ro code  0x0800c064   0x1f8  icmp.o [1]
  .text              ro code  0x0800c25c   0xa1c  etharp.o [1]
  .text              ro code  0x0800cc78    0xac  inet_chksum.o [1]
  .text              ro code  0x0800cd24   0x9d4  fun.o [1]
  .text              ro code  0x0800d6f8   0x58c  can_bus.o [1]
  .text              ro code  0x0800dc84   0x428  data.o [1]
  .text              ro code  0x0800e0ac   0x174  stm32f10x_flash.o [1]
  .text              ro code  0x0800e220   0x526  stm32f10x_can.o [1]
  .text              ro code  0x0800e748     0x6  ABImemclr4.o [4]
  .text              ro code  0x0800e74e    0x82  list.o [1]
  .text              ro code  0x0800e7d0   0x1e8  stm32f10x_rcc.o [1]
  .text              ro code  0x0800e9b8    0x38  ABImemset48.o [4]
  .text              ro code  0x0800e9f0   0x8fc  logic_ctrl.o [1]
  .text              ro code  0x0800f2ec   0x716  stm32_eth.o [1]
  .text              ro code  0x0800fa04   0x648  stm32f107.o [1]
  .text              ro code  0x0801004c   0x106  stm32f10x_usart.o [1]
  .text              ro code  0x08010154   0x184  stm32f10x_gpio.o [1]
  .text              ro code  0x080102d8   0x26e  stm32f10x_tim.o [1]
  .text              ro code  0x08010548   0x198  system_stm32f10x.o [1]
  .text              ro code  0x080106e0     0xc  stm32f10x_pwr.o [1]
  .text              ro code  0x080106ec    0x98  misc.o [1]
  .text              ro code  0x08010784   0x39c  udpclient.o [1]
  .text              ro code  0x08010b20   0x2d0  ethernetif.o [1]
  .text              ro code  0x08010df0   0x238  main.o [1]
  .text              ro code  0x08011028    0xe4  netconf.o [1]
  .text              ro code  0x0801110c    0x68  stm32f10x_it.o [1]
  .text              ro code  0x08011174    0x2c  data_init3.o [4]
  .iar.init_table    const    0x080111a0    0x24  - Linker created -
  .text              ro code  0x080111c4    0x16  cmain.o [4]
  .text              ro code  0x080111da     0x4  low_level_init.o [3]
  .text              ro code  0x080111de     0x8  exit.o [3]
  .text              ro code  0x080111e8     0xa  cexit.o [4]
  .text              ro code  0x080111f4    0x14  exit.o [5]
  .text              ro code  0x08011208     0xc  cstartup_M.o [4]
  .text              ro code  0x08011214     0x4  startup_stm32f10x_cl.o [1]
  .text              ro code  0x08011218     0x4  startup_stm32f10x_cl.o [1]
  .text              ro code  0x0801121c     0x4  startup_stm32f10x_cl.o [1]
  .text              ro code  0x08011220     0x4  startup_stm32f10x_cl.o [1]
  .text              ro code  0x08011224     0x4  startup_stm32f10x_cl.o [1]
  .text              ro code  0x08011228     0x4  startup_stm32f10x_cl.o [1]
  .text              ro code  0x0801122c     0x4  startup_stm32f10x_cl.o [1]
  .text              ro code  0x08011230     0x4  startup_stm32f10x_cl.o [1]
  .text              ro code  0x08011234     0x4  startup_stm32f10x_cl.o [1]
  .text              ro code  0x08011238     0x4  startup_stm32f10x_cl.o [1]
  .text              ro code  0x0801123c     0x4  startup_stm32f10x_cl.o [1]
  .text              ro code  0x08011240     0x4  startup_stm32f10x_cl.o [1]
  .text              ro code  0x08011244     0x4  startup_stm32f10x_cl.o [1]
  .text              ro code  0x08011248     0x4  startup_stm32f10x_cl.o [1]
  .text              ro code  0x0801124c     0x4  startup_stm32f10x_cl.o [1]
  .text              ro code  0x08011250     0x4  startup_stm32f10x_cl.o [1]
  .text              ro code  0x08011254     0x4  startup_stm32f10x_cl.o [1]
  .text              ro code  0x08011258     0x4  startup_stm32f10x_cl.o [1]
  .text              ro code  0x0801125c     0x4  startup_stm32f10x_cl.o [1]
  .text              ro code  0x08011260     0x4  startup_stm32f10x_cl.o [1]
  .text              ro code  0x08011264     0x4  startup_stm32f10x_cl.o [1]
  .text              ro code  0x08011268     0x4  startup_stm32f10x_cl.o [1]
  .text              ro code  0x0801126c     0x4  startup_stm32f10x_cl.o [1]
  .text              ro code  0x08011270     0x4  startup_stm32f10x_cl.o [1]
  .text              ro code  0x08011274     0x4  startup_stm32f10x_cl.o [1]
  .text              ro code  0x08011278     0x4  startup_stm32f10x_cl.o [1]
  .text              ro code  0x0801127c     0x4  startup_stm32f10x_cl.o [1]
  .text              ro code  0x08011280     0x4  startup_stm32f10x_cl.o [1]
  .text              ro code  0x08011284     0x4  startup_stm32f10x_cl.o [1]
  .text              ro code  0x08011288     0x4  startup_stm32f10x_cl.o [1]
  .text              ro code  0x0801128c     0x4  startup_stm32f10x_cl.o [1]
  .text              ro code  0x08011290     0x4  startup_stm32f10x_cl.o [1]
  .text              ro code  0x08011294     0x4  startup_stm32f10x_cl.o [1]
  .text              ro code  0x08011298     0x4  startup_stm32f10x_cl.o [1]
  .text              ro code  0x0801129c     0x4  startup_stm32f10x_cl.o [1]
  .text              ro code  0x080112a0     0x4  startup_stm32f10x_cl.o [1]
  .text              ro code  0x080112a4     0x4  startup_stm32f10x_cl.o [1]
  .text              ro code  0x080112a8     0x4  startup_stm32f10x_cl.o [1]
  .text              ro code  0x080112ac     0x4  startup_stm32f10x_cl.o [1]
  .text              ro code  0x080112b0     0x4  startup_stm32f10x_cl.o [1]
  .text              ro code  0x080112b4     0x4  startup_stm32f10x_cl.o [1]
  .text              ro code  0x080112b8     0x4  startup_stm32f10x_cl.o [1]
  .text              ro code  0x080112bc     0x4  startup_stm32f10x_cl.o [1]
  .text              ro code  0x080112c0     0x4  startup_stm32f10x_cl.o [1]
  .text              ro code  0x080112c4     0x4  startup_stm32f10x_cl.o [1]
  .text              ro code  0x080112c8     0x4  startup_stm32f10x_cl.o [1]
  .text              ro code  0x080112cc     0x4  startup_stm32f10x_cl.o [1]
  .text              ro code  0x080112d0     0x4  startup_stm32f10x_cl.o [1]
  .text              ro code  0x080112d4     0x4  startup_stm32f10x_cl.o [1]
  .text              ro code  0x080112d8     0x4  startup_stm32f10x_cl.o [1]
  .text              ro code  0x080112dc     0x4  startup_stm32f10x_cl.o [1]
  .text              ro code  0x080112e0     0x4  startup_stm32f10x_cl.o [1]
  .text              ro code  0x080112e4     0x4  startup_stm32f10x_cl.o [1]
  .text              ro code  0x080112e8     0x4  startup_stm32f10x_cl.o [1]
  .text              ro code  0x080112ec     0x4  startup_stm32f10x_cl.o [1]
  .text              ro code  0x080112f0     0x4  startup_stm32f10x_cl.o [1]
  .text              ro code  0x080112f4     0x4  startup_stm32f10x_cl.o [1]
  .text              ro code  0x080112f8     0x4  startup_stm32f10x_cl.o [1]
  .text              ro code  0x080112fc     0x4  startup_stm32f10x_cl.o [1]
  .text              ro code  0x08011300     0x4  startup_stm32f10x_cl.o [1]
  .text              ro code  0x08011304     0x4  startup_stm32f10x_cl.o [1]
  .text              ro code  0x08011308     0x4  startup_stm32f10x_cl.o [1]
  .text              ro code  0x0801130c     0x4  startup_stm32f10x_cl.o [1]
  .text              ro code  0x08011310     0x4  startup_stm32f10x_cl.o [1]
  .text              ro code  0x08011314     0x4  startup_stm32f10x_cl.o [1]
  .text              ro code  0x08011318     0x4  startup_stm32f10x_cl.o [1]
  .text              ro code  0x0801131c     0x4  startup_stm32f10x_cl.o [1]
  .text              ro code  0x08011320     0x4  startup_stm32f10x_cl.o [1]
  .text              ro code  0x08011324     0x4  startup_stm32f10x_cl.o [1]
  .text              ro code  0x08011328     0x4  startup_stm32f10x_cl.o [1]
  Initializer bytes  ro data  0x0801132c    0x1c  <for P2 s0>
                            - 0x08011348  0x9348

"P2", part 1 of 3:                          0x1c
  P2 s0                       0x20000000    0x1c  <Init block>
    .data            inited   0x20000000    0x10  stm32f10x_rcc.o [1]
    .data            inited   0x20000010     0x4  stm32f10x_rcc.o [1]
    .data            inited   0x20000014     0x4  tcp.o [1]
    .data            inited   0x20000018     0x2  main.o [1]
                            - 0x2000001c    0x1c

"P2", part 2 of 3:                        0xee3c
  .bss               zero     0x2000001c  0x2ad0  data.o [1]
  .bss               zero     0x20002aec  0x28c0  memp.o [1]
  .bss               zero     0x200053ac  0x27b0  data.o [1]
  .bss               zero     0x20007b5c  0x2014  mem.o [1]
  .bss               zero     0x20009b70  0x17c0  ethernetif.o [1]
  .bss               zero     0x2000b330   0xde4  data.o [1]
  .bss               zero     0x2000c114   0xbe0  ethernetif.o [1]
  .bss               zero     0x2000ccf4   0x7e8  udpclient.o [1]
  .bss               zero     0x2000d4dc   0x5e0  ip_frag.o [1]
  .bss               zero     0x2000dabc   0x3e8  fun.o [1]
  .bss               zero     0x2000dea4   0x2bc  can_bus.o [1]
  .bss               zero     0x2000e160   0x1fc  logic_ctrl.o [1]
  .bss               zero     0x2000e35c   0x1fc  logic_ctrl.o [1]
  .bss               zero     0x2000e558   0x1fc  logic_ctrl.o [1]
  .bss               zero     0x2000e754   0x1e0  data.o [1]
  .bss               zero     0x2000e934   0x12c  can_bus.o [1]
  .bss               zero     0x2000ea60    0xc8  can_bus.o [1]
  .bss               zero     0x2000eb28    0xc8  etharp.o [1]
  .bss               zero     0x2000ebf0    0xc8  fun.o [1]
  .bss               zero     0x2000ecb8    0x40  ethernetif.o [1]
  .bss               zero     0x2000ecf8    0x30  netconf.o [1]
  .bss               zero     0x2000ed28    0x24  memp.o [1]
  .bss               zero     0x2000ed4c    0x20  ethernetif.o [1]
  .bss               zero     0x2000ed6c    0x18  list.o [1]
  .bss               zero     0x2000ed84    0x14  tcp_in.o [1]
  .bss               zero     0x2000ed98     0xc  can_bus.o [1]
  .bss               zero     0x2000eda4     0xc  fun.o [1]
  .bss               zero     0x2000edb0     0x8  ethernetif.o [1]
  .bss               zero     0x2000edb8     0x8  fun.o [1]
  .bss               zero     0x2000edc0     0x8  main.o [1]
  .bss               zero     0x2000edc8     0x4  ip.o [1]
  .bss               zero     0x2000edcc     0x4  ip.o [1]
  .bss               zero     0x2000edd0     0x4  ip_frag.o [1]
  .bss               zero     0x2000edd4     0x4  main.o [1]
  .bss               zero     0x2000edd8     0x4  mem.o [1]
  .bss               zero     0x2000eddc     0x4  mem.o [1]
  .bss               zero     0x2000ede0     0x4  mem.o [1]
  .bss               zero     0x2000ede4     0x4  netconf.o [1]
  .bss               zero     0x2000ede8     0x4  netconf.o [1]
  .bss               zero     0x2000edec     0x4  netif.o [1]
  .bss               zero     0x2000edf0     0x4  netif.o [1]
  .bss               zero     0x2000edf4     0x4  raw.o [1]
  .bss               zero     0x2000edf8     0x4  stm32_eth.o [1]
  .bss               zero     0x2000edfc     0x4  stm32_eth.o [1]
  .bss               zero     0x2000ee00     0x4  stm32f107.o [1]
  .bss               zero     0x2000ee04     0x4  tcp.o [1]
  .bss               zero     0x2000ee08     0x4  tcp.o [1]
  .bss               zero     0x2000ee0c     0x4  tcp.o [1]
  .bss               zero     0x2000ee10     0x4  tcp.o [1]
  .bss               zero     0x2000ee14     0x4  tcp.o [1]
  .bss               zero     0x2000ee18     0x4  tcp.o [1]
  .bss               zero     0x2000ee1c     0x4  tcp_in.o [1]
  .bss               zero     0x2000ee20     0x4  tcp_in.o [1]
  .bss               zero     0x2000ee24     0x4  tcp_in.o [1]
  .bss               zero     0x2000ee28     0x4  tcp_in.o [1]
  .bss               zero     0x2000ee2c     0x4  tcp_in.o [1]
  .bss               zero     0x2000ee30     0x4  tcp_in.o [1]
  .bss               zero     0x2000ee34     0x4  udp.o [1]
  .bss               zero     0x2000ee38     0x2  can_bus.o [1]
  .bss               zero     0x2000ee3a     0x2  can_bus.o [1]
  .bss               zero     0x2000ee3c     0x2  can_bus.o [1]
  .bss               zero     0x2000ee3e     0x2  fun.o [1]
  .bss               zero     0x2000ee40     0x2  fun.o [1]
  .bss               zero     0x2000ee42     0x2  fun.o [1]
  .bss               zero     0x2000ee44     0x2  fun.o [1]
  .bss               zero     0x2000ee46     0x2  ip.o [1]
  .bss               zero     0x2000ee48     0x2  ip_frag.o [1]
  .bss               zero     0x2000ee4a     0x2  main.o [1]
  .bss               zero     0x2000ee4c     0x2  tcp_in.o [1]
  .bss               zero     0x2000ee4e     0x1  can_bus.o [1]
  .bss               zero     0x2000ee4f     0x1  can_bus.o [1]
  .bss               zero     0x2000ee50     0x1  etharp.o [1]
  .bss               zero     0x2000ee51     0x1  main.o [1]
  .bss               zero     0x2000ee52     0x1  main.o [1]
  .bss               zero     0x2000ee53     0x1  mem.o [1]
  .bss               zero     0x2000ee54     0x1  netif.o [1]
  .bss               zero     0x2000ee55     0x1  tcp.o [1]
  .bss               zero     0x2000ee56     0x1  tcp_in.o [1]
  .bss               zero     0x2000ee57     0x1  tcp_in.o [1]
                            - 0x2000ee58  0xee3c

"P2", part 3 of 3:                        0x1000
  CSTACK                      0x2000ee58  0x1000  <Block>
    CSTACK           uninit   0x2000ee58  0x1000  <Block tail>
                            - 0x2000fe58  0x1000


*******************************************************************************
*** INIT TABLE
***

          Address     Size
          -------     ----
Zero (__iar_zero_init3)
    1 destination range, total size 0xee3c:
          0x2000001c  0xee3c

Copy (__iar_copy_init3)
    1 source range, total size 0x1c (107% of destination):
          0x0801132c    0x1c
    1 destination range, total size 0x1a:
          0x20000000    0x1a


*******************************************************************************
*** MODULE SUMMARY
***

    Module                  ro code  ro data  rw data
    ------                  -------  -------  -------
E:\rollerconveyor\rollerconveyerv1.0.0.2\EXP_IOT_CTRL_PROJECT_V1_1_T20220614\Project\EWARMv5\STM3210C-EVAL\Obj: [1]
    can_bus.o                 1 420             1 220
    data.o                    1 064            25 156
    etharp.o                  2 588               201
    ethernetif.o                720             9 224
    fun.o                     2 516             1 228
    icmp.o                      504
    inet.o                       54
    inet_chksum.o               172
    ip.o                        872                10
    ip_addr.o                    84
    ip_frag.o                 1 496             1 510
    list.o                      130                24
    logic_ctrl.o              2 300             1 524
    main.o                      568        2       18
    mem.o                       868             8 225
    memp.o                      228            10 468
    misc.o                      152
    netconf.o                   228                56
    netif.o                     320                 9
    pbuf.o                    1 398
    raw.o                       136                 4
    startup_stm32f10x_cl.o      616
    stm32_eth.o               1 814                 8
    stm32f107.o               1 608                 4
    stm32f10x_can.o           1 318
    stm32f10x_flash.o           372
    stm32f10x_gpio.o            388
    stm32f10x_it.o              104
    stm32f10x_pwr.o              12
    stm32f10x_rcc.o             488       20       20
    stm32f10x_tim.o             622
    stm32f10x_usart.o           262
    system_stm32f10x.o          408
    tcp.o                     2 108        4       29
    tcp_in.o                  4 956                48
    tcp_out.o                 2 644
    udp.o                     1 024                 4
    udpclient.o                 924             2 024
    -------------------------------------------------
    Total:                   37 486       26   61 014

command line: [2]
    -------------------------------------------------
    Total:

dl7M_tlf.a: [3]
    exit.o                        8
    low_level_init.o              4
    -------------------------------------------------
    Total:                       12

rt7M_tl.a: [4]
    ABImemclr4.o                  6
    ABImemcpy.o                 112
    ABImemset.o                 102
    ABImemset48.o                56
    cexit.o                      10
    cmain.o                      22
    copy_init3.o                 46
    cstartup_M.o                 12
    data_init3.o                 44
    zero_init3.o                 34
    -------------------------------------------------
    Total:                      444

shb_l.a: [5]
    exit.o                       20
    -------------------------------------------------
    Total:                       20

    Gaps                         14                 2
    Linker created                        38    4 096
-----------------------------------------------------
    Grand Total:             37 976       64   65 112


*******************************************************************************
*** ENTRY LIST
***

Entry                      Address    Size  Type      Object
-----                      -------    ----  ----      ------
?main                   0x080111c5          Code  Gb  cmain.o [4]
ADC1_2_IRQHandler       0x08011281          Code  Wk  startup_stm32f10x_cl.o [1]
ADCPrescTable           0x20000010     0x4  Data  Lc  stm32f10x_rcc.o [1]
APBAHBPrescTable        0x20000000    0x10  Data  Lc  stm32f10x_rcc.o [1]
ARPTimer                0x2000ede8     0x4  Data  Gb  netconf.o [1]
AddCanSendData2Queue    0x0800d713    0x3e  Code  Gb  can_bus.o [1]
AddSendMsgToQueue       0x0800cde9    0x10  Code  Gb  fun.o [1]
BusFault_Handler        0x08011113     0x2  Code  Gb  stm32f10x_it.o [1]
CAN1_RX0_IRQHandler     0x08011145    0x2c  Code  Gb  stm32f10x_it.o [1]
CAN1_RX1_IRQHandler     0x0801128d          Code  Wk  startup_stm32f10x_cl.o [1]
CAN1_SCE_IRQHandler     0x08011291          Code  Wk  startup_stm32f10x_cl.o [1]
CAN1_TX_IRQHandler      0x08011285          Code  Wk  startup_stm32f10x_cl.o [1]
CAN2_RX0_IRQHandler     0x0801131d          Code  Wk  startup_stm32f10x_cl.o [1]
CAN2_RX1_IRQHandler     0x08011321          Code  Wk  startup_stm32f10x_cl.o [1]
CAN2_SCE_IRQHandler     0x08011325          Code  Wk  startup_stm32f10x_cl.o [1]
CAN2_TX_IRQHandler      0x08011319          Code  Wk  startup_stm32f10x_cl.o [1]
CAN_ClearITPendingBit   0x0800e6b1    0x96  Code  Gb  stm32f10x_can.o [1]
CAN_Configuration       0x0800faaf    0xaa  Code  Gb  stm32f107.o [1]
CAN_DeInit              0x0800e221    0x34  Code  Gb  stm32f10x_can.o [1]
CAN_FIFORelease         0x0800e5c7    0x12  Code  Gb  stm32f10x_can.o [1]
CAN_FilterInit          0x0800e365    0xe2  Code  Gb  stm32f10x_can.o [1]
CAN_ITConfig            0x0800e491    0x18  Code  Gb  stm32f10x_can.o [1]
CAN_Init                0x0800e255   0x110  Code  Gb  stm32f10x_can.o [1]
CAN_Receive             0x0800e5d9    0xd8  Code  Gb  stm32f10x_can.o [1]
CAN_StructInit          0x0800e447    0x2e  Code  Gb  stm32f10x_can.o [1]
CAN_Transmit            0x0800e4a9   0x11e  Code  Gb  stm32f10x_can.o [1]
CSTACK$$Base            0x2000ee58           --   Gb  - Linker created -
CSTACK$$Limit           0x2000fe58           --   Gb  - Linker created -
DMA1_Channel1_IRQHandler
                        0x08011265          Code  Wk  startup_stm32f10x_cl.o [1]
DMA1_Channel2_IRQHandler
                        0x08011269          Code  Wk  startup_stm32f10x_cl.o [1]
DMA1_Channel3_IRQHandler
                        0x0801126d          Code  Wk  startup_stm32f10x_cl.o [1]
DMA1_Channel4_IRQHandler
                        0x08011271          Code  Wk  startup_stm32f10x_cl.o [1]
DMA1_Channel5_IRQHandler
                        0x08011275          Code  Wk  startup_stm32f10x_cl.o [1]
DMA1_Channel6_IRQHandler
                        0x08011279          Code  Wk  startup_stm32f10x_cl.o [1]
DMA1_Channel7_IRQHandler
                        0x0801127d          Code  Wk  startup_stm32f10x_cl.o [1]
DMA2_Channel1_IRQHandler
                        0x080112fd          Code  Wk  startup_stm32f10x_cl.o [1]
DMA2_Channel2_IRQHandler
                        0x08011301          Code  Wk  startup_stm32f10x_cl.o [1]
DMA2_Channel3_IRQHandler
                        0x08011305          Code  Wk  startup_stm32f10x_cl.o [1]
DMA2_Channel4_IRQHandler
                        0x08011309          Code  Wk  startup_stm32f10x_cl.o [1]
DMA2_Channel5_IRQHandler
                        0x0801130d          Code  Wk  startup_stm32f10x_cl.o [1]
DMARxDescToGet          0x2000edfc     0x4  Data  Gb  stm32_eth.o [1]
DMARxDscrTab            0x2000ecb8    0x40  Data  Gb  ethernetif.o [1]
DMATxDescToSet          0x2000edf8     0x4  Data  Gb  stm32_eth.o [1]
DMATxDscrTab            0x2000ed4c    0x20  Data  Gb  ethernetif.o [1]
DebugMon_Handler        0x08011119     0x2  Code  Gb  stm32f10x_it.o [1]
ETH_DMAClearITPendingBit
                        0x0800f8ef     0x8  Code  Gb  stm32_eth.o [1]
ETH_DMAITConfig         0x0800f949    0x28  Code  Gb  stm32_eth.o [1]
ETH_DMAReceptionCmd     0x0800f927    0x22  Code  Gb  stm32_eth.o [1]
ETH_DMARxDescChainInit  0x0800f859    0x4c  Code  Gb  stm32_eth.o [1]
ETH_DMARxDescReceiveITConfig
                        0x0800f8ad    0x1a  Code  Gb  stm32_eth.o [1]
ETH_DMATransmissionCmd  0x0800f905    0x22  Code  Gb  stm32_eth.o [1]
ETH_DMATxDescChainInit  0x0800f80b    0x46  Code  Gb  stm32_eth.o [1]
ETH_DMATxDescChecksumInsertionConfig
                        0x0800f851     0x8  Code  Gb  stm32_eth.o [1]
ETH_DeInit              0x0800f2ed    0x18  Code  Gb  stm32_eth.o [1]
ETH_Delay               0x0800f9e5    0x1e  Code  Lc  stm32_eth.o [1]
ETH_FlushTransmitFIFO   0x0800f8f7     0xe  Code  Gb  stm32_eth.o [1]
ETH_GetCurrentTxBuffer  0x08010db7     0x8  Code  Gb  ethernetif.o [1]
ETH_GetDMARxDescFrameLength
                        0x0800f8a5     0x8  Code  Gb  stm32_eth.o [1]
ETH_GetRxPktSize        0x0800f691    0x26  Code  Gb  stm32_eth.o [1]
ETH_GetSoftwareResetStatus
                        0x0800f8d9    0x16  Code  Gb  stm32_eth.o [1]
ETH_IRQHandler          0x08011125    0x20  Code  Gb  stm32f10x_it.o [1]
ETH_Init                0x0800f305   0x282  Code  Gb  stm32_eth.o [1]
ETH_MACAddressConfig    0x0800f7e1    0x2a  Code  Gb  stm32_eth.o [1]
ETH_MACReceptionCmd     0x0800f7b7    0x2a  Code  Gb  stm32_eth.o [1]
ETH_MACTransmissionCmd  0x0800f78d    0x2a  Code  Gb  stm32_eth.o [1]
ETH_ReadPHYRegister     0x0800f6b7    0x6a  Code  Gb  stm32_eth.o [1]
ETH_RxPkt_ChainMode     0x08010cd3    0x88  Code  Gb  ethernetif.o [1]
ETH_SoftwareReset       0x0800f8c7    0x12  Code  Gb  stm32_eth.o [1]
ETH_Start               0x0800f671    0x20  Code  Gb  stm32_eth.o [1]
ETH_StructInit          0x0800f587    0xea  Code  Gb  stm32_eth.o [1]
ETH_TxPkt_ChainMode     0x08010d5b    0x5c  Code  Gb  ethernetif.o [1]
ETH_WKUP_IRQHandler     0x08011315          Code  Wk  startup_stm32f10x_cl.o [1]
ETH_WritePHYRegister    0x0800f721    0x6c  Code  Gb  stm32_eth.o [1]
EXTI0_IRQHandler        0x08011251          Code  Wk  startup_stm32f10x_cl.o [1]
EXTI15_10_IRQHandler    0x080112d9          Code  Wk  startup_stm32f10x_cl.o [1]
EXTI1_IRQHandler        0x08011255          Code  Wk  startup_stm32f10x_cl.o [1]
EXTI2_IRQHandler        0x08011259          Code  Wk  startup_stm32f10x_cl.o [1]
EXTI3_IRQHandler        0x0801125d          Code  Wk  startup_stm32f10x_cl.o [1]
EXTI4_IRQHandler        0x08011261          Code  Wk  startup_stm32f10x_cl.o [1]
EXTI9_5_IRQHandler      0x08011295          Code  Wk  startup_stm32f10x_cl.o [1]
Encoder_Init            0x0800fb59    0x96  Code  Gb  stm32f107.o [1]
EthInitStatus           0x2000ee00     0x4  Data  Gb  stm32f107.o [1]
Ethernet_Configuration  0x0800fc51    0x9e  Code  Gb  stm32f107.o [1]
FLASH_ClearFlag         0x0800e187     0x8  Code  Gb  stm32f10x_flash.o [1]
FLASH_ErasePage         0x0800e0d5    0x64  Code  Gb  stm32f10x_flash.o [1]
FLASH_GetStatus         0x0800e18f    0x2c  Code  Gb  stm32f10x_flash.o [1]
FLASH_IRQHandler        0x08011249          Code  Wk  startup_stm32f10x_cl.o [1]
FLASH_Lock              0x0800e0c3    0x12  Code  Gb  stm32f10x_flash.o [1]
FLASH_ProgramHalfWord   0x0800e139    0x4e  Code  Gb  stm32f10x_flash.o [1]
FLASH_Unlock            0x0800e0ad    0x16  Code  Gb  stm32f10x_flash.o [1]
FLASH_WaitForLastOperation
                        0x0800e1d5    0x30  Code  Gb  stm32f10x_flash.o [1]
GPIO_Configuration      0x0800fcef   0x2a6  Code  Gb  stm32f107.o [1]
GPIO_ETH_MediaInterfaceConfig
                        0x080102c9     0x6  Code  Gb  stm32f10x_gpio.o [1]
GPIO_Init               0x08010155    0xcc  Code  Gb  stm32f10x_gpio.o [1]
GPIO_PinRemapConfig     0x08010259    0x70  Code  Gb  stm32f10x_gpio.o [1]
GPIO_ReadInputDataBit   0x08010221    0x16  Code  Gb  stm32f10x_gpio.o [1]
GPIO_ReadOutputDataBit  0x08010237    0x16  Code  Gb  stm32f10x_gpio.o [1]
GPIO_ResetBits          0x08010253     0x6  Code  Gb  stm32f10x_gpio.o [1]
GPIO_SetBits            0x0801024d     0x6  Code  Gb  stm32f10x_gpio.o [1]
GetSendMsgFromQueue     0x0800cdf9     0xc  Code  Gb  fun.o [1]
HardFault_Handler       0x0801110f     0x2  Code  Gb  stm32f10x_it.o [1]
I2C1_ER_IRQHandler      0x080112b9          Code  Wk  startup_stm32f10x_cl.o [1]
I2C1_EV_IRQHandler      0x080112b5          Code  Wk  startup_stm32f10x_cl.o [1]
I2C2_ER_IRQHandler      0x080112c1          Code  Wk  startup_stm32f10x_cl.o [1]
I2C2_EV_IRQHandler      0x080112bd          Code  Wk  startup_stm32f10x_cl.o [1]
InitCanSendQueue        0x0800d6f9    0x1a  Code  Gb  can_bus.o [1]
InitSendMsgQueue        0x0800cddb     0xe  Code  Gb  fun.o [1]
LocalTime               0x2000edd4     0x4  Data  Gb  main.o [1]
LwIP_Init               0x08011029    0x84  Code  Gb  netconf.o [1]
LwIP_Periodic_Handle    0x080110b7    0x34  Code  Gb  netconf.o [1]
LwIP_Pkt_Handle         0x080110ad     0xa  Code  Gb  netconf.o [1]
MACaddr                 0x2000edb0     0x8  Data  Gb  ethernetif.o [1]
MemManage_Handler       0x08011111     0x2  Code  Gb  stm32f10x_it.o [1]
NMI_Handler             0x0801110d     0x2  Code  Gb  stm32f10x_it.o [1]
NVIC_Configuration      0x0800ffdd    0x70  Code  Gb  stm32f107.o [1]
NVIC_Init               0x080106f7    0x66  Code  Gb  misc.o [1]
NVIC_PriorityGroupConfig
                        0x080106ed     0xa  Code  Gb  misc.o [1]
NVIC_SetPriority        0x0800fa05    0x26  Code  Lc  stm32f107.o [1]
NVIC_SetVectorTable     0x0801075d     0xc  Code  Gb  misc.o [1]
NVIC_SystemReset        0x0800cd25    0x1c  Code  Lc  fun.o [1]
OTG_FS_IRQHandler       0x08011329          Code  Wk  startup_stm32f10x_cl.o [1]
OTG_FS_WKUP_IRQHandler  0x080112e1          Code  Wk  startup_stm32f10x_cl.o [1]
PVD_IRQHandler          0x0801123d          Code  Wk  startup_stm32f10x_cl.o [1]
PWR_BackupAccessCmd     0x080106e1     0x8  Code  Gb  stm32f10x_pwr.o [1]
PendSV_Handler          0x0801111b     0x2  Code  Gb  stm32f10x_it.o [1]
RCC_AHBPeriphClockCmd   0x0800e8dd    0x20  Code  Gb  stm32f10x_rcc.o [1]
RCC_AHBPeriphResetCmd   0x0800e93d    0x20  Code  Gb  stm32f10x_rcc.o [1]
RCC_APB1PeriphClockCmd  0x0800e91d    0x20  Code  Gb  stm32f10x_rcc.o [1]
RCC_APB1PeriphResetCmd  0x0800e95d    0x20  Code  Gb  stm32f10x_rcc.o [1]
RCC_APB2PeriphClockCmd  0x0800e8fd    0x20  Code  Gb  stm32f10x_rcc.o [1]
RCC_GetClocksFreq       0x0800e7d1   0x10c  Code  Gb  stm32f10x_rcc.o [1]
RCC_IRQHandler          0x0801124d          Code  Wk  startup_stm32f10x_cl.o [1]
RCC_MCOConfig           0x0800e97d     0x6  Code  Gb  stm32f10x_rcc.o [1]
RTCAlarm_IRQHandler     0x080112dd          Code  Wk  startup_stm32f10x_cl.o [1]
RTC_IRQHandler          0x08011245          Code  Wk  startup_stm32f10x_cl.o [1]
Region$$Table$$Base     0x080111a0           --   Gb  - Linker created -
Region$$Table$$Limit    0x080111c4           --   Gb  - Linker created -
Rx_Buff                 0x20009b70  0x17c0  Data  Gb  ethernetif.o [1]
SPI1_IRQHandler         0x080112c5          Code  Wk  startup_stm32f10x_cl.o [1]
SPI2_IRQHandler         0x080112c9          Code  Wk  startup_stm32f10x_cl.o [1]
SPI3_IRQHandler         0x080112e9          Code  Wk  startup_stm32f10x_cl.o [1]
SVC_Handler             0x08011117     0x2  Code  Gb  stm32f10x_it.o [1]
SetSysClock             0x080105a7     0x8  Code  Lc  system_stm32f10x.o [1]
SetSysClockTo72         0x080105af   0x10e  Code  Lc  system_stm32f10x.o [1]
Set_MAC_Address         0x08010b21    0x30  Code  Gb  ethernetif.o [1]
SysTick_Config          0x0800fa2b    0x36  Code  Lc  stm32f107.o [1]
SysTick_Handler         0x0801111d     0x8  Code  Gb  stm32f10x_it.o [1]
SystemInit              0x08010549    0x5e  Code  Gb  system_stm32f10x.o [1]
System_Setup            0x0800fbef    0x62  Code  Gb  stm32f107.o [1]
TAMPER_IRQHandler       0x08011241          Code  Wk  startup_stm32f10x_cl.o [1]
TCPTimer                0x2000ede4     0x4  Data  Gb  netconf.o [1]
TI1_Config              0x08010449    0x38  Code  Lc  stm32f10x_tim.o [1]
TI2_Config              0x08010481    0x42  Code  Lc  stm32f10x_tim.o [1]
TI3_Config              0x080104c3    0x42  Code  Lc  stm32f10x_tim.o [1]
TI4_Config              0x08010505    0x42  Code  Lc  stm32f10x_tim.o [1]
TIM1_BRK_IRQHandler     0x08011299          Code  Wk  startup_stm32f10x_cl.o [1]
TIM1_CC_IRQHandler      0x080112a5          Code  Wk  startup_stm32f10x_cl.o [1]
TIM1_TRG_COM_IRQHandler
                        0x080112a1          Code  Wk  startup_stm32f10x_cl.o [1]
TIM1_UP_IRQHandler      0x0801129d          Code  Wk  startup_stm32f10x_cl.o [1]
TIM2_IRQHandler         0x080112a9          Code  Wk  startup_stm32f10x_cl.o [1]
TIM3_IRQHandler         0x080112ad          Code  Wk  startup_stm32f10x_cl.o [1]
TIM4_IRQHandler         0x080112b1          Code  Wk  startup_stm32f10x_cl.o [1]
TIM5_IRQHandler         0x080112e5          Code  Wk  startup_stm32f10x_cl.o [1]
TIM6_IRQHandler         0x080112f5          Code  Wk  startup_stm32f10x_cl.o [1]
TIM7_IRQHandler         0x080112f9          Code  Wk  startup_stm32f10x_cl.o [1]
TIM_Cmd                 0x0801039f    0x1c  Code  Gb  stm32f10x_tim.o [1]
TIM_EncoderInterfaceConfig
                        0x080103bb    0x3e  Code  Gb  stm32f10x_tim.o [1]
TIM_ICInit              0x08010319    0x70  Code  Gb  stm32f10x_tim.o [1]
TIM_ICStructInit        0x08010389    0x16  Code  Gb  stm32f10x_tim.o [1]
TIM_SetCounter          0x080103f9     0x4  Code  Gb  stm32f10x_tim.o [1]
TIM_SetIC1Prescaler     0x080103fd    0x12  Code  Gb  stm32f10x_tim.o [1]
TIM_SetIC2Prescaler     0x0801040f    0x14  Code  Gb  stm32f10x_tim.o [1]
TIM_SetIC3Prescaler     0x08010423    0x12  Code  Gb  stm32f10x_tim.o [1]
TIM_SetIC4Prescaler     0x08010435    0x14  Code  Gb  stm32f10x_tim.o [1]
TIM_TimeBaseInit        0x080102d9    0x36  Code  Gb  stm32f10x_tim.o [1]
Time_Update             0x08010f57    0x44  Code  Gb  main.o [1]
Tx_Buff                 0x2000c114   0xbe0  Data  Gb  ethernetif.o [1]
UART4_IRQHandler        0x080112ed          Code  Wk  startup_stm32f10x_cl.o [1]
UART5_IRQHandler        0x080112f1          Code  Wk  startup_stm32f10x_cl.o [1]
USART1_IRQHandler       0x080112cd          Code  Wk  startup_stm32f10x_cl.o [1]
USART2_IRQHandler       0x080112d1          Code  Wk  startup_stm32f10x_cl.o [1]
USART3_IRQHandler       0x080112d5          Code  Wk  startup_stm32f10x_cl.o [1]
USART_Cmd               0x080100e5    0x1c  Code  Gb  stm32f10x_usart.o [1]
USART_Configuration     0x0800fa61    0x4e  Code  Gb  stm32f107.o [1]
USART_ITConfig          0x08010101    0x52  Code  Gb  stm32f10x_usart.o [1]
USART_Init              0x0801004d    0x90  Code  Gb  stm32f10x_usart.o [1]
UsageFault_Handler      0x08011115     0x2  Code  Gb  stm32f10x_it.o [1]
WWDG_IRQHandler         0x08011239          Code  Wk  startup_stm32f10x_cl.o [1]
__aeabi_memclr4         0x0800e749          Code  Gb  ABImemclr4.o [4]
__aeabi_memcpy          0x0800b401          Code  Gb  ABImemcpy.o [4]
__aeabi_memcpy4         0x0800b41b          Code  Gb  ABImemcpy.o [4]
__aeabi_memcpy8         0x0800b41b          Code  Gb  ABImemcpy.o [4]
__aeabi_memset          0x0800b471          Code  Gb  ABImemset.o [4]
__aeabi_memset4         0x0800e9b9          Code  Gb  ABImemset48.o [4]
__aeabi_memset8         0x0800e9b9          Code  Gb  ABImemset48.o [4]
__cmain                 0x080111c5          Code  Gb  cmain.o [4]
__exit                  0x080111f5    0x14  Code  Gb  exit.o [5]
__iar_Memset            0x0800b471          Code  Gb  ABImemset.o [4]
__iar_Memset4_word      0x0800e9c1          Code  Gb  ABImemset48.o [4]
__iar_Memset8_word      0x0800e9c1          Code  Gb  ABImemset48.o [4]
__iar_Memset_word       0x0800b479          Code  Gb  ABImemset.o [4]
__iar_copy_init3        0x0800acc3    0x2e  Code  Gb  copy_init3.o [4]
__iar_data_init3        0x08011175    0x2c  Code  Gb  data_init3.o [4]
__iar_program_start     0x08011209          Code  Gb  cstartup_M.o [4]
__iar_zero_init3        0x0800b077    0x22  Code  Gb  zero_init3.o [4]
__low_level_init        0x080111db     0x4  Code  Gb  low_level_init.o [3]
__vector_table          0x08000000          Data  Gb  startup_stm32f10x_cl.o [1]
_call_main              0x080111d1          Code  Gb  cmain.o [4]
_exit                   0x080111e9          Code  Gb  cexit.o [4]
_main                   0x080111d7          Code  Gb  cmain.o [4]
ackno                   0x2000ee28     0x4  Data  Lc  tcp_in.o [1]
arp_table               0x2000eb28    0xc8  Data  Lc  etharp.o [1]
beltMoudlestate         0x200053ac  0x27b0  Data  Gb  data.o [1]
buf                     0x2000d4dc   0x5e0  Data  Lc  ip_frag.o [1]
canSendQueue            0x2000ed98     0xc  Data  Gb  can_bus.o [1]
canSendQueueBuff        0x2000dea4   0x2bc  Data  Gb  can_bus.o [1]
can_bus_frame_receive   0x0800d89f   0x178  Code  Gb  can_bus.o [1]
can_bus_send_msg        0x0800da17    0xdc  Code  Gb  can_bus.o [1]
can_bus_send_one_frame  0x0800d751    0x68  Code  Gb  can_bus.o [1]
can_recv_buff           0x2000e934   0x12c  Data  Gb  can_bus.o [1]
can_recv_len            0x2000ee38     0x2  Data  Gb  can_bus.o [1]
can_send_frame_process  0x0800daf3    0x4a  Code  Gb  can_bus.o [1]
canbus_read_user_moudlepara
                        0x0800dba1    0x32  Code  Gb  can_bus.o [1]
canbus_readpara_buff    0x2000ea60    0xc8  Data  Gb  can_bus.o [1]
canbus_readpara_len     0x2000ee3c     0x2  Data  Gb  can_bus.o [1]
canbus_recv_can_msg     0x0800d87d    0x22  Code  Gb  can_bus.o [1]
canbus_recv_read_moudlepara
                        0x0800dbd3    0x32  Code  Gb  can_bus.o [1]
canbus_send_user_moudlepara
                        0x0800db3d    0x64  Code  Gb  can_bus.o [1]
cansend_framecnt_one    0x2000e160   0x1fc  Data  Gb  logic_ctrl.o [1]
cansend_framecnt_rise   0x2000e558   0x1fc  Data  Gb  logic_ctrl.o [1]
cansend_framecnt_two    0x2000e35c   0x1fc  Data  Gb  logic_ctrl.o [1]
creat_udp_connect_process
                        0x08010785    0x92  Code  Gb  udpclient.o [1]
current_header          0x2000edcc     0x4  Data  Lc  ip.o [1]
current_netif           0x2000edc8     0x4  Data  Lc  ip.o [1]
data_addto_pkg_list     0x0800dd47   0x134  Code  Gb  data.o [1]
data_config_moudle_rundir
                        0x0800df69   0x144  Code  Gb  data.o [1]
data_find_ctrl_status   0x0800dead    0x58  Code  Gb  data.o [1]
data_find_nearzone_direction
                        0x0800df19    0x50  Code  Gb  data.o [1]
data_find_zone_moudlestate
                        0x0800de7b    0x32  Code  Gb  data.o [1]
data_msg_init           0x0800dc85    0x7a  Code  Gb  data.o [1]
data_pkg_list_init      0x0800dcff    0x48  Code  Gb  data.o [1]
delay                   0x0800e205    0x1c  Code  Lc  stm32f10x_flash.o [1]
enQueue                 0x0800cd83    0x32  Code  Gb  fun.o [1]
etharp_arp_input        0x0800c723   0x156  Code  Gb  etharp.o [1]
etharp_cached_entry     0x2000ee50     0x1  Data  Lc  etharp.o [1]
etharp_ip_input         0x0800c6fd    0x26  Code  Gb  etharp.o [1]
etharp_output           0x0800c879    0xc0  Code  Gb  etharp.o [1]
etharp_query            0x0800c939   0x1ac  Code  Gb  etharp.o [1]
etharp_raw              0x0800caed    0xf0  Code  Lc  etharp.o [1]
etharp_request          0x0800cbdd    0x28  Code  Gb  etharp.o [1]
etharp_send_ip          0x0800c5b9    0x40  Code  Lc  etharp.o [1]
etharp_tmr              0x0800c285    0xba  Code  Gb  etharp.o [1]
ethbroadcast            0x0800cc68     0x8  Data  Gb  etharp.o [1]
ethernet_input          0x0800cc05    0x62  Code  Gb  etharp.o [1]
ethernetif_init         0x08010c97    0x3c  Code  Gb  ethernetif.o [1]
ethernetif_input        0x08010c63    0x34  Code  Gb  ethernetif.o [1]
ethzero                 0x0800cc70     0x8  Data  Gb  etharp.o [1]
exit                    0x080111df     0x8  Code  Gb  exit.o [3]
find_entry              0x0800c33f   0x27a  Code  Lc  etharp.o [1]
flags                   0x2000ee56     0x1  Data  Lc  tcp_in.o [1]
free_etharp_q           0x0800c25d    0x28  Code  Lc  etharp.o [1]
funOnlineCtrl           0x2000edb8     0x8  Data  Gb  fun.o [1]
fun_recv_beltMoudle_para
                        0x0800ce05     0xa  Code  Gb  fun.o [1]
fun_struct_init         0x0800cd41    0x32  Code  Gb  fun.o [1]
funrec_zoneConfig_cmd   0x0800ce0f   0x194  Code  Gb  fun.o [1]
funrecv_pkg_state_cmd   0x0800d01b    0x58  Code  Gb  fun.o [1]
funrecv_pkg_trans_cmd   0x0800cfa3    0x78  Code  Gb  fun.o [1]
funrecv_start_stop_moudle
                        0x0800d073   0x166  Code  Gb  fun.o [1]
g_SegBytes              0x2000ee3a     0x2  Data  Gb  can_bus.o [1]
g_SegNum                0x2000ee4f     0x1  Data  Gb  can_bus.o [1]
g_SegPolo               0x2000ee4e     0x1  Data  Gb  can_bus.o [1]
get_ip_para_process     0x08010aad    0x64  Code  Gb  udpclient.o [1]
htonl                   0x08009373    0x18  Code  Gb  inet.o [1]
htons                   0x0800935d     0xc  Code  Gb  inet.o [1]
icmp_dest_unreach       0x0800c1d3     0xe  Code  Gb  icmp.o [1]
icmp_input              0x0800c065   0x16e  Code  Gb  icmp.o [1]
icmp_send_response      0x0800c1ef    0x6e  Code  Lc  icmp.o [1]
icmp_time_exceeded      0x0800c1e1     0xe  Code  Gb  icmp.o [1]
inet_chksum             0x0800ccc3     0xe  Code  Gb  inet_chksum.o [1]
inet_chksum_pbuf        0x0800ccd1    0x54  Code  Gb  inet_chksum.o [1]
initQueue               0x0800cd73    0x10  Code  Gb  fun.o [1]
inseg                   0x2000ed84    0x14  Data  Lc  tcp_in.o [1]
ip_addr_any             0x08009958     0x4  Data  Gb  ip_addr.o [1]
ip_addr_isbroadcast     0x08009909    0x50  Code  Gb  ip_addr.o [1]
ip_frag                 0x0800ba77   0x16a  Code  Gb  ip_frag.o [1]
ip_input                0x0800b0e5   0x19e  Code  Gb  ip.o [1]
ip_output               0x0800b3c5    0x3c  Code  Gb  ip.o [1]
ip_output_if            0x0800b283   0x12c  Code  Gb  ip.o [1]
ip_reass                0x0800b8d1   0x1a6  Code  Gb  ip_frag.o [1]
ip_reass_chain_frag_into_datagram_and_validate
                        0x0800b797   0x13a  Code  Lc  ip_frag.o [1]
ip_reass_dequeue_datagram
                        0x0800b771    0x26  Code  Lc  ip_frag.o [1]
ip_reass_enqueue_new_datagram
                        0x0800b717    0x5a  Code  Lc  ip_frag.o [1]
ip_reass_free_complete_datagram
                        0x0800b619    0x86  Code  Lc  ip_frag.o [1]
ip_reass_pbufcount      0x2000ee48     0x2  Data  Lc  ip_frag.o [1]
ip_reass_remove_oldest_datagram
                        0x0800b69f    0x78  Code  Lc  ip_frag.o [1]
ip_route                0x0800b099    0x4c  Code  Gb  ip.o [1]
iphdr                   0x2000ee20     0x4  Data  Lc  tcp_in.o [1]
lfree                   0x2000ede0     0x4  Data  Lc  mem.o [1]
local_station           0x2000ee51     0x1  Data  Gb  main.o [1]
logic_pkg_trans_process
                        0x0800e9f1   0x8fc  Code  Gb  logic_ctrl.o [1]
low_level_init          0x08010b51    0x8c  Code  Lc  ethernetif.o [1]
low_level_input         0x08010c0b    0x58  Code  Lc  ethernetif.o [1]
low_level_output        0x08010bdd    0x2e  Code  Lc  ethernetif.o [1]
lwip_standard_chksum    0x0800cc79    0x4a  Code  Lc  inet_chksum.o [1]
mac_addr                0x2000edc0     0x8  Data  Gb  main.o [1]
main                    0x08010f15    0x42  Code  Gb  main.o [1]
main_init_msg           0x08010f9b    0x20  Code  Gb  main.o [1]
main_onems_process      0x08010fbb    0x32  Code  Gb  main.o [1]
mem_free                0x0800add5    0x4a  Code  Gb  mem.o [1]
mem_init                0x0800ad81    0x54  Code  Gb  mem.o [1]
mem_malloc              0x0800af21   0x11e  Code  Gb  mem.o [1]
mem_realloc             0x0800ae1f   0x102  Code  Gb  mem.o [1]
mem_sem                 0x2000ee53     0x1  Data  Lc  mem.o [1]
memcpy                  0x0800b055     0xe  Code  Gb  tcp_out.o [1]
memp_free               0x0800a227    0x24  Code  Gb  memp.o [1]
memp_init               0x0800a199    0x5e  Code  Gb  memp.o [1]
memp_malloc             0x0800a1f7    0x30  Code  Gb  memp.o [1]
memp_memory             0x20002aec  0x28c0  Data  Lc  memp.o [1]
memp_num                0x0800a268    0x14  Data  Lc  memp.o [1]
memp_sizes              0x0800a254    0x14  Data  Lc  memp.o [1]
memp_tab                0x2000ed28    0x24  Data  Lc  memp.o [1]
memset                  0x0800b063    0x14  Code  Gb  udp.o [1]
module_status_recv_process
                        0x0800d7ef    0x8e  Code  Gb  can_bus.o [1]
msgQueueBuff            0x2000ebf0    0xc8  Data  Gb  fun.o [1]
msgSendQueue            0x2000eda4     0xc  Data  Gb  fun.o [1]
netif                   0x2000ecf8    0x30  Data  Gb  netconf.o [1]
netif_add               0x0800b4d9    0x52  Code  Gb  netif.o [1]
netif_default           0x2000edf0     0x4  Data  Gb  netif.o [1]
netif_is_up             0x0800b60f     0xa  Code  Gb  netif.o [1]
netif_list              0x2000edec     0x4  Data  Gb  netif.o [1]
netif_set_addr          0x0800b52b    0x20  Code  Gb  netif.o [1]
netif_set_default       0x0800b5cd     0x6  Code  Gb  netif.o [1]
netif_set_gw            0x0800b5b1     0xe  Code  Gb  netif.o [1]
netif_set_ipaddr        0x0800b54b    0x66  Code  Gb  netif.o [1]
netif_set_netmask       0x0800b5bf     0xe  Code  Gb  netif.o [1]
netif_set_up            0x0800b5e9    0x26  Code  Gb  netif.o [1]
ntohl                   0x0800938b     0x8  Code  Gb  inet.o [1]
ntohs                   0x08009369     0xa  Code  Gb  inet.o [1]
onems_flag              0x2000ee52     0x1  Data  Gb  main.o [1]
outQueue                0x0800cdb5    0x26  Code  Gb  fun.o [1]
para_data_recv_process  0x0800d7b9    0x36  Code  Gb  can_bus.o [1]
pbuf_alloc              0x08009393   0x1ac  Code  Gb  pbuf.o [1]
pbuf_cat                0x080096e9    0x32  Code  Gb  pbuf.o [1]
pbuf_chain              0x0800971b    0x12  Code  Gb  pbuf.o [1]
pbuf_clen               0x080096cb    0x12  Code  Gb  pbuf.o [1]
pbuf_copy               0x0800972d    0xbe  Code  Gb  pbuf.o [1]
pbuf_copy_partial       0x080097eb    0x98  Code  Gb  pbuf.o [1]
pbuf_free               0x08009655    0x76  Code  Gb  pbuf.o [1]
pbuf_header             0x080095c1    0x94  Code  Gb  pbuf.o [1]
pbuf_realloc            0x0800953f    0x82  Code  Gb  pbuf.o [1]
pbuf_ref                0x080096dd     0xc  Code  Gb  pbuf.o [1]
pbuf_take               0x08009883    0x86  Code  Gb  pbuf.o [1]
pgkNodeDateItem         0x2000001c  0x2ad0  Data  Gb  data.o [1]
pkgNodeListItem         0x2000e754   0x1e0  Data  Gb  data.o [1]
pkg_list                0x2000ed6c    0x18  Data  Gb  list.o [1]
plug_holes              0x0800acf1    0x90  Code  Lc  mem.o [1]
ram                     0x2000edd8     0x4  Data  Lc  mem.o [1]
ram_end                 0x2000eddc     0x4  Data  Lc  mem.o [1]
ram_heap                0x20007b5c  0x2014  Data  Lc  mem.o [1]
raw_input               0x0800bbf1    0x82  Code  Gb  raw.o [1]
raw_pcbs                0x2000edf4     0x4  Data  Lc  raw.o [1]
read_mac_addrs          0x08010df1    0x4a  Code  Gb  main.o [1]
reassdatagrams          0x2000edd0     0x4  Data  Lc  ip_frag.o [1]
recv_data               0x2000ee2c     0x4  Data  Lc  tcp_in.o [1]
recv_flags              0x2000ee57     0x1  Data  Lc  tcp_in.o [1]
recv_message_from_server
                        0x0800d2fb    0x24  Code  Gb  fun.o [1]
recv_msg_check          0x0800d1d9    0x4a  Code  Gb  fun.o [1]
recv_msg_process        0x0800d223    0xd8  Code  Gb  fun.o [1]
scan_local_station      0x08010e3b    0xaa  Code  Gb  main.o [1]
sec_flag                0x2000ee4a     0x2  Data  Gb  main.o [1]
sec_process             0x08010ee5    0x30  Code  Gb  main.o [1]
sec_reg                 0x20000018     0x2  Data  Gb  main.o [1]
send_bdonline_msg       0x0800d359    0x74  Code  Gb  fun.o [1]
send_message_to_server  0x0800d4bd    0x96  Code  Gb  fun.o [1]
send_msg_module_status_cmd
                        0x0800d43f    0x7e  Code  Gb  fun.o [1]
send_normal_relpy_msg   0x0800d31f    0x3a  Code  Gb  fun.o [1]
send_reply_read_para_cmd
                        0x0800d3cd    0x72  Code  Gb  fun.o [1]
seqno                   0x2000ee24     0x4  Data  Lc  tcp_in.o [1]
tcp_abandon             0x08009a9b    0xb0  Code  Gb  tcp.o [1]
tcp_active_pcbs         0x2000ee10     0x4  Data  Gb  tcp.o [1]
tcp_alloc               0x08009f97    0xb6  Code  Gb  tcp.o [1]
tcp_backoff             0x0800a180    0x10  Data  Gb  tcp.o [1]
tcp_bound_pcbs          0x2000ee08     0x4  Data  Gb  tcp.o [1]
tcp_client_list         0x2000ccf4   0x7e8  Data  Gb  udpclient.o [1]
tcp_close               0x0800997b   0x120  Code  Gb  tcp.o [1]
tcp_eff_send_mss        0x0800a159    0x28  Code  Gb  tcp.o [1]
tcp_enqueue             0x0800a30d   0x48e  Code  Gb  tcp_out.o [1]
tcp_fasttmr             0x08009e4d    0x6e  Code  Gb  tcp.o [1]
tcp_input               0x08008001   0x4bc  Code  Gb  tcp_in.o [1]
tcp_input_pcb           0x2000ee30     0x4  Data  Gb  tcp_in.o [1]
tcp_keepalive           0x0800ac1f    0x4a  Code  Gb  tcp_out.o [1]
tcp_kill_prio           0x08009f19    0x4a  Code  Lc  tcp.o [1]
tcp_kill_timewait       0x08009f63    0x34  Code  Lc  tcp.o [1]
tcp_listen_input        0x080084bd   0x146  Code  Lc  tcp_in.o [1]
tcp_listen_pcbs         0x2000ee0c     0x4  Data  Gb  tcp.o [1]
tcp_next_iss            0x0800a113    0x14  Code  Gb  tcp.o [1]
tcp_output              0x0800a79b   0x26c  Code  Gb  tcp_out.o [1]
tcp_output_segment      0x0800aa07    0xbe  Code  Lc  tcp_out.o [1]
tcp_output_set_header   0x0800a27d    0x76  Code  Lc  tcp_out.o [1]
tcp_parseopt            0x08009289    0xae  Code  Lc  tcp_in.o [1]
tcp_pcb_purge           0x0800a04d    0x3a  Code  Gb  tcp.o [1]
tcp_pcb_remove          0x0800a087    0x8c  Code  Gb  tcp.o [1]
tcp_persist_backoff     0x0800a190     0x8  Data  Gb  tcp.o [1]
tcp_process             0x08008651   0x550  Code  Lc  tcp_in.o [1]
tcp_receive             0x08008bd5   0x6ae  Code  Lc  tcp_in.o [1]
tcp_recv_null           0x08009efb    0x1e  Code  Lc  tcp.o [1]
tcp_rexmit              0x0800abcb    0x54  Code  Gb  tcp_out.o [1]
tcp_rexmit_rto          0x0800ab97    0x34  Code  Gb  tcp_out.o [1]
tcp_rst                 0x0800aad1    0xc6  Code  Gb  tcp_out.o [1]
tcp_seg_free            0x08009ed5    0x26  Code  Gb  tcp.o [1]
tcp_segs_free           0x08009ebb    0x1a  Code  Gb  tcp.o [1]
tcp_send_ctrl           0x0800a2f3    0x1a  Code  Gb  tcp_out.o [1]
tcp_slowtmr             0x08009b83   0x2ca  Code  Gb  tcp.o [1]
tcp_ticks               0x2000ee04     0x4  Data  Gb  tcp.o [1]
tcp_timer               0x2000ee55     0x1  Data  Lc  tcp.o [1]
tcp_timewait_input      0x08008603    0x4e  Code  Lc  tcp_in.o [1]
tcp_tmp_pcb             0x2000ee18     0x4  Data  Gb  tcp.o [1]
tcp_tmr                 0x0800995d    0x1e  Code  Gb  tcp.o [1]
tcp_tw_pcbs             0x2000ee14     0x4  Data  Gb  tcp.o [1]
tcp_update_rcv_ann_wnd  0x08009b4b    0x38  Code  Gb  tcp.o [1]
tcp_zero_window_probe   0x0800ac69    0x5a  Code  Gb  tcp_out.o [1]
tcphdr                  0x2000ee1c     0x4  Data  Lc  tcp_in.o [1]
tcplen                  0x2000ee4c     0x2  Data  Lc  tcp_in.o [1]
udp_bind                0x0800bf69    0x78  Code  Gb  udp.o [1]
udp_client_process      0x08010a49    0x64  Code  Gb  udpclient.o [1]
udp_connect             0x0800bfe1    0x5a  Code  Gb  udp.o [1]
udp_echoclient_connect  0x08010817    0xe4  Code  Gb  udpclient.o [1]
udp_input               0x0800bc79   0x1c6  Code  Gb  udp.o [1]
udp_new                 0x0800c045    0x20  Code  Gb  udp.o [1]
udp_pcbs                0x2000ee34     0x4  Data  Gb  udp.o [1]
udp_receive_callback    0x080108fb    0xe8  Code  Gb  udpclient.o [1]
udp_recv                0x0800c03b     0x6  Code  Gb  udp.o [1]
udp_send                0x0800be3f     0xc  Code  Gb  udp.o [1]
udp_send_process        0x080109e3    0x66  Code  Gb  udpclient.o [1]
udp_sendto              0x0800be4b    0x2c  Code  Gb  udp.o [1]
udp_sendto_if           0x0800be77    0xf2  Code  Gb  udp.o [1]
update_arp_entry        0x0800c5f9   0x104  Code  Lc  etharp.o [1]
upload_motostate_buff   0x2000dabc   0x3e8  Data  Gb  fun.o [1]
upload_moudle_state     0x0800d553   0x154  Code  Gb  fun.o [1]
upload_pkg_cnt          0x2000ee44     0x2  Data  Gb  fun.o [1]
upload_state_cnt        0x2000ee42     0x2  Data  Gb  fun.o [1]
upload_state_flag       0x2000ee40     0x2  Data  Gb  fun.o [1]
uxListRemove            0x0800e7b3    0x1e  Code  Gb  list.o [1]
vListInitialise         0x0800e74f    0x22  Code  Gb  list.o [1]
vListInitialiseItem     0x0800e771     0x6  Code  Gb  list.o [1]
vListInsert             0x0800e777    0x3c  Code  Gb  list.o [1]
vcanbus_send_start_cmd  0x0800dc05    0x50  Code  Gb  can_bus.o [1]
zoneConfig              0x2000b330   0xde4  Data  Gb  data.o [1]
zonestate_index         0x2000ee3e     0x2  Data  Gb  fun.o [1]


[1] = E:\rollerconveyor\rollerconveyerv1.0.0.2\EXP_IOT_CTRL_PROJECT_V1_1_T20220614\Project\EWARMv5\STM3210C-EVAL\Obj
[2] = command line
[3] = dl7M_tlf.a
[4] = rt7M_tl.a
[5] = shb_l.a

  37 976 bytes of readonly  code memory
      64 bytes of readonly  data memory
  65 112 bytes of readwrite data memory

Errors: none
Warnings: none
